06-28 16:08:19.589  1273  1273 E QC2V4l2Driver: [heicE_0] queryControl: failed for control id 990a80
06-28 16:08:19.589  1273  1273 E VendorCaps: ChromaQPOffsetHelper: queryParamRanges failed
06-28 16:08:19.589  1273  1273 E QC2V4l2Caps: queryControl: unknown paramType 0x5200c02f
06-28 16:08:19.589  1273  1273 E VendorCaps: DynamicFrameRateHelper: queryParamRanges failed
06-28 16:08:19.589  1273  1273 E VendorCaps: Failed to read platform max temporal layers for P-frames
06-28 16:08:19.589  1273  1273 E VendorCaps: Failed to read platform max temporal layers for B-frames
06-28 16:08:19.589  1273  1273 E QC2V4l2Caps: queryParamRanges: unknown paramType 0x5200c047
06-28 16:08:19.589  1273  1273 E VendorCaps: PeakBitrateHelper: queryParamRanges failed
06-28 16:08:19.591  1273  1273 E QC2V4l2Driver: Invalid device driver fd:-1
06-28 16:08:19.597  1273  1273 E QC2CompStore: couldn't describe 16386
06-28 16:08:19.597  1273  1273 E QC2CompStore: couldn't describe 81945
06-28 16:08:19.597  1273  1273 E QC2CompStore: couldn't describe 81925
06-28 16:08:19.657  1545  1545 E PerMgrProxy: Starting pm-proxy service
06-28 16:08:19.665  1314  1548 E power   : Failed to get SystemSuspend service
06-28 16:08:20.005  1345  1549 E DolbyLayer: Error: No Found config file
06-28 16:08:20.005  1345  1549 E DVConfigParser: Could not find or zero size dolby vision config file
06-28 16:08:20.015  1345  1549 E DoviLutGenCtxt: SW-IDK version is DOVI_CONTROL_LIB_VERSION = 5.0.0::DOVI_CONTROL_CFG_VERSION = 5
06-28 16:08:20.015  1345  1549 E LutGenAlloc: DM Lut Info:
06-28 16:08:20.015  1345  1549 E LutGenAlloc: 	Lut Size = 17x17x17
06-28 16:08:20.015  1345  1549 E LutGenAlloc: 	Lut Format = 16bit-unsigned
06-28 16:08:20.015  1345  1549 E LutGenAlloc: 	Lut Components = 3
06-28 16:08:20.015  1345  1549 E LutGenAlloc: 	Lut EntrySize(bytes)  = 6
06-28 16:08:20.016  1345  1549 E LutGenAlloc: DM ICSC Lut Info:
06-28 16:08:20.016  1345  1549 E LutGenAlloc: 	Lut Size = 17x17x17
06-28 16:08:20.016  1345  1549 E LutGenAlloc: 	Lut Format = FLOAT
06-28 16:08:20.016  1345  1549 E LutGenAlloc: 	Lut Components = 4
06-28 16:08:20.016  1345  1549 E LutGenAlloc: 	Lut EntrySize(bytes)  = 16
06-28 16:08:20.016  1345  1549 E LutGenAlloc: Composer Lut Info:
06-28 16:08:20.016  1345  1549 E LutGenAlloc: 	Lut Size = 17x17x17
06-28 16:08:20.016  1345  1549 E LutGenAlloc: 	Lut Format = 16bit-unsigned
06-28 16:08:20.016  1345  1549 E LutGenAlloc: 	Lut Components = 3
06-28 16:08:20.016  1345  1549 E LutGenAlloc: 	Lut EntrySize(bytes)  = 6
06-28 16:08:20.016  1345  1549 E LutGenAlloc: Combo Lut Info:
06-28 16:08:20.016  1345  1549 E LutGenAlloc: 	Lut Size = 17x17x17
06-28 16:08:20.016  1345  1549 E LutGenAlloc: 	Lut Format = 16bit-unsigned
06-28 16:08:20.016  1345  1549 E LutGenAlloc: 	Lut Components = 4
06-28 16:08:20.016  1345  1549 E LutGenAlloc: 	Lut EntrySize(bytes)  = 8
06-28 16:08:20.016  1345  1549 E DolbyLayer: Panel Max/Min Luminance = 100.000000 0.005000
06-28 16:08:20.016  1345  1549 E DolbyLayer: Ambient =  0.000000 
06-28 16:08:20.016  1345  1549 E DolbyLayer: Gamma =  2.200000 
06-28 16:08:20.016  1345  1549 E DolbyLayer: EOTF =  POWER 
06-28 16:08:20.016  1345  1549 E DolbyLayer: PQTuning Enabled =  0 
06-28 16:08:20.016  1345  1549 E DolbyLayer: Processing non-DV HLG Enabled =  1 
06-28 16:08:20.016  1345  1549 E DolbyLayer: Backlight Update Required =  0 
06-28 16:08:20.017  1345  1549 E vndksupport: Could not load mapper.qti.so from sphal namespace: dlopen failed: library "mapper.qti.so" not found.
06-28 16:08:20.017  1345  1549 E RenderEngine: Failed to load mapper.qti.so
06-28 16:08:20.045  1194  1194 E linker  : normalize_path - invalid input: "D", the input path should be absolute
06-28 16:08:20.045  1194  1194 E linker  : normalize_path - invalid input: "\android_tool\android-ndk-r18b\toolchains\llvm\prebuilt\windows-x86_64\lib64\clang\7.0.2\lib\linux\aarch64", the input path should be absolute
06-28 16:08:20.050  1314  1314 E QSEECOMAPI: Error::Cannot de-alloc memory. priv handle is NULL!!.
06-28 16:08:20.072  1345  1345 E HWComposer: Error in fetching HDR conversion capabilities Unsupported
06-28 16:08:20.115  1632  1632 E [qseelogd]: Debug policy not flash, exited!
06-28 16:08:20.143  1314  1314 E QSEECOMAPI: Error::Cannot de-alloc memory. priv handle is NULL!!.
06-28 16:08:20.149  1314  1314 E MTService: device feature state =  191
06-28 16:08:20.155  1194  1194 E linker  : normalize_path - invalid input: "D", the input path should be absolute
06-28 16:08:20.155  1194  1194 E linker  : normalize_path - invalid input: "\android_tool\android-ndk-r18b\toolchains\llvm\prebuilt\windows-x86_64\lib64\clang\7.0.2\lib\linux\aarch64", the input path should be absolute
06-28 16:08:20.186  1630  1630 E mcd     : CGroup not supported on the device.
06-28 16:08:20.186  1630  1630 E mcd     : CGroup not supported on the device.
06-28 16:08:20.186  1630  1630 E mcd     : CGroup freezer not supported on the device.
06-28 16:08:20.186  1630  1630 E mcd     : CGroup freezer not supported on the device.
06-28 16:08:20.210  1630  1630 E octvm   : new group failed for sys_critical, No such file or directory
06-28 16:08:20.217  1637  1637 E KeymasterUtils: TA API Major Version: 4
06-28 16:08:20.218  1637  1637 E KeymasterUtils: TA API Minor Version: 1
06-28 16:08:20.218  1637  1637 E KeymasterUtils: TA Major Version: 4
06-28 16:08:20.218  1637  1637 E KeymasterUtils: TA Minor Version: 1012
06-28 16:08:20.237  1314  1314 E QSEECOMAPI: Error::Cannot de-alloc memory. priv handle is NULL!!.
06-28 16:08:20.343  1345  1345 E ComposerExtn: SmoMoUtils::IsFuseSkuEnabled: Unable to open fuse file
06-28 16:08:20.348  1345  1345 E vndksupport: Could not load mapper.qti.so from sphal namespace: dlopen failed: library "mapper.qti.so" not found.
06-28 16:08:20.348  1345  1345 E ComposerExtn: SmoMoSetting::LoadSettingFromFile: Failed to load mode setting file: /vendor/etc/smomo_setting.xml
06-28 16:08:20.348  1345  1345 E ComposerExtn: SmoMoSetting::LoadSettingFromFile: Failed to load layer whitelist setting file: /vendor/etc/smomo_setting.xml
06-28 16:08:20.388  1345  1345 E QtiSurfaceFlingerExtension: DisplayConfig AIDL is not present
06-28 16:08:20.392  1194  1698 E libjingle: [000:004] [2025-06-28 13:08:20 +0000.392485][6a2] Error(thread.cc:348): Set the pthread name failed with error:34 name:Thread 0x0x7ae05e60d8
06-28 16:08:20.392  1194  1697 E libjingle: [000:004] [2025-06-28 13:08:20 +0000.392731][6a1] Error(thread.cc:348): Set the pthread name failed with error:34 name:Thread 0x0xb400007bf7
06-28 16:08:20.395  1345  1345 E ComposerExtn: Failed to load level to fps Setting xml file!
06-28 16:08:20.395  1345  1345 E ComposerExtn: DisplayExtnImpl::TryUnifiedDraw: Spec fence is not supported on display 0
06-28 16:08:20.396  1345  1345 E SurfaceFlingerFunctionTimer: Failed to change permissions on /data/misc/display/SFFuncBufferdump1.txt directory
06-28 16:08:20.396  1345  1345 E SurfaceFlingerFunctionTimer: Failed to change permissions on /data/misc/display/SFFuncBufferdump2.txt directory
06-28 16:08:20.397  1345  1703 E MI-SF   : could not open /dev/mi_display/disp_feature
06-28 16:08:20.402  1194  1702 E libjingle: [000:013] [2025-06-28 13:08:20 +0000.402251][6a6] Error(thread.cc:348): Set the pthread name failed with error:34 name:Thread 0x0xb400007bf7
06-28 16:08:20.403  1345  1705 E MI-SF   : open /dev/mi_display/disp_feature failed
06-28 16:08:20.404  1345  1345 E MI-SF   : getAffinity ro.miui.affinity.sfuireset = 0-7
06-28 16:08:20.404  1345  1345 E MI-SF   : getAffinityLimits return 1
06-28 16:08:20.404  1345  1345 E MI-SF   : getAffinity ro.miui.affinity.gameisforground = 0-3
06-28 16:08:20.404  1345  1345 E MI-SF   : getAffinityLimits return 1
06-28 16:08:20.404  1345  1345 E MI-SF   : getAffinity ro.miui.affinity.sfui = 8-8
06-28 16:08:20.404  1345  1345 E MI-SF   : getAffinityLimits return 0
06-28 16:08:20.404  1345  1345 E MI-SF   : getAffinity ro.miui.affinity.sfre = 8-8
06-28 16:08:20.404  1345  1345 E MI-SF   : getAffinityLimits return 0
06-28 16:08:20.406  1345  1708 E MI-SF	 : TouchMonitorThread: open /dev/input failed
06-28 16:08:20.407  1345  1345 E MI-SF   : Mi hwc AIDL is not present
06-28 16:08:20.458  1675  1675 E Diag_Lib: diag: Diag_LSM_Init: invoked for pid: 1675 with init_count: 0
06-28 16:08:20.464  1177  1177 E Diag-Router: diag: unix_listen: dm with pid: 1675 and fd: 82 is registered, socket_counter: 3
06-28 16:08:20.465  1675  1675 E Diag_Lib: diag:successfully connected to socket 4
06-28 16:08:20.467  1675  1675 E Diag_Lib: diag: Diag_LSM_Init: done for pid: 1675 with init_count: 1
06-28 16:08:20.760  1766  1766 E Diag_Lib: diag: Diag_LSM_Init: invoked for pid: 1766 with init_count: 0
06-28 16:08:20.765  1672  1672 E Diag_Lib: diag: Diag_LSM_Init: invoked for pid: 1672 with init_count: 0
06-28 16:08:20.766  1177  1177 E Diag-Router: diag: unix_listen: dm with pid: 1672 and fd: 83 is registered, socket_counter: 4
06-28 16:08:20.767  1672  1672 E Diag_Lib: diag:successfully connected to socket 4
06-28 16:08:20.769  1177  1177 E Diag-Router: diag: unix_listen: dm with pid: 1766 and fd: 84 is registered, socket_counter: 5
06-28 16:08:20.769  1766  1766 E Diag_Lib: diag:successfully connected to socket 4
06-28 16:08:20.770  1672  1672 E Diag_Lib: diag: Diag_LSM_Init: done for pid: 1672 with init_count: 1
06-28 16:08:20.775  1766  1766 E Diag_Lib: diag: Diag_LSM_Init: done for pid: 1766 with init_count: 1
06-28 16:08:20.792  1670  1670 E Diag_Lib: diag: Diag_LSM_Init: invoked for pid: 1670 with init_count: 0
06-28 16:08:20.792  1177  1177 E Diag-Router: diag: unix_listen: dm with pid: 1670 and fd: 85 is registered, socket_counter: 6
06-28 16:08:20.812  1670  1670 E Diag_Lib: diag:successfully connected to socket 4
06-28 16:08:20.818  1670  1670 E Diag_Lib: diag: Diag_LSM_Init: done for pid: 1670 with init_count: 1
06-28 16:08:20.827  1756  1756 E wfdhdcphal: wfdhdcphalservice starting...
06-28 16:08:20.854  1762  1762 E Diag_Lib: diag: Diag_LSM_Init: invoked for pid: 1762 with init_count: 0
06-28 16:08:20.855  1177  1177 E Diag-Router: diag: unix_listen: dm with pid: 1762 and fd: 86 is registered, socket_counter: 7
06-28 16:08:20.855  1762  1762 E Diag_Lib: diag:successfully connected to socket 4
06-28 16:08:20.855  1795  1795 E cdsprpcd: vendor/qcom/proprietary/adsprpc/src/cdsprpcd.c:37:cdsp daemon starting
06-28 16:08:20.861  1762  1762 E Diag_Lib: diag: Diag_LSM_Init: done for pid: 1762 with init_count: 1
06-28 16:08:20.861  1762  1762 E Diag_Lib: qpLogDiagInit <== result : 1;
06-28 16:08:20.862  1762  1762 E VIMSVT  : VT-Vendor:: enableImsADB 0, log_priority value 240
06-28 16:08:20.862  1762  1762 E Diag_Lib: [IMS_AP_RTP]"RTPService callback Registraton"
06-28 16:08:20.870  1795  1795 E cdsprpcd: vendor/qcom/proprietary/adsprpc/src/adsp_default_listener.c:67:adsp_default_listener_start started
06-28 16:08:21.021  1758  1758 E QCNEA   : Cne Version 4.9
06-28 16:08:21.022  1758  1758 E Diag_Lib: diag: Diag_LSM_Init: invoked for pid: 1758 with init_count: 0
06-28 16:08:21.023  1177  1177 E Diag-Router: diag: unix_listen: dm with pid: 1758 and fd: 87 is registered, socket_counter: 8
06-28 16:08:21.024  1758  1758 E Diag_Lib: diag:successfully connected to socket 5
06-28 16:08:21.028  1758  1758 E Diag_Lib: diag: Diag_LSM_Init: done for pid: 1758 with init_count: 1
06-28 16:08:21.032  1331  1352 E PerMgrSrv: failed to set release on shutdown for: /dev/remoteproc2
06-28 16:08:21.033  1791  1791 E qsap_qapeservice: Failed to connect to QESDK Manager (connection failed No such file or directory)
06-28 16:08:21.033  1791  1791 E ANDR-PERF-QESDK: Perf Client failed to init, exiting
06-28 16:08:21.033  1791  1791 E ANDR-PERF-QESDK: Fail to init perf qesdk client
06-28 16:08:21.059  1808  1808 E cnss-daemon: interop issues ap: read_iot_ap_file: No such file /data/vendor/wifi/iotap_ps.bin
06-28 16:08:21.059  1808  1808 E cnss-daemon: interop issues ap: read_iot_ap_ps_from_file, read file error
06-28 16:08:21.072  1792  1792 E adsprpcd: vendor/qcom/proprietary/adsprpc/src/adsprpcd.c:38:adsp daemon starting
06-28 16:08:21.077  1792  1792 E adsprpcd: vendor/qcom/proprietary/adsprpc/src/adsp_default_listener.c:67:adsp_default_listener_start started
06-28 16:08:21.077  1835  1835 F libc    : Fatal signal 6 (SIGABRT), code -1 (SI_QUEUE) in tid 1835 (init), pid 1835 (init)
06-28 16:08:21.087  1830  1830 E Minidump: lastlog magic 0 , no match 7813577597994363235
06-28 16:08:21.088  1830  1830 E Minidump: Normal boot, won't record md_history
06-28 16:08:21.108  1808  1808 E cnss-daemon: Couldn't resolve family id
06-28 16:08:21.108  1808  1808 E cnss-daemon: Failed to init genl between daemon and platform, continue
06-28 16:08:21.113  1808  1808 E cnss-daemon: no interop issues ap currently
06-28 16:08:21.122  1788  1788 E Diag_Lib: diag: Diag_LSM_Init: invoked for pid: 1788 with init_count: 0
06-28 16:08:21.123  1788  1788 E Diag_Lib: diag:successfully connected to socket 4
06-28 16:08:21.124  1177  1177 E Diag-Router: diag: unix_listen: dm with pid: 1788 and fd: 88 is registered, socket_counter: 9
06-28 16:08:21.130  1814  1814 E QCALOG  : [mlid] Failed to load libminksocket_vendor
06-28 16:08:21.130  1788  1788 E Diag_Lib: diag: Diag_LSM_Init: done for pid: 1788 with init_count: 1
06-28 16:08:21.130  1788  1788 E Diag_Lib: diag: Successfully registered commands with the driver
06-28 16:08:21.131  1788  1788 E QMS     : |QMS|213| Qms Starting
06-28 16:08:21.152  1815  1815 E LocSvc_utils_cfg: loc_read_process_conf:689]: Unrecognized value for GTP WAA Mode. Setting GTP WAA to default mode: DISABLED
06-28 16:08:21.185  1825  1825 E HAL     : [XMFP-dl]: load: path-> /odm/lib64/hw/fingerprint.fpc_fod.default.so
06-28 16:08:21.188  1207  1362 E IzatSvc_IzatManager: Exiting with error handleMsg line 696 "3"
06-28 16:08:21.188  1207  1362 E IzatSvc_IzatManager: Exiting with error handleMsg line 696 "3"
06-28 16:08:21.190  1815  1815 E LocSvc_launcher: Parent woken up!
06-28 16:08:21.190  1825  1825 E HAL     : [XMFP]: loaded HAL id=fingerprint path=/odm/lib64/hw/fingerprint.fpc_fod.default.so hmi=0x0 handle=0x31a5a9790ba8ab6f
06-28 16:08:21.198  1177  1177 E Diag-Router: diag: Empty read, Close logging pid: 1670, fd 85 
06-28 16:08:21.198  1177  1177 E Diag-Router: diag: diag_close_logging_process: Exiting client (pid: 0) is not an MD client
06-28 16:08:21.198  1177  1177 E Diag-Router: diag: While empty read socket counter:8
06-28 16:08:21.199  1769  1769 E Diag_Lib: diag: Diag_LSM_Init: invoked for pid: 1769 with init_count: 0
06-28 16:08:21.199  1177  1177 E Diag-Router: diag: unix_listen: dm with pid: 1769 and fd: 85 is registered, socket_counter: 9
06-28 16:08:21.200  1769  1769 E Diag_Lib: diag:successfully connected to socket 4
06-28 16:08:21.208  1177  1177 E Diag-Router: diag: diag_cntl_process_diag_id: received diag id request ctrl pkt from perif: modem
06-28 16:08:21.208  1177  1177 E Diag-Router: diag: diag_cntl_process_diag_id: sent diag id ctrl pkt with id: 6 for process: msm/modem/root_pd
06-28 16:08:21.208  1177  1177 E Diag-Router: diag: diag_config_perif_buf: Config request for buffering mode: 0
06-28 16:08:21.209  1769  1769 E Diag_Lib: diag: Diag_LSM_Init: done for pid: 1769 with init_count: 1
06-28 16:08:21.230  1222  1222 E android.hardware.usb.gadget@1.1-service-qti: mMonitor not running
06-28 16:08:21.233  1898  1898 F crash_dump64: crash_dump.cpp:771] failed to attach to thread 1835: Permission denied
06-28 16:08:21.233  1177  1177 E Diag-Router: diag: Empty read, Close logging pid: 1672, fd 83 
06-28 16:08:21.233  1177  1177 E Diag-Router: diag: diag_close_logging_process: Exiting client (pid: 0) is not an MD client
06-28 16:08:21.234  1177  1177 E Diag-Router: diag: While empty read socket counter:8
06-28 16:08:21.234   934   934 E tombstoned: unexpected dump type: kDebuggerdAnyIntercept
06-28 16:08:21.234   934   934 E tombstoned: failed to get crash output for type kDebuggerdAnyIntercept
06-28 16:08:21.236  1898  1898 E libc    : failed to read response to DumpRequest packet: No message of desired type
06-28 16:08:21.236  1898  1898 E crash_dump64: failed to connected to tombstoned to report failure
06-28 16:08:21.241  1835  1835 F libc    : crash_dump helper failed to exec, or was killed
06-28 16:08:21.241  1828  1885 E qcc-trd : write_to_enable_microdump unable to open /sys/module/microdump_collector/parameters/enable_microdump, err:13
06-28 16:08:21.268  1757  1757 E vndksupport: Could not load libstagefrightdolby.so from default namespace: dlopen failed: library "libstagefrightdolby.so" not found.
06-28 16:08:21.299  1882  1882 E LOWI-9.0.1.65: [LOWIDiagLog] Diag logging could not be enabled
06-28 16:08:21.302  1765  1765 E Diag_Lib: diag: Diag_LSM_Init: invoked for pid: 1765 with init_count: 0
06-28 16:08:21.303  1177  1177 E Diag-Router: diag: unix_listen: dm with pid: 1765 and fd: 83 is registered, socket_counter: 9
06-28 16:08:21.303  1765  1765 E Diag_Lib: diag:successfully connected to socket 4
06-28 16:08:21.314  1765  1765 E Diag_Lib: diag: Diag_LSM_Init: done for pid: 1765 with init_count: 1
06-28 16:08:21.314  1765  1765 E imsd    : ImsTimer.cpp | 21 | | 1765 |ImsTimer: ctor
06-28 16:08:21.314  1765  1765 E imsd    : ImsTimer.cpp | 39 | | 1765 |ImsTimer: initialize
06-28 16:08:21.314  1765  1765 E imsd    : ImsTimer.cpp | 47 | | 1765 |ImsTimer: initialize function returns true
06-28 16:08:21.314  1765  1765 E imsd    : ImsMain.cpp | 125 | | 1765 |ImsMain: ImsMain ctor [0x9a31b290]
06-28 16:08:21.314  1765  1765 E imsd    : DaemonBaseImpl.cpp | 89 | | 1765 |addFdToListen[9a31b2e0]: adding fd[7] status[0]
06-28 16:08:21.314  1765  1765 E imsd    : ImsMain.cpp | 1303 | | 1765 |ImsMain: getImsRcsSingleRegSupportStatus chipset = bengal, single Reg proprty status 1
06-28 16:08:21.314  1765  1765 E imsd    : ImsMain.cpp | 1320 | | 1765 |ImsMain: getImsRcsSingleRegSupportStatus supported = 1
06-28 16:08:21.314  1765  1765 E imsd    : main.cpp | 178 | | 1765 |IMS Daemon Main:Started ===
06-28 16:08:21.315  1765  1765 E imsd    : main.cpp | 150 | | 1765 |Register Signal Handler
06-28 16:08:21.315  1765  1765 E imsd    : ImsDsiNetCtrlClient.cpp | 45 | | 1765 |ImsDsiNetCtrlClient::getInstance localDB[0], inDb[9a31b2e0]
06-28 16:08:21.315  1765  1765 E imsd    : ImsDsiNetCtrlClient.cpp | 51 | | 1765 |ImsDsiNetCtrlClient::getInstance new Instance called for DB[0x9a31b2e0]
06-28 16:08:21.315  1765  1765 E imsd    : ImsDsiNetCtrlClient.cpp | 21 | | 1765 |ImsDsiNetCtrlClient ctor[0x3a31e190] called, DB[0x9a31b2e0]
06-28 16:08:21.315  1765  1765 E imsd    : ImsDsiNetCtrlClient.cpp | 55 | | 1765 |ImsDsiNetCtrlClient::getInstance return Instance[0x3a31e190] for DB[0x9a31b2e0]
06-28 16:08:21.315  1765  1765 E imsd    : ImsIpcReqHandler.cpp | 57 | | 1765 |ImsIpcReqHandler : getInstance called for ImsServiceImpl[9a31b290]
06-28 16:08:21.315  1765  1765 E imsd    : ImsIpcReqHandler.cpp | 26 | | 1765 |ImsIpcReqHandler : Ctor[x9a31fc90]
06-28 16:08:21.315  1765  1765 E imsd    : ImsIpcReqHandler.cpp | 70 | | 1765 |ImsIpcReqHandler : returning instance[9a31fc90]
06-28 16:08:21.315  1765  1765 E imsd    : ImsQmiServiceFactoryImpl.cpp | 45 | | 1765 |ImsQmiServiceFactoryImpl::createService called
06-28 16:08:21.315  1765  1765 E imsd    : ImsQmiServiceFactoryImpl.cpp | 65 | | 1765 |ImsQmiServiceFactoryImpl: New Service created
06-28 16:08:21.315  1765  1765 E imsd    : ImsQmiDcmServiceImpl.cpp | 1750 | | 1765 |IMS DCM Service:registerListener: posting REGISTER_LISTENER evt
06-28 16:08:21.315  1765  1765 E imsd    : ImsTimer.cpp | 107 | | 1765 |ImsTimer: timer start 
06-28 16:08:21.315  1765  1765 E imsd    : ImsTimer.cpp | 127 | | 1765 |ImsTimer: timer settime pass
06-28 16:08:21.314  1207  1362 E IzatSvc_IzatManager: Exiting with error handleMsg line 696 "3"
06-28 16:08:21.316  1207  1362 E IzatSvc_IzatManager: Exiting with error handleMsg line 696 "3"
06-28 16:08:21.321  1765  1934 E imsd    : DaemonBaseSelectImpl.cpp | 33 | | 1934 |DaemonBaseSelectImpl: addFdToListen [13]
06-28 16:08:21.321  1765  1934 E imsd    : ImsQmiDcmServiceImpl.cpp | 166 | | 1934 |IMS DCM Service: qmi_dcm_register_service
06-28 16:08:21.321  1765  1934 E imsd    : ImsQmiDcmServiceImpl.cpp | 182 | | 1934 |IMS DCM Service: qmi_dcm_register_service service_cookie.service_handle 1
06-28 16:08:21.321  1765  1934 E imsd    : ImsQmiDcmServiceImpl.cpp | 210 | | 1934 |IMS DCM Service: Initialize maxFd[15]
06-28 16:08:21.321  1765  1934 E imsd    : DaemonBaseSelectImpl.cpp | 50 | | 1934 |DaemonBaseSelectImpl: addReadFdSet [15]
06-28 16:08:21.321  1765  1934 E imsd    : ImsQmiDcmServiceImpl.cpp | 1157 | | 1934 |IMS DCM Service: handleEvent Invalid Dcm Service event 10
06-28 16:08:21.321  1765  1934 E imsd    : ImsQmiDcmServiceImpl.cpp | 1224 | | 1934 |IMS DCM Service:handleRegisterListener: 0xb40000779a31b298 New listener added
06-28 16:08:21.322  1765  1933 E imsd    : DaemonBaseImpl.cpp | 89 | | 1933 |addFdToListen[7a3222c8]: adding fd[18] status[0]
06-28 16:08:21.323  1765  1765 E imsd    : main.cpp | 45 | | 1765 |IMS Daemon Main:Loading imsrcsservice
06-28 16:08:21.337  1765  1936 E imsd    : ImsMain.cpp | 228 | | 1936 |ImsMain: Server fd[30]
06-28 16:08:21.338  1765  1936 E imsd    : DaemonBaseImpl.cpp | 89 | | 1936 |addFdToListen[9a31b2e0]: adding fd[30] status[0]
06-28 16:08:21.342  1887  1887 E EPMAIN  : argc: 5 
06-28 16:08:21.343  1887  1887 E EP_CONTROLL: EHubMessageProtocolRoutingTableUpdate:469] invalid parameter for routing table
06-28 16:08:21.343  1887  1887 E Diag_Lib: diag: Diag_LSM_Init: invoked for pid: 1887 with init_count: 0
06-28 16:08:21.344  1177  1177 E Diag-Router: diag: unix_listen: dm with pid: 1887 and fd: 89 is registered, socket_counter: 10
06-28 16:08:21.359  1888  1888 E EPMAIN  : argc: 5 
06-28 16:08:21.359  1888  1888 E EP_CONTROLL: EHubMessageProtocolRoutingTableUpdate:469] invalid parameter for routing table
06-28 16:08:21.359  1888  1888 E Diag_Lib: diag: Diag_LSM_Init: invoked for pid: 1888 with init_count: 0
06-28 16:08:21.360  1888  1888 E Diag_Lib: diag:successfully connected to socket 4
06-28 16:08:21.360  1177  1177 E Diag-Router: diag: unix_listen: dm with pid: 1888 and fd: 90 is registered, socket_counter: 11
06-28 16:08:21.363  1887  1887 E Diag_Lib: diag:successfully connected to socket 4
06-28 16:08:21.374  1888  1888 E Diag_Lib: diag: Diag_LSM_Init: done for pid: 1888 with init_count: 1
06-28 16:08:21.377  1887  1887 E Diag_Lib: diag: Diag_LSM_Init: done for pid: 1887 with init_count: 1
06-28 16:08:21.382  1177  1177 E Diag-Router: diag: Empty read, Close logging pid: 1887, fd 89 
06-28 16:08:21.382  1815  1877 E LocSvc_launcher: signal_handler_thread_func:384]: Received SIGCHLD
06-28 16:08:21.382  1177  1177 E Diag-Router: diag: diag_close_logging_process: Exiting client (pid: 0) is not an MD client
06-28 16:08:21.382  1177  1177 E Diag-Router: diag: While empty read socket counter:10
06-28 16:08:21.382  1815  1815 E LocSvc_launcher: Parent woken up!
06-28 16:08:21.388  1338  1338 E AudioFlinger: Function: getAudioPolicyConfig Line: 2967 Failed 
06-28 16:08:21.409  1177  1177 E Diag-Router: diag: Empty read, Close logging pid: 1888, fd 90 
06-28 16:08:21.409  1177  1177 E Diag-Router: diag: diag_close_logging_process: Exiting client (pid: 0) is not an MD client
06-28 16:08:21.409  1815  1877 E LocSvc_launcher: signal_handler_thread_func:384]: Received SIGCHLD
06-28 16:08:21.409  1177  1177 E Diag-Router: diag: While empty read socket counter:9
06-28 16:08:21.409  1815  1815 E LocSvc_launcher: Parent woken up!
06-28 16:08:21.415  1765  1765 E imsd    : ImsTimer.cpp | 55 | | 1765 |ImsTimer: posixTimerCallback
06-28 16:08:21.415  1765  1765 E imsd    : ImsTimer.cpp | 81 | | 1765 |ImsTimer: posixTimerCallback postEvent
06-28 16:08:21.416  1765  1936 E imsd    : ImsMain.cpp | 748 | | 1936 |ImsMain: handleEvent Switched to Ims Main thread [ImsTimerEvent]
06-28 16:08:21.416  1765  1936 E imsd    : ImsMain.cpp | 920 | | 1936 |ImsMain : Timer event received
06-28 16:08:21.416  1765  1936 E imsd    : ImsMain.cpp | 935 | | 1936 |ImsMain: Imsfactory hal registration timer expiry
06-28 16:08:21.417  1765  1765 E Diag_Lib: diag: Diag_LSM_Init: invoked for pid: 1765 with init_count: 1
06-28 16:08:21.417  1765  1765 E Diag_Lib: diag: Diag_LSM_Init: done for pid: 1765 with init_count: 2
06-28 16:08:21.417  1765  1765 E imsd    : rcsMain.cpp | 17 | | 1765 |initRcsService called
06-28 16:08:21.418  1765  1765 E imsd    : main.cpp | 85 | | 1765 |IMS Daemon Main:Loading imsservice===
06-28 16:08:21.421  1760  1760 E wifidisplayhal-service: Setup minijail
06-28 16:08:21.426  1760  1760 E wifidisplayhal-service: Start with vendor binder
06-28 16:08:21.427  1760  1760 E wifidisplayhal-service: Registering wifidisplay session hal service...
06-28 16:08:21.434  1765  1936 E imsd    : ImsMain.cpp | 1355 | | 1936 |ImsMain: interface = vendor.qti.ims.factory@2.2::IImsFactory default
06-28 16:08:21.434  1765  1961 E imsd    : rcsMain.cpp | 76 | | 1961 |########### RCS SERVICE START ##################
06-28 16:08:21.434  1765  1961 E imsd    : DaemonBaseImpl.cpp | 89 | | 1961 |addFdToListen[6a31f848]: adding fd[23] status[0]
06-28 16:08:21.434  1765  1961 E imsd    : handshakeHandler.cpp | 34 | | 1961 |handshakeHandler ctor
06-28 16:08:21.434  1765  1961 E imsd    : ImsTimer.cpp | 21 | | 1961 |ImsTimer: ctor
06-28 16:08:21.434  1765  1961 E imsd    : ImsTimer.cpp | 21 | | 1961 |ImsTimer: ctor
06-28 16:08:21.434  1765  1961 E imsd    : ImsTimer.cpp | 21 | | 1961 |ImsTimer: ctor
06-28 16:08:21.434  1765  1961 E imsd    : RcsProxy.cpp | 35 | | 1961 |RcsProxy::RcsProxy()
06-28 16:08:21.434  1765  1961 E imsd    : ImsQmiServiceFactoryImpl.cpp | 45 | | 1961 |ImsQmiServiceFactoryImpl::createService called
06-28 16:08:21.434  1765  1961 E imsd    : ImsQmiServiceFactoryImpl.cpp | 52 | | 1961 |ImsQmiServiceFactoryImpl: Service is already created
06-28 16:08:21.434  1765  1961 E imsd    : ImsQmiDcmServiceImpl.cpp | 1750 | | 1961 |IMS DCM Service:registerListener: posting REGISTER_LISTENER evt
06-28 16:08:21.434  1765  1934 E imsd    : ImsQmiDcmServiceImpl.cpp | 1157 | | 1934 |IMS DCM Service: handleEvent Invalid Dcm Service event 10
06-28 16:08:21.434  1765  1934 E imsd    : ImsQmiDcmServiceImpl.cpp | 1224 | | 1934 |IMS DCM Service:handleRegisterListener: 0xb40000782a3197f8 New listener added
06-28 16:08:21.434  1765  1934 E imsd    : ImsQmiDcmServiceImpl.cpp | 1157 | | 1934 |IMS DCM Service: handleEvent Invalid Dcm Service event 8
06-28 16:08:21.434  1765  1934 E imsd    : ImsQmiDcmServiceImpl.cpp | 1157 | | 1934 |IMS DCM Service: handleEvent Invalid Dcm Service event 9
06-28 16:08:21.435  1765  1934 E imsd    : ImsQmiService.cpp | 35 | | 1934 |ImsQmiService: notifyListeners ret 1 ==>
06-28 16:08:21.435  1765  1961 E imsd    : UceServiceImpl.cpp | 24 | | 1961 |UceServiceImpl: ctor of uceserviceimpl
06-28 16:08:21.440  1904  1904 E Diag_Lib: diag: Diag_LSM_Init: invoked for pid: 1904 with init_count: 0
06-28 16:08:21.440  1177  1177 E Diag-Router: diag: unix_listen: dm with pid: 1904 and fd: 89 is registered, socket_counter: 10
06-28 16:08:21.442  1765  1936 E imsd    : ImsMain.cpp | 1359 | | 1936 |ImsMain:instanceNames=[1]{"default"}
06-28 16:08:21.442  1765  1936 E imsd    : ImsMain.cpp | 1361 | | 1936 |ImsMain:instanceName = 
06-28 16:08:21.442  1765  1936 E imsd    : ImsMain.cpp | 1373 | | 1936 |ImsMain: Interface vendor.qti.ims.factory@2.2::IImsFactory default is found in manifest
06-28 16:08:21.442  1765  1936 E imsd    : ImsMain.cpp | 1342 | | 1936 |ImsMain : register ImsFactory HAL
06-28 16:08:21.451  1760  1760 E wifidisplayhal-service: Registering wifidisplay video track hal service...
06-28 16:08:21.456  1765  1936 E imsd    : ImsFactoryImpl.cpp | 51 | | 1936 |ImsFactoryImpl start: isImsSingleRegSupported = :1
06-28 16:08:21.456  1765  1936 E imsd    : ImsFactoryImpl.cpp | 52 | | 1936 |ImsFactoryImpl start: modemIpcVersion supported = :0
06-28 16:08:21.456  1765  1936 E imsd    : RcsIpcReqHandler.cpp | 238 | | 1936 |MainThreadEvtHandler:: activatelinklocalRequest | start
06-28 16:08:21.456  1765  1936 E imsd    : RcsIpcReqHandler.cpp | 264 | | 1936 |MainThreadEvtHandler:: activatelinklocalRequest | start
06-28 16:08:21.456  1765  1936 E imsd    : ImsPdnFactoryImpl.cpp | 389 | | 1936 |ImsPdnFactoryImpl::IsPdnIdReady Pdp id 0, pdn found = 0, PdnIdMap size = 0
06-28 16:08:21.456  1765  1936 E imsd    : ImsCommonDef.h | 487 | | 1936 |Current [0xb5dfa760], Appid[1073741824]
06-28 16:08:21.456  1765  1936 E imsd    : ImsCommonDef.h | 488 | | 1936 |Other [0xea3215e0], Appid[20]
06-28 16:08:21.456  1765  1936 E imsd    : ImsCommonDef.h | 487 | | 1936 |Current [0xca31afec], Appid[0]
06-28 16:08:21.457  1765  1936 E imsd    : ImsCommonDef.h | 488 | | 1936 |Other [0xb5dfa760], Appid[20]
06-28 16:08:21.457  1765  1936 E imsd    : ImsPdnFactoryImpl.cpp | 432 | | 1936 |ImsPdnFactoryImpl: Allocated new Pdn Id 20, PdnIdMap size = 1
06-28 16:08:21.457  1765  1936 E imsd    : ImsPdnFactoryImpl.cpp | 66 | | 1936 |ImsPdnFactoryImpl::createPdn called pdpReq->pdpReqInfo: eApnType [7]eFamilyType [2]eInstID [0]apnName [linklocal], client ea321580, PdnInfoMap size = 0
06-28 16:08:21.457  1765  1936 E imsd    : ImsPdnFactoryImpl.cpp | 101 | | 1936 |ImsPdnFactoryImpl: New Pdn created Id = 20
06-28 16:08:21.457  1765  1936 E imsd    : PdnInfoImpl.cpp | 46 | | 1936 |PdnInfoImp[0xaa31edd0] ctor Called [ LinkLocalPdnInfo ]
06-28 16:08:21.457  1765  1936 E imsd    : ImsDsiNetCtrlClient.cpp | 45 | | 1936 |ImsDsiNetCtrlClient::getInstance localDB[9a31b2e0], inDb[9a31b2e0]
06-28 16:08:21.457  1765  1936 E imsd    : ImsDsiNetCtrlClient.cpp | 55 | | 1936 |ImsDsiNetCtrlClient::getInstance return Instance[0x3a31e190] for DB[0x9a31b2e0]
06-28 16:08:21.457  1765  1936 E imsd    : PdnStateMachine.h | 78 | | 1936 |stateEnum is 0
06-28 16:08:21.457  1765  1936 E imsd    : PdnInfoImpl.cpp | 409 | | 1936 |PdnInfoImpl: Current State: 1, Previous state: 0 
06-28 16:08:21.457  1765  1936 E imsd    : PdnStateMachine.h | 64 | | 1936 |stateEnum is 1
06-28 16:08:21.457  1765  1936 E imsd    : PdnStateMachine.h | 64 | | 1936 |stateEnum is 0
06-28 16:08:21.457  1765  1936 E imsd    : PdnInfoImpl.cpp | 80 | | 1936 |PdnInfoImp[0xaa31edd0] ctor end params: [ classType[LinkLocalPdnInfo],AppId[20],eFamilyType[2],eInstID[0],eApnType[7],QMI Client_handle[0x0],m_dsiNetCtrlInstance[0x0xb40000783a31e190],m_eventListener[0x0xb4000076ea321570], ]
06-28 16:08:21.457  1765  1936 E imsd    : PdnInfoImpl.cpp | 204 | | 1936 |PdnInfoImpl: New client inserted, qmi client id 0, ipc client id 3 
06-28 16:08:21.457  1765  1936 E imsd    : PdnInfoImpl.cpp | 265 | | 1936 |PdnInfoImpl : PdnInfoImp gethandle for [ AppId[20],eFamilyType[2],eInstID[0],eApnType[7], ]
06-28 16:08:21.457  1765  1936 E imsd    : ImsDsiNetCtrlClient.cpp | 73 | | 1936 |ImsDsiNetCtrlClient :GetHandle called
06-28 16:08:21.457  1765  1936 E imsd    : ImsTimer.cpp | 21 | | 1936 |ImsTimer: ctor
06-28 16:08:21.457  1765  1936 E imsd    : ImsDsiNetCtrlWrapper.cpp | 250 | | 1936 |PdnCallInfo constructor called
06-28 16:08:21.457  1765  1936 E imsd    : ImsDsiNetCtrlWrapper.cpp | 114 | | 1936 |ImsDsiNetCtrlWrapper : InitializeDataCall called profile num 0, RAT 17
06-28 16:08:21.457  1765  1936 E imsd    : ImsDsiNetCtrlWrapper.cpp | 259 | | 1936 |ImsDsiNetCtrlWrapper : getDataHandle - unable to generate dsi_handle, retry on receiving dsi_init_cb
06-28 16:08:21.457  1765  1936 E imsd    : ImsDsiNetCtrlClient.cpp | 89 | | 1936 |dsi_get_data_srvc handle returned NULL so wait for dsi_init_cb
06-28 16:08:21.457  1765  1936 E imsd    : ImsPdnFactoryImpl.cpp | 115 | | 1936 |ImsPdnFactoryImpl: New Pdn created Id = 20, pdnInstance[0xaa31edd0]
06-28 16:08:21.457  1765  1936 E imsd    : ImsCommonDef.h | 487 | | 1936 |Current [0xb5dfa720], Appid[0]
06-28 16:08:21.458  1765  1936 E imsd    : ImsCommonDef.h | 488 | | 1936 |Other [0xea3215e0], Appid[20]
06-28 16:08:21.458  1765  1936 E imsd    : ImsCommonDef.h | 487 | | 1936 |Current [0x2a3193b0], Appid[0]
06-28 16:08:21.458  1765  1936 E imsd    : ImsCommonDef.h | 488 | | 1936 |Other [0xb5dfa720], Appid[20]
06-28 16:08:21.458  1765  1936 E imsd    : PdnInfoImpl.cpp | 122 | | 1936 |PdnInfoImp: isDsiNetHandleValid [ 0 ]
06-28 16:08:21.458  1765  1936 E imsd    : ImsMain.cpp | 748 | | 1936 |ImsMain: handleEvent Switched to Ims Main thread [ImsDcmServiceEvent]
06-28 16:08:21.458  1765  1936 E imsd    : ImsMain.cpp | 778 | | 1936 |ImsMain:Handle Event sName[ImsDcmServiceEvent]
06-28 16:08:21.458  1765  1936 E imsd    : ImsCommonDef.h | 487 | | 1936 |Current [0xb5dfa700], Appid[0]
06-28 16:08:21.458  1765  1936 E imsd    : ImsCommonDef.h | 488 | | 1936 |Other [0x9a31a510], Appid[0]
06-28 16:08:21.458  1765  1936 E imsd    : ImsMain.cpp | 781 | | 1936 |ImsMain:Handle Event sName[3]
06-28 16:08:21.458  1765  1936 E imsd    : ImsMain.cpp | 748 | | 1936 |ImsMain: handleEvent Switched to Ims Main thread [ImsDcmServiceEvent]
06-28 16:08:21.458  1765  1936 E imsd    : ImsMain.cpp | 778 | | 1936 |ImsMain:Handle Event sName[ImsDcmServiceEvent]
06-28 16:08:21.458  1765  1936 E imsd    : ImsCommonDef.h | 487 | | 1936 |Current [0xb5dfa700], Appid[0]
06-28 16:08:21.458  1765  1936 E imsd    : ImsCommonDef.h | 488 | | 1936 |Other [0x9a31e820], Appid[0]
06-28 16:08:21.458  1765  1936 E imsd    : ImsMain.cpp | 781 | | 1936 |ImsMain:Handle Event sName[4]
06-28 16:08:21.458  1765  1936 E imsd    : ImsIpcReqHandler.cpp | 117 | | 1936 |ImsIpcReqHandler : setServiceCapabilties called instance id [0], service mask [0x0]
06-28 16:08:21.460  1760  1760 E wifidisplayhal-service: Registering wifidisplay video track hal service...
06-28 16:08:21.461  1904  1904 E Diag_Lib: diag:successfully connected to socket 4
06-28 16:08:21.461  1757  1757 E MediaCodecsXmlParser: Cannot find the role for a decoder of type audio/ozoaudio
06-28 16:08:21.461  1757  1757 E MediaCodecsXmlParser: Cannot find the role for an encoder of type audio/ozoaudio
06-28 16:08:21.461  1765  1961 E imsd    : ImsFactoryImpl.cpp | 86 | | 1961 |ImsFactoryImpl registration for api:createRcsSipTransportService
06-28 16:08:21.461  1765  1961 E imsd    : ImsFactoryImpl.cpp | 86 | | 1961 |ImsFactoryImpl registration for api:createRcsSipTransportService_1_1
06-28 16:08:21.461  1765  1961 E imsd    : ImsFactoryImpl.cpp | 86 | | 1961 |ImsFactoryImpl registration for api:createRcsSipTransportService_1_2
06-28 16:08:21.461  1765  1961 E imsd    : ImsSipTransportManager.cpp | 20 | | 1961 |ImsSipTransportManager : Ctor
06-28 16:08:21.462  1765  1961 E imsd    : ImsFactoryImpl.cpp | 86 | | 1961 |ImsFactoryImpl registration for api:createConnectionService
06-28 16:08:21.462  1765  1961 E imsd    : ImsSessionServiceFactory.cpp | 16 | | 1961 |ImsSessionServiceFactory created with this[0xb4000076da316850]
06-28 16:08:21.462  1765  1961 E imsd    : ImsFactoryImpl.cpp | 86 | | 1961 |ImsFactoryImpl registration for api:createOptionsService
06-28 16:08:21.462  1765  1961 E imsd    : ImsFactoryImpl.cpp | 86 | | 1961 |ImsFactoryImpl registration for api:createPresenceService
06-28 16:08:21.462  1765  1961 E imsd    : ImsFactoryImpl.cpp | 86 | | 1961 |ImsFactoryImpl registration for api:createPresenceService_1_1
06-28 16:08:21.462  1765  1961 E imsd    : ImsFactoryImpl.cpp | 86 | | 1961 |ImsFactoryImpl registration for api:createPresenceService_1_2
06-28 16:08:21.462  1765  1961 E imsd    : rcsMain.cpp | 102 | | 1961 |rcsmain:Run start
06-28 16:08:21.462  1765  1961 E imsd    : RcsIpcReqHandler.cpp | 148 | | 1961 |handleEvent: Received QMI DCM Event eventType[3]
06-28 16:08:21.462  1765  1961 E imsd    : ImsCommonDef.h | 487 | | 1961 |Current [0xb1f8a700], Appid[0]
06-28 16:08:21.462  1765  1961 E imsd    : ImsCommonDef.h | 488 | | 1961 |Other [0x9a31a510], Appid[0]
06-28 16:08:21.462  1765  1961 E imsd    : RcsIpcReqHandler.cpp | 153 | | 1961 |received IP: [], port[0]
06-28 16:08:21.462  1765  1961 E imsd    : RcsProxy.cpp | 1205 | | 1961 |RcsProxy, onModemLinkLocalInfoAvailable Existing RcsSupportedMask 0
06-28 16:08:21.462  1765  1961 E imsd    : RcsIpcReqHandler.cpp | 148 | | 1961 |handleEvent: Received QMI DCM Event eventType[4]
06-28 16:08:21.462  1765  1961 E imsd    : ImsCommonDef.h | 487 | | 1961 |Current [0xb1f8a700], Appid[0]
06-28 16:08:21.462  1765  1961 E imsd    : ImsCommonDef.h | 488 | | 1961 |Other [0x9a31e820], Appid[0]
06-28 16:08:21.462  1765  1961 E imsd    : RcsIpcReqHandler.cpp | 159 | | 1961 |received RCS mask: [0]
06-28 16:08:21.462  1765  1961 E imsd    : RcsProxy.cpp | 1157 | | 1961 |RcsProxy, onRcsSupportedMaskReceived Existing Mask 0, Updated Mask 0 
06-28 16:08:21.464  1760  1760 E wifidisplayhal-service: Registering wifidisplay image track hal service...
06-28 16:08:21.466  1904  1904 E Diag_Lib: diag: Diag_LSM_Init: done for pid: 1904 with init_count: 1
06-28 16:08:21.508  1973  1973 E Diag_Lib: diag: Diag_LSM_Init: invoked for pid: 1973 with init_count: 0
06-28 16:08:21.508  1177  1177 E Diag-Router: diag: unix_listen: dm with pid: 1973 and fd: 90 is registered, socket_counter: 11
06-28 16:08:21.510  1973  1973 E Diag_Lib: diag:successfully connected to socket 4
06-28 16:08:21.515  1883  1883 E LocSvc_LBSProxy: getIzatProvider:393] IzatProvider load failed
06-28 16:08:21.518  1973  1973 E Diag_Lib: diag: Diag_LSM_Init: done for pid: 1973 with init_count: 1
06-28 16:08:21.520  1973  1973 E QTI_SDM_INFO: [qti_rmnet_peripheral.c:768] qti_file_open():Could not open device file. Errno 2 error msg=No such file or directory
06-28 16:08:21.521  1765  1765 E Diag_Lib: diag: Diag_LSM_Init: invoked for pid: 1765 with init_count: 2
06-28 16:08:21.521  1765  1765 E Diag_Lib: diag: Diag_LSM_Init: done for pid: 1765 with init_count: 3
06-28 16:08:21.521  1765  1765 E imsd    : ImsServiceMain.cpp | 94 | | 1765 |ImsServiceMain : startService[ 1 ]
06-28 16:08:21.526  1765  1980 E imsd    : ImsServiceMain.cpp | 114 | | 1980 |########### IMS SERVICES START ##################
06-28 16:08:21.537  1765  1980 E imsd    : DaemonBaseImpl.cpp | 89 | | 1980 |addFdToListen[2a31b850]: adding fd[26] status[0]
06-28 16:08:21.537  1765  1980 E imsd    : ImsQmiPrivate.cpp | 68 | | 1980 |ImsQmiPrivate : Xtor
06-28 16:08:21.537  1765  1980 E imsd    : ImsQmiClientFactoryImpl.cpp | 62 | | 1980 |ImsQmiClientFactoryImpl :createClient called for [IMSPRIV0] client[xba316450]
06-28 16:08:21.537  1765  1980 E imsd    : ImsQmiClientFactoryImpl.cpp | 81 | | 1980 |ImsQmiClientFactoryImpl : returning new client
06-28 16:08:21.537  1765  1980 E imsd    : QmiImsPrivClient.cpp | 14 | | 1980 |QmiImsPrivClient :Constructor called
06-28 16:08:21.538  1765  1980 E imsd    : ImsQmiClient.cpp | 31 | | 1980 |[xaa31f150] ImsQmiClient :addNewClient ba316450
06-28 16:08:21.538  1765  1980 E imsd    : ImsQmiClient.cpp | 170 | | 1980 |[xaa31f150] ImsQmiClient :registerForQmiSvcUp called
06-28 16:08:21.540  1765  1980 E imsd    : ImsQmiPrivate.cpp | 126 | | 1980 |ImsQmiPrivate :QMI IMS Private listener added 0xb4000077ca314820
06-28 16:08:21.560  1883  1883 E LocSvc_xtra2: XtraConfig:501] QSM file expiration interval 0 hrs exceeds 1 hrs & 4320 hrs. Setting it to the default value of 720 hrs
06-28 16:08:21.578  1883  1883 E LocSvc_xtra2: XtraIzatAdapter:77] XtraIzatAdapter created. mMask 0x80000000020
06-28 16:08:21.581  1826  1938 E qcc-vendor: No session for module 313193383 get_session
06-28 16:08:21.591  1765  1980 E imsd    : ImsFactory.cpp | 60 | | 1980 |ImsFactory  start: isImsSingleRegSupported = :1
06-28 16:08:21.591  1765  1980 E imsd    : ImsConfigQmiSettings.cpp | 35 | | 1980 |ImsConfigQmiSettings : Xtor
06-28 16:08:21.591  1765  1980 E imsd    : ImsQmiClientFactoryImpl.cpp | 62 | | 1980 |ImsQmiClientFactoryImpl :createClient called for [IMSS0] client[xea321e70]
06-28 16:08:21.591  1765  1980 E imsd    : ImsQmiClientFactoryImpl.cpp | 81 | | 1980 |ImsQmiClientFactoryImpl : returning new client
06-28 16:08:21.591  1765  1980 E imsd    : QmiImssClient.cpp | 16 | | 1980 |QmiImssClient : constructor
06-28 16:08:21.591  1765  1980 E imsd    : ImsQmiClient.cpp | 31 | | 1980 |[xaa3210d0] ImsQmiClient :addNewClient ea321e70
06-28 16:08:21.591  1765  1980 E imsd    : ImsQmiClient.cpp | 170 | | 1980 |[xaa3210d0] ImsQmiClient :registerForQmiSvcUp called
06-28 16:08:21.593  1765  1980 E imsd    : ImsConfigQmiApplication.cpp | 14 | | 1980 |ImsConfigQmiApplication : Xtor[fa322ef0]
06-28 16:08:21.593  1765  1980 E imsd    : ImsQmiClientFactoryImpl.cpp | 62 | | 1980 |ImsQmiClientFactoryImpl :createClient called for [IMSA0] client[xfa322ef0]
06-28 16:08:21.593  1765  1980 E imsd    : ImsQmiClientFactoryImpl.cpp | 81 | | 1980 |ImsQmiClientFactoryImpl : returning new client
06-28 16:08:21.594  1765  1980 E imsd    : QmiImsaClient.cpp | 36 | | 1980 |ctor [xaa320f10] sub[0]
06-28 16:08:21.594  1765  1980 E imsd    : ImsQmiClient.cpp | 31 | | 1980 |[xaa320f10] ImsQmiClient :addNewClient fa322ef0
06-28 16:08:21.594  1765  1980 E imsd    : ImsQmiClient.cpp | 170 | | 1980 |[xaa320f10] ImsQmiClient :registerForQmiSvcUp called
06-28 16:08:21.595  1765  1980 E imsd    : QmiImsaClient.cpp | 58 | | 1980 |QmiImsaClient :qmi_client_init start
06-28 16:08:21.596  1765  1980 E imsd    : QmiImsaClient.cpp | 72 | | 1980 |QmiImsaClient :qmi_client_init error. ErrCode : -2
06-28 16:08:21.597  1765  1980 E imsd    : ImsFactoryImpl.cpp | 86 | | 1980 |ImsFactoryImpl registration for api:createConfigService
06-28 16:08:21.597  1765  1980 E imsd    : ImsFactoryImpl.cpp | 86 | | 1980 |ImsFactoryImpl registration for api:createConfigService_1_1
06-28 16:08:21.597  1765  1980 E imsd    : ImsConfigServiceManager.cpp | 49 | | 1980 |ImsConfigServiceManager : Constructor
06-28 16:08:21.597  1765  1980 E imsd    : ImsConfigQmiSettings.cpp | 939 | | 1980 |ImsConfigQmiSettings : registerServiceStatusListener
06-28 16:08:21.597  1765  1980 E imsd    : ImsConfigServiceManager.cpp | 114 | | 1980 |ImsConfigServiceManager : initialize
06-28 16:08:21.597  1765  1980 E imsd    : ImsConfigServiceManager.cpp | 126 | | 1980 |ImsConfigServiceManager :mRcsProxyInst Object 7a31e270
06-28 16:08:21.597  1765  1980 E imsd    : RcsProxy.cpp | 943 | | 1980 |RcsProxy::from ImsConfigManager: addImsConfigListener
06-28 16:08:21.597  1765  1980 E imsd    : ImsQmiServiceFactoryImpl.cpp | 45 | | 1980 |ImsQmiServiceFactoryImpl::createService called
06-28 16:08:21.597  1765  1980 E imsd    : ImsQmiServiceFactoryImpl.cpp | 52 | | 1980 |ImsQmiServiceFactoryImpl: Service is already created
06-28 16:08:21.597  1765  1980 E imsd    : ImsQmiDcmServiceImpl.cpp | 1750 | | 1980 |IMS DCM Service:registerListener: posting REGISTER_LISTENER evt
06-28 16:08:21.597  1765  1980 E imsd    : ImsFactoryImpl.cpp | 86 | | 1980 |ImsFactoryImpl registration for api:createCallCapabilityService
06-28 16:08:21.597  1765  1961 E imsd    : RcsProxy.cpp | 240 | | 1961 |RcsProxyEvent received id[9]
06-28 16:08:21.597  1765  1980 E imsd    : ImsServiceMain.cpp | 108 | | 1980 |ImsServiceMain : Running..
06-28 16:08:21.597  1765  1936 E imsd    : ImsMain.cpp | 748 | | 1936 |ImsMain: handleEvent Switched to Ims Main thread [ImsServiceInitEvent]
06-28 16:08:21.597  1765  1936 E imsd    : ImsMain.cpp | 993 | | 1936 |ImsMain : ImsServiceInitEvent received.. register Imsfactory hal now
06-28 16:08:21.597  1765  1936 E imsd    : ImsMain.cpp | 1338 | | 1936 |ImsMain: ims hal already registered
06-28 16:08:21.597  1765  1934 E imsd    : ImsQmiDcmServiceImpl.cpp | 1157 | | 1934 |IMS DCM Service: handleEvent Invalid Dcm Service event 10
06-28 16:08:21.597  1765  1934 E imsd    : ImsQmiDcmServiceImpl.cpp | 1224 | | 1934 |IMS DCM Service:handleRegisterListener: 0xb40000786a31e350 New listener added
06-28 16:08:21.597  1765  1934 E imsd    : ImsQmiDcmServiceImpl.cpp | 1157 | | 1934 |IMS DCM Service: handleEvent Invalid Dcm Service event 9
06-28 16:08:21.597  1765  1934 E imsd    : ImsQmiService.cpp | 35 | | 1934 |ImsQmiService: notifyListeners ret 1 ==>
06-28 16:08:21.597  1765  1961 E imsd    : RcsIpcReqHandler.cpp | 148 | | 1961 |handleEvent: Received QMI DCM Event eventType[4]
06-28 16:08:21.597  1765  1980 E imsd    : ImsConfigServiceManager.cpp | 2868 | | 1980 |ImsConfigServiceManager: handling event
06-28 16:08:21.597  1765  1980 E imsd    : ImsCommonDef.h | 487 | | 1980 |Current [0xafcc2700], Appid[0]
06-28 16:08:21.597  1765  1980 E imsd    : ImsCommonDef.h | 488 | | 1980 |Other [0x9a31ac00], Appid[0]
06-28 16:08:21.597  1765  1980 E imsd    : ImsConfigServiceManager.cpp | 3044 | | 1980 |ImsConfigServiceManager : Received DCM SERVICE_ENABLE_STATUS event with mask value 0 
06-28 16:08:21.597  1765  1961 E imsd    : ImsCommonDef.h | 487 | | 1961 |Current [0xb1f8a700], Appid[0]
06-28 16:08:21.597  1765  1961 E imsd    : ImsCommonDef.h | 488 | | 1961 |Other [0x9a31ac00], Appid[0]
06-28 16:08:21.597  1765  1961 E imsd    : RcsIpcReqHandler.cpp | 159 | | 1961 |received RCS mask: [0]
06-28 16:08:21.597  1765  1961 E imsd    : RcsProxy.cpp | 1157 | | 1961 |RcsProxy, onRcsSupportedMaskReceived Existing Mask 0, Updated Mask 0 
06-28 16:08:21.604  1983  1983 E Diag_Lib: diag: Diag_LSM_Init: invoked for pid: 1983 with init_count: 0
06-28 16:08:21.605  1177  1177 E Diag-Router: diag: unix_listen: dm with pid: 1983 and fd: 91 is registered, socket_counter: 12
06-28 16:08:21.605  1983  1983 E Diag_Lib: diag:successfully connected to socket 4
06-28 16:08:21.609  1822  1822 E update_engine: [ERROR:update_attempter_android.cc(1088)] prefs_->GetInt64(kPrefsPreviousSlot, &previous_slot) failed.
06-28 16:08:21.610  1765  1936 E imsd    : ImsMain.cpp | 1355 | | 1936 |ImsMain: interface = vendor.qti.ims.factory@2.2::IImsFactory default
06-28 16:08:21.611  1765  1936 E imsd    : ImsMain.cpp | 1359 | | 1936 |ImsMain:instanceNames=[1]{"default"}
06-28 16:08:21.611  1765  1936 E imsd    : ImsMain.cpp | 1361 | | 1936 |ImsMain:instanceName = 
06-28 16:08:21.611  1765  1936 E imsd    : ImsMain.cpp | 1373 | | 1936 |ImsMain: Interface vendor.qti.ims.factory@2.2::IImsFactory default is found in manifest
06-28 16:08:21.611  1765  1936 E imsd    : ImsMain.cpp | 1342 | | 1936 |ImsMain : register ImsFactory HAL
06-28 16:08:21.612  1983  1983 E Diag_Lib: diag: Diag_LSM_Init: done for pid: 1983 with init_count: 1
06-28 16:08:21.620  1765  1936 E imsd    : ImsFactoryImpl.cpp | 51 | | 1936 |ImsFactoryImpl start: isImsSingleRegSupported = :1
06-28 16:08:21.620  1765  1936 E imsd    : ImsFactoryImpl.cpp | 52 | | 1936 |ImsFactoryImpl start: modemIpcVersion supported = :0
06-28 16:08:21.620  1765  1936 E imsd    : ImsMain.cpp | 748 | | 1936 |ImsMain: handleEvent Switched to Ims Main thread [ImsDcmServiceEvent]
06-28 16:08:21.620  1765  1936 E imsd    : ImsMain.cpp | 778 | | 1936 |ImsMain:Handle Event sName[ImsDcmServiceEvent]
06-28 16:08:21.620  1765  1936 E imsd    : ImsCommonDef.h | 487 | | 1936 |Current [0xb5dfa700], Appid[0]
06-28 16:08:21.620  1765  1936 E imsd    : ImsCommonDef.h | 488 | | 1936 |Other [0x9a31ac00], Appid[0]
06-28 16:08:21.620  1765  1936 E imsd    : ImsMain.cpp | 781 | | 1936 |ImsMain:Handle Event sName[4]
06-28 16:08:21.620  1765  1936 E imsd    : ImsIpcReqHandler.cpp | 117 | | 1936 |ImsIpcReqHandler : setServiceCapabilties called instance id [0], service mask [0x0]
06-28 16:08:21.625  1919  1919 E Diag_Lib: diag: Diag_LSM_Init: invoked for pid: 1919 with init_count: 0
06-28 16:08:21.626  1919  1919 E Diag_Lib: diag:successfully connected to socket 4
06-28 16:08:21.628  1177  1177 E Diag-Router: diag: unix_listen: dm with pid: 1919 and fd: 92 is registered, socket_counter: 13
06-28 16:08:21.632  1919  1919 E Diag_Lib: diag: Diag_LSM_Init: done for pid: 1919 with init_count: 1
06-28 16:08:21.647  1185  1185 E audio_log_utils: read_module: could not parse agm logmask
06-28 16:08:21.656  1765  1988 E imsd    : ImsQmiClient.cpp | 136 | | 1988 |[xaa31f150] ImsQmiClient :notifysvcUp calling postEvent for recently added client
06-28 16:08:21.656  1765  1988 E imsd    : ImsQmiClient.cpp | 142 | | 1988 |[xaa31f150] ImsQmiClient :notifySvcUp calling post event
06-28 16:08:21.656  1765  1980 E imsd    : ImsQmiPrivate.cpp | 99 | | 1980 |ImsQmiPrivate : A modem service is up, trying to initialize Ims private  service client
06-28 16:08:21.656  1765  1980 E imsd    : QmiImsPrivClient.cpp | 37 | | 1980 |QmiImsPrivClient :init
06-28 16:08:21.659  1765  1980 E imsd    : QmiImsPrivClient.cpp | 44 | | 1980 |QmiImsPrivClient : new client init required
06-28 16:08:21.672  1765  1980 E imsd    : QmiImsPrivClient.cpp | 58 | | 1980 |QmiImsPrivClient : Client Init Success
06-28 16:08:21.672  1765  1980 E imsd    : ImsQmiClient.cpp | 267 | | 1980 |[xaa31f150] ImsQmiClient :registerForModemSSR called
06-28 16:08:21.672  1765  1980 E imsd    : ImsQmiPrivate.cpp | 103 | | 1980 |ImsQmiPrivate :QMI IMS Private service Client initialized
06-28 16:08:21.672  1765  1980 E imsd    : ImsQmiPrivate.cpp | 105 | | 1980 |ImsQmiPrivate :QMI IMS Private callInfoObj 0xb4000077ca314820
06-28 16:08:21.672  1765  1980 E imsd    : ImsQmiPrivate.cpp | 107 | | 1980 |ImsQmiPrivate :QMI IMS Private service up handled
06-28 16:08:21.691  1185  1185 E Diag_Lib: diag: Diag_LSM_Init: invoked for pid: 1185 with init_count: 0
06-28 16:08:21.691  1185  1185 E Diag_Lib: diag:successfully connected to socket 13
06-28 16:08:21.693  1177  1177 E Diag-Router: diag: unix_listen: dm with pid: 1185 and fd: 93 is registered, socket_counter: 14
06-28 16:08:21.698  1185  1185 E Diag_Lib: diag: Diag_LSM_Init: done for pid: 1185 with init_count: 1
06-28 16:08:21.699  1353  2027 E tftp_server: pid=1353 tid=2027 tftp-server : ERR :[tftp_os_la.c, 70] open failed: [2] [No such file or directory]
06-28 16:08:21.699  1353  2027 E tftp_server: pid=1353 tid=2027 tftp-server : ERR :[tftp_server.c, 1751] open failed : [-2] [Unknown error -2]
06-28 16:08:21.699  1353  2027 E tftp_server: pid=1353 tid=2027 tftp-server : ERR :[tftp_protocol.c, 1231] sending error-pkt. Code = 1, Msg = Err=2 String=No such file or directory
06-28 16:08:21.703  1765  1934 E imsd    : ImsQmiDcmServiceImpl.cpp | 233 | | 1934 |IMS DCM Service: Dcm Connect from client on Modem ==>
