06-28 16:08:33.387  2456  2528 E SystemServiceRegistry: 	at android.os.Looper.loopOnce(Looper.java:249)
06-28 16:08:33.387  2456  2528 E SystemServiceRegistry: 	at android.os.Looper.loop(Looper.java:337)
06-28 16:08:33.387  2456  2528 E SystemServiceRegistry: 	at android.os.HandlerThread.run(HandlerThread.java:85)
06-28 16:08:33.387  2456  2528 E SystemServiceRegistry: 	at com.android.server.ServiceThread.run(ServiceThread.java:46)
06-28 16:08:33.387  2456  2528 E SystemServiceRegistry: Manager wrapper not available: dropbox
06-28 16:08:33.388  2456  2528 E SystemServiceRegistry: No service published for: dropbox
06-28 16:08:33.388  2456  2528 E SystemServiceRegistry: android.os.ServiceManager$ServiceNotFoundException: No service published for: dropbox
06-28 16:08:33.388  2456  2528 E SystemServiceRegistry: 	at android.os.ServiceManager.getServiceOrThrow(ServiceManager.java:203)
06-28 16:08:33.388  2456  2528 E SystemServiceRegistry: 	at android.app.SystemServiceRegistry$24.createService(SystemServiceRegistry.java:528)
06-28 16:08:33.388  2456  2528 E SystemServiceRegistry: 	at android.app.SystemServiceRegistry$24.createService(SystemServiceRegistry.java:525)
06-28 16:08:33.388  2456  2528 E SystemServiceRegistry: 	at android.app.SystemServiceRegistry$CachedServiceFetcher.getService(SystemServiceRegistry.java:2251)
06-28 16:08:33.388  2456  2528 E SystemServiceRegistry: 	at android.app.SystemServiceRegistry.getSystemService(SystemServiceRegistry.java:1829)
06-28 16:08:33.388  2456  2528 E SystemServiceRegistry: 	at android.app.ContextImpl.getSystemService(ContextImpl.java:2252)
06-28 16:08:33.388  2456  2528 E SystemServiceRegistry: 	at android.content.Context.getSystemService(Context.java:4519)
06-28 16:08:33.388  2456  2528 E SystemServiceRegistry: 	at com.android.server.am.ActivityManagerService.addErrorToDropBox(ActivityManagerService.java:10710)
06-28 16:08:33.388  2456  2528 E SystemServiceRegistry: 	at com.android.server.am.ActivityManagerService.handleApplicationWtfInner(ActivityManagerService.java:10499)
06-28 16:08:33.388  2456  2528 E SystemServiceRegistry: 	at com.android.server.am.ActivityManagerService$14.run(ActivityManagerService.java:10465)
06-28 16:08:33.388  2456  2528 E SystemServiceRegistry: 	at android.os.Handler.handleCallback(Handler.java:959)
06-28 16:08:33.388  2456  2528 E SystemServiceRegistry: 	at android.os.Handler.dispatchMessage(Handler.java:100)
06-28 16:08:33.388  2456  2528 E SystemServiceRegistry: 	at android.os.Looper.loopOnce(Looper.java:249)
06-28 16:08:33.388  2456  2528 E SystemServiceRegistry: 	at android.os.Looper.loop(Looper.java:337)
06-28 16:08:33.388  2456  2528 E SystemServiceRegistry: 	at android.os.HandlerThread.run(HandlerThread.java:85)
06-28 16:08:33.388  2456  2528 E SystemServiceRegistry: 	at com.android.server.ServiceThread.run(ServiceThread.java:46)
06-28 16:08:33.389  2456  2528 E SystemServiceRegistry: Manager wrapper not available: dropbox
06-28 16:08:33.390  2456  2528 E SystemServiceRegistry: No service published for: dropbox
06-28 16:08:33.390  2456  2528 E SystemServiceRegistry: android.os.ServiceManager$ServiceNotFoundException: No service published for: dropbox
06-28 16:08:33.390  2456  2528 E SystemServiceRegistry: 	at android.os.ServiceManager.getServiceOrThrow(ServiceManager.java:203)
06-28 16:08:33.390  2456  2528 E SystemServiceRegistry: 	at android.app.SystemServiceRegistry$24.createService(SystemServiceRegistry.java:528)
06-28 16:08:33.390  2456  2528 E SystemServiceRegistry: 	at android.app.SystemServiceRegistry$24.createService(SystemServiceRegistry.java:525)
06-28 16:08:33.390  2456  2528 E SystemServiceRegistry: 	at android.app.SystemServiceRegistry$CachedServiceFetcher.getService(SystemServiceRegistry.java:2251)
06-28 16:08:33.390  2456  2528 E SystemServiceRegistry: 	at android.app.SystemServiceRegistry.getSystemService(SystemServiceRegistry.java:1829)
06-28 16:08:33.390  2456  2528 E SystemServiceRegistry: 	at android.app.ContextImpl.getSystemService(ContextImpl.java:2252)
06-28 16:08:33.390  2456  2528 E SystemServiceRegistry: 	at android.content.Context.getSystemService(Context.java:4519)
06-28 16:08:33.390  2456  2528 E SystemServiceRegistry: 	at com.android.server.am.ActivityManagerService.addErrorToDropBox(ActivityManagerService.java:10710)
06-28 16:08:33.390  2456  2528 E SystemServiceRegistry: 	at com.android.server.am.ActivityManagerService.handleApplicationWtfInner(ActivityManagerService.java:10499)
06-28 16:08:33.390  2456  2528 E SystemServiceRegistry: 	at com.android.server.am.ActivityManagerService$14.run(ActivityManagerService.java:10465)
06-28 16:08:33.390  2456  2528 E SystemServiceRegistry: 	at android.os.Handler.handleCallback(Handler.java:959)
06-28 16:08:33.390  2456  2528 E SystemServiceRegistry: 	at android.os.Handler.dispatchMessage(Handler.java:100)
06-28 16:08:33.390  2456  2528 E SystemServiceRegistry: 	at android.os.Looper.loopOnce(Looper.java:249)
06-28 16:08:33.390  2456  2528 E SystemServiceRegistry: 	at android.os.Looper.loop(Looper.java:337)
06-28 16:08:33.390  2456  2528 E SystemServiceRegistry: 	at android.os.HandlerThread.run(HandlerThread.java:85)
06-28 16:08:33.390  2456  2528 E SystemServiceRegistry: 	at com.android.server.ServiceThread.run(ServiceThread.java:46)
06-28 16:08:33.390  2456  2528 E SystemServiceRegistry: Manager wrapper not available: dropbox
06-28 16:08:33.409  1269  1269 E vendor.qti.vibrator: open /sys/class/qcom-haptics/primitive_duration failed, errno = 2
06-28 16:08:33.409  2456  2456 E VibratorHalWrapper: Supported primitive 0 returned unsupported for getPrimitiveDuration
06-28 16:08:33.409  1269  1269 E vendor.qti.vibrator: open /sys/class/qcom-haptics/primitive_duration failed, errno = 2
06-28 16:08:33.410  2456  2456 E VibratorHalWrapper: Supported primitive 1 returned unsupported for getPrimitiveDuration
06-28 16:08:33.410  1269  1269 E vendor.qti.vibrator: open /sys/class/qcom-haptics/primitive_duration failed, errno = 2
06-28 16:08:33.410  2456  2456 E VibratorHalWrapper: Supported primitive 2 returned unsupported for getPrimitiveDuration
06-28 16:08:33.410  1269  1269 E vendor.qti.vibrator: open /sys/class/qcom-haptics/primitive_duration failed, errno = 2
06-28 16:08:33.410  2456  2456 E VibratorHalWrapper: Supported primitive 3 returned unsupported for getPrimitiveDuration
06-28 16:08:33.410  1269  1269 E vendor.qti.vibrator: open /sys/class/qcom-haptics/primitive_duration failed, errno = 2
06-28 16:08:33.410  2456  2456 E VibratorHalWrapper: Supported primitive 4 returned unsupported for getPrimitiveDuration
06-28 16:08:33.410  1269  1269 E vendor.qti.vibrator: open /sys/class/qcom-haptics/primitive_duration failed, errno = 2
06-28 16:08:33.410  2456  2456 E VibratorHalWrapper: Supported primitive 5 returned unsupported for getPrimitiveDuration
06-28 16:08:33.410  1269  1269 E vendor.qti.vibrator: open /sys/class/qcom-haptics/primitive_duration failed, errno = 2
06-28 16:08:33.410  2456  2456 E VibratorHalWrapper: Supported primitive 6 returned unsupported for getPrimitiveDuration
06-28 16:08:33.411  1269  1269 E vendor.qti.vibrator: open /sys/class/qcom-haptics/primitive_duration failed, errno = 2
06-28 16:08:33.411  2456  2456 E VibratorHalWrapper: Supported primitive 7 returned unsupported for getPrimitiveDuration
06-28 16:08:33.411  1269  1269 E vendor.qti.vibrator: open /sys/class/qcom-haptics/primitive_duration failed, errno = 2
06-28 16:08:33.411  2456  2456 E VibratorHalWrapper: Supported primitive 8 returned unsupported for getPrimitiveDuration
06-28 16:08:33.415  2456  2456 E SystemServiceRegistry: Manager wrapper not available: security
06-28 16:08:33.429  2456  2456 E VibratorManagerServiceImpl: skip init amplitude ext java.lang.NullPointerException: Attempt to invoke interface method 'void vendor.hardware.vibratorfeature.IVibratorExt.setAmplitudeExt(float, int)' on a null object reference
06-28 16:08:33.430  2456  2456 E SystemServiceRegistry: Manager wrapper not available: security
06-28 16:08:33.468  2456  2456 E system_server: Class descriptors 'com.android.server.inputflinger.IInputFlingerRust' match during associateClass, but they are different class objects (0xb400007afe819f70 vs 0xb400007afe840910). Class descriptor collision?
06-28 16:08:33.471  2456  2456 E system_server: Class descriptors 'com.android.server.inputflinger.IInputFilter' match during associateClass, but they are different class objects (0xb400007afe819fd0 vs 0xb400007afe8405b0). Class descriptor collision?
06-28 16:08:33.475  1345  1345 E MI-SF   : MiSurfaceFlingerImpl.cpp.vsyncId=4, oldVsyncId=3, layerName=bbq-wrapper#2
06-28 16:08:33.475  1345  1345 E MI-SF   : MiSurfaceFlingerImpl.cpp.vsyncId=4, mIsContainTask1=0, mIsContainTaskOther=0
06-28 16:08:33.475  1345  1345 E SurfaceFlinger: MiSurfaceFlingerStub isAnimationScene
06-28 16:08:33.477  1345  1345 E MI-SF   : surfaceflinger setAffinity success
06-28 16:08:33.489  2456  2456 E MiInputManager: setInputConfig not match config, configType: 2, parcel:not null 
06-28 16:08:33.494  2456  2456 E DeviceStateManagerService: Cannot notify device state info change before the initial state has been committed.
06-28 16:08:33.496  2456  2511 E SystemServiceRegistry: Manager wrapper not available: security
06-28 16:08:33.520  2456  2672 E system_server: Could not write anonymous vdex /system/framework/oat/arm64/QXPerformance.vdex: Could not open /system/framework/oat/arm64/QXPerformance.vdex for writing
06-28 16:08:33.538  2456  2511 E SystemServiceRegistry: Manager wrapper not available: security
06-28 16:08:33.574  1345  1345 E SurfaceFlinger: MiSurfaceFlingerStub isAnimationScene
06-28 16:08:33.583  1345  1345 E MI-SF   : MiSurfaceFlingerImpl.cpp.vsyncId=13, oldVsyncId=4, layerName=Accessibility Overlays#46
06-28 16:08:33.583  1345  1345 E MI-SF   : MiSurfaceFlingerImpl.cpp.vsyncId=13, mIsContainTask1=0, mIsContainTaskOther=0
06-28 16:08:33.583  1345  1345 E MI-SF   : MiSurfaceFlingerImpl.cpp.vsyncId=13, oldVsyncId=13, layerName=Input Overlays#45
06-28 16:08:33.583  1345  1345 E MI-SF   : MiSurfaceFlingerImpl.cpp.vsyncId=13, mIsContainTask1=0, mIsContainTaskOther=0
06-28 16:08:33.583  1345  1345 E MI-SF   : MiSurfaceFlingerImpl.cpp.vsyncId=13, oldVsyncId=13, layerName=Display Overlays#44
06-28 16:08:33.583  1345  1345 E MI-SF   : MiSurfaceFlingerImpl.cpp.vsyncId=13, mIsContainTask1=0, mIsContainTaskOther=0
06-28 16:08:33.583  1345  1345 E MI-SF   : MiSurfaceFlingerImpl.cpp.vsyncId=13, oldVsyncId=13, layerName=WindowedMagnification:0:31#3
06-28 16:08:33.583  1345  1345 E MI-SF   : MiSurfaceFlingerImpl.cpp.vsyncId=13, mIsContainTask1=0, mIsContainTaskOther=0
06-28 16:08:33.583  1345  1345 E MI-SF   : MiSurfaceFlingerImpl.cpp.vsyncId=13, oldVsyncId=13, layerName=Display 0 name=" "#43
06-28 16:08:33.583  1345  1345 E MI-SF   : MiSurfaceFlingerImpl.cpp.vsyncId=13, mIsContainTask1=0, mIsContainTaskOther=0
06-28 16:08:33.583  1345  1345 E MI-SF   : MiSurfaceFlingerImpl.cpp.vsyncId=13, oldVsyncId=13, layerName=Leaf:38:38#42
06-28 16:08:33.583  1345  1345 E MI-SF   : MiSurfaceFlingerImpl.cpp.vsyncId=13, mIsContainTask1=0, mIsContainTaskOther=0
06-28 16:08:33.583  1345  1345 E MI-SF   : MiSurfaceFlingerImpl.cpp.vsyncId=13, oldVsyncId=13, layerName=HideDisplayCutout:32:37#34
06-28 16:08:33.583  1345  1345 E MI-SF   : MiSurfaceFlingerImpl.cpp.vsyncId=13, mIsContainTask1=0, mIsContainTaskOther=0
06-28 16:08:33.584  1345  1345 E SurfaceFlinger: MiSurfaceFlingerStub isAnimationScene
06-28 16:08:33.600  1345  1345 E SurfaceFlinger: MiSurfaceFlingerStub isAnimationScene
06-28 16:08:33.650  2456  2509 E SystemServiceRegistry: Manager wrapper not available: security
06-28 16:08:33.666  1345  1345 E MI-SF   : MiSurfaceFlingerImpl.cpp.vsyncId=15, oldVsyncId=13, layerName=bbq-wrapper#2
06-28 16:08:33.666  1345  1345 E MI-SF   : MiSurfaceFlingerImpl.cpp.vsyncId=15, mIsContainTask1=0, mIsContainTaskOther=0
06-28 16:08:33.667  1345  1345 E SurfaceFlinger: MiSurfaceFlingerStub isAnimationScene
06-28 16:08:33.682  2456  2509 E MiuiInputKeyEventLog: TSMC is not found
06-28 16:08:33.684  2456  2509 E SystemServiceRegistry: Manager wrapper not available: security
06-28 16:08:33.687  2456  2509 E SystemServiceRegistry: Manager wrapper not available: security
06-28 16:08:33.689  2456  2509 E SystemServiceRegistry: Manager wrapper not available: security
06-28 16:08:33.690  2456  2509 E SystemServiceRegistry: Manager wrapper not available: security
06-28 16:08:33.692  2456  2509 E SystemServiceRegistry: Manager wrapper not available: security
06-28 16:08:33.694  2456  2509 E SystemServiceRegistry: Manager wrapper not available: security
06-28 16:08:33.695  2456  2509 E SystemServiceRegistry: Manager wrapper not available: security
06-28 16:08:33.697  2456  2509 E SystemServiceRegistry: Manager wrapper not available: security
06-28 16:08:33.698  2456  2509 E SystemServiceRegistry: Manager wrapper not available: security
06-28 16:08:33.701  2456  2509 E SystemServiceRegistry: Manager wrapper not available: security
06-28 16:08:33.703  2456  2509 E SystemServiceRegistry: Manager wrapper not available: security
06-28 16:08:33.705  2456  2509 E SystemServiceRegistry: Manager wrapper not available: security
06-28 16:08:33.707  2456  2509 E SystemServiceRegistry: Manager wrapper not available: security
06-28 16:08:33.709  2456  2509 E SystemServiceRegistry: Manager wrapper not available: security
06-28 16:08:33.711  2456  2509 E SystemServiceRegistry: Manager wrapper not available: security
06-28 16:08:33.713  2456  2509 E SystemServiceRegistry: Manager wrapper not available: security
06-28 16:08:33.715  2456  2509 E SystemServiceRegistry: Manager wrapper not available: security
06-28 16:08:33.716  2456  2509 E SystemServiceRegistry: Manager wrapper not available: security
06-28 16:08:33.718  2456  2509 E SystemServiceRegistry: Manager wrapper not available: security
06-28 16:08:33.720  2456  2509 E SystemServiceRegistry: Manager wrapper not available: security
06-28 16:08:33.722  2456  2509 E SystemServiceRegistry: Manager wrapper not available: security
06-28 16:08:33.724  2456  2509 E SystemServiceRegistry: Manager wrapper not available: security
06-28 16:08:33.726  2456  2509 E SystemServiceRegistry: Manager wrapper not available: security
06-28 16:08:33.728  2456  2509 E SystemServiceRegistry: Manager wrapper not available: security
06-28 16:08:33.737  2456  2665 E SystemServiceRegistry: Manager wrapper not available: security
06-28 16:08:33.740  2456  2509 E SystemServiceRegistry: Manager wrapper not available: security
06-28 16:08:33.742  2456  2509 E SystemServiceRegistry: Manager wrapper not available: security
06-28 16:08:33.744  2456  2509 E SystemServiceRegistry: Manager wrapper not available: security
06-28 16:08:33.745  2456  2509 E SystemServiceRegistry: Manager wrapper not available: security
06-28 16:08:33.749  1126  1126 E zygote  : register_android_view_SurfaceRuntimeShader  
06-28 16:08:33.749  1126  1126 E zygote  : register_android_view_SurfaceRuntimeShader  0
06-28 16:08:33.752  2456  2456 E MiInputManager: setInputConfig not match config, configType: 2, parcel:not null 
06-28 16:08:33.753  2456  2456 E MiInputManager: setInputConfig not match config, configType: 1, parcel:not null 
06-28 16:08:33.755  2456  2456 E MiInputManager: setInputConfig not match config, configType: 1, parcel:not null 
06-28 16:08:33.757  2456  2456 E MiInputManager: setInputConfig not match config, configType: 1, parcel:not null 
06-28 16:08:33.782  2690  2690 E idmap2  : Failed to open APK '/product/overlay/CcmMiuiFrameworkResOverlay.apk': I/O error
06-28 16:08:33.782  2690  2690 E idmap2  : Failed to open APK '/product/overlay/FrameworkExtResCustomizedRegionOverlay.apk': I/O error
06-28 16:08:33.782  2690  2690 E idmap2  : Failed to open APK '/product/overlay/MiuiDefaultConfigOverlay.apk': I/O error
06-28 16:08:33.785  2456  2456 E SystemServiceRegistry: Manager wrapper not available: security
06-28 16:08:33.787  2456  2456 E SystemServiceRegistry: Manager wrapper not available: security
06-28 16:08:33.814  2456  2456 E IntegrityFileManager: Error creating staging and rules directory
06-28 16:08:33.821  2456  2456 E SystemServerI: reboot init app level
06-28 16:08:33.824  2456  2456 E SystemServiceRegistry: Manager wrapper not available: security
06-28 16:08:33.825  2456  2456 E SystemServiceRegistry: Manager wrapper not available: security
06-28 16:08:33.826  2456  2456 E SystemServerI: reboot init app anr level
06-28 16:08:33.827  2456  2456 E SystemServiceRegistry: Manager wrapper not available: security
06-28 16:08:33.840  2456  2456 E InputMethodManagerServiceImpl: Exception cause:Failed to read Settings for MIRROR_INPUT_STATE:android.provider.Settings$SettingNotFoundException: mirror_input_state
06-28 16:08:33.866  1345  1345 E MI-SF   : MiSurfaceFlingerImpl.cpp.vsyncId=23, oldVsyncId=15, layerName=bbq-wrapper#2
06-28 16:08:33.866  1345  1345 E MI-SF   : MiSurfaceFlingerImpl.cpp.vsyncId=23, mIsContainTask1=0, mIsContainTaskOther=0
06-28 16:08:33.867  1345  1345 E SurfaceFlinger: MiSurfaceFlingerStub isAnimationScene
06-28 16:08:33.891  1345  1345 E SurfaceFlinger: MiSurfaceFlingerStub isAnimationScene
06-28 16:08:33.908  1345  1345 E MI-SF   : MiSurfaceFlingerImpl.cpp.vsyncId=32, oldVsyncId=23, layerName=Leaf:34:37#41
06-28 16:08:33.908  1345  1345 E MI-SF   : MiSurfaceFlingerImpl.cpp.vsyncId=32, mIsContainTask1=0, mIsContainTaskOther=0
06-28 16:08:33.908  1345  1345 E MI-SF   : MiSurfaceFlingerImpl.cpp.vsyncId=32, oldVsyncId=32, layerName=OneHanded:26:31#28
06-28 16:08:33.908  1345  1345 E MI-SF   : MiSurfaceFlingerImpl.cpp.vsyncId=32, mIsContainTask1=0, mIsContainTaskOther=0
06-28 16:08:33.908  1345  1345 E MI-SF   : MiSurfaceFlingerImpl.cpp.vsyncId=32, oldVsyncId=32, layerName=Leaf:18:23#25
06-28 16:08:33.908  1345  1345 E MI-SF   : MiSurfaceFlingerImpl.cpp.vsyncId=32, mIsContainTask1=0, mIsContainTaskOther=0
06-28 16:08:33.908  1345  1345 E MI-SF   : MiSurfaceFlingerImpl.cpp.vsyncId=32, oldVsyncId=32, layerName=Leaf:24:25#26
06-28 16:08:33.908  1345  1345 E MI-SF   : MiSurfaceFlingerImpl.cpp.vsyncId=32, mIsContainTask1=0, mIsContainTaskOther=0
06-28 16:08:33.908  1345  1345 E MI-SF   : MiSurfaceFlingerImpl.cpp.vsyncId=32, oldVsyncId=32, layerName=OneHanded:34:37#39
06-28 16:08:33.908  1345  1345 E MI-SF   : MiSurfaceFlingerImpl.cpp.vsyncId=32, mIsContainTask1=0, mIsContainTaskOther=0
06-28 16:08:33.908  1345  1345 E MI-SF   : MiSurfaceFlingerImpl.cpp.vsyncId=32, oldVsyncId=32, layerName=Leaf:26:27#30
06-28 16:08:33.908  1345  1345 E MI-SF   : MiSurfaceFlingerImpl.cpp.vsyncId=32, mIsContainTask1=0, mIsContainTaskOther=0
06-28 16:08:33.908  1345  1345 E MI-SF   : MiSurfaceFlingerImpl.cpp.vsyncId=32, oldVsyncId=32, layerName=Leaf:3:12#9
06-28 16:08:33.908  1345  1345 E MI-SF   : MiSurfaceFlingerImpl.cpp.vsyncId=32, mIsContainTask1=0, mIsContainTaskOther=0
06-28 16:08:33.908  1345  1345 E MI-SF   : MiSurfaceFlingerImpl.cpp.vsyncId=32, oldVsyncId=32, layerName=FullscreenMagnification:33:33#37
06-28 16:08:33.908  1345  1345 E MI-SF   : MiSurfaceFlingerImpl.cpp.vsyncId=32, mIsContainTask1=0, mIsContainTaskOther=0
06-28 16:08:33.908  1345  1345 E MI-SF   : MiSurfaceFlingerImpl.cpp.vsyncId=32, oldVsyncId=32, layerName=Leaf:33:33#38
06-28 16:08:33.908  1345  1345 E MI-SF   : MiSurfaceFlingerImpl.cpp.vsyncId=32, mIsContainTask1=0, mIsContainTaskOther=0
06-28 16:08:33.908  1345  1345 E MI-SF   : MiSurfaceFlingerImpl.cpp.vsyncId=32, oldVsyncId=32, layerName=HideDisplayCutout:26:31#27
06-28 16:08:33.908  1345  1345 E MI-SF   : MiSurfaceFlingerImpl.cpp.vsyncId=32, mIsContainTask1=0, mIsContainTaskOther=0
06-28 16:08:33.908  1345  1345 E MI-SF   : MiSurfaceFlingerImpl.cpp.vsyncId=32, oldVsyncId=32, layerName=OneHanded:18:23#23
06-28 16:08:33.908  1345  1345 E MI-SF   : MiSurfaceFlingerImpl.cpp.vsyncId=32, mIsContainTask1=0, mIsContainTaskOther=0
06-28 16:08:33.908  1345  1345 E MI-SF   : MiSurfaceFlingerImpl.cpp.vsyncId=32, oldVsyncId=32, layerName=HideDisplayCutout:32:37#34
06-28 16:08:33.908  1345  1345 E MI-SF   : MiSurfaceFlingerImpl.cpp.vsyncId=32, mIsContainTask1=0, mIsContainTaskOther=0
06-28 16:08:33.908  1345  1345 E MI-SF   : MiSurfaceFlingerImpl.cpp.vsyncId=32, oldVsyncId=32, layerName=HideDisplayCutout:16:16#15
06-28 16:08:33.908  1345  1345 E MI-SF   : MiSurfaceFlingerImpl.cpp.vsyncId=32, mIsContainTask1=0, mIsContainTaskOther=0
06-28 16:08:33.908  1345  1345 E MI-SF   : MiSurfaceFlingerImpl.cpp.vsyncId=32, oldVsyncId=32, layerName=Leaf:38:38#42
06-28 16:08:33.908  1345  1345 E MI-SF   : MiSurfaceFlingerImpl.cpp.vsyncId=32, mIsContainTask1=0, mIsContainTaskOther=0
06-28 16:08:33.908  1345  1345 E MI-SF   : MiSurfaceFlingerImpl.cpp.vsyncId=32, oldVsyncId=32, layerName=FullscreenMagnification:18:23#24
06-28 16:08:33.908  1345  1345 E MI-SF   : MiSurfaceFlingerImpl.cpp.vsyncId=32, mIsContainTask1=0, mIsContainTaskOther=0
06-28 16:08:33.908  1345  1345 E MI-SF   : MiSurfaceFlingerImpl.cpp.vsyncId=32, oldVsyncId=32, layerName=Leaf:16:16#18
06-28 16:08:33.908  1345  1345 E MI-SF   : MiSurfaceFlingerImpl.cpp.vsyncId=32, mIsContainTask1=0, mIsContainTaskOther=0
06-28 16:08:33.908  1345  1345 E MI-SF   : MiSurfaceFlingerImpl.cpp.vsyncId=32, oldVsyncId=32, layerName=Leaf:28:28#31
06-28 16:08:33.908  1345  1345 E MI-SF   : MiSurfaceFlingerImpl.cpp.vsyncId=32, mIsContainTask1=0, mIsContainTaskOther=0
06-28 16:08:33.908  1345  1345 E MI-SF   : MiSurfaceFlingerImpl.cpp.vsyncId=32, oldVsyncId=32, layerName=Leaf:32:32#36
06-28 16:08:33.908  1345  1345 E MI-SF   : MiSurfaceFlingerImpl.cpp.vsyncId=32, mIsContainTask1=0, mIsContainTaskOther=0
06-28 16:08:33.908  1345  1345 E MI-SF   : MiSurfaceFlingerImpl.cpp.vsyncId=32, oldVsyncId=32, layerName=FullscreenMagnification:34:37#40
06-28 16:08:33.908  1345  1345 E MI-SF   : MiSurfaceFlingerImpl.cpp.vsyncId=32, mIsContainTask1=0, mIsContainTaskOther=0
06-28 16:08:33.908  1345  1345 E MI-SF   : MiSurfaceFlingerImpl.cpp.vsyncId=32, oldVsyncId=32, layerName=FullscreenMagnification:17:17#20
06-28 16:08:33.908  1345  1345 E MI-SF   : MiSurfaceFlingerImpl.cpp.vsyncId=32, mIsContainTask1=0, mIsContainTaskOther=0
06-28 16:08:33.908  1345  1345 E MI-SF   : MiSurfaceFlingerImpl.cpp.vsyncId=32, oldVsyncId=32, layerName=OneHanded:32:32#35
06-28 16:08:33.908  1345  1345 E MI-SF   : MiSurfaceFlingerImpl.cpp.vsyncId=32, mIsContainTask1=0, mIsContainTaskOther=0
06-28 16:08:33.908  1345  1345 E MI-SF   : MiSurfaceFlingerImpl.cpp.vsyncId=32, oldVsyncId=32, layerName=WindowedMagnification:0:31#3
06-28 16:08:33.908  1345  1345 E MI-SF   : MiSurfaceFlingerImpl.cpp.vsyncId=32, mIsContainTask1=0, mIsContainTaskOther=0
06-28 16:08:33.908  1345  1345 E MI-SF   : MiSurfaceFlingerImpl.cpp.vsyncId=32, oldVsyncId=32, layerName=OneHanded:15:15#12
06-28 16:08:33.908  1345  1345 E MI-SF   : MiSurfaceFlingerImpl.cpp.vsyncId=32, mIsContainTask1=0, mIsContainTaskOther=0
06-28 16:08:33.908  1345  1345 E MI-SF   : MiSurfaceFlingerImpl.cpp.vsyncId=32, oldVsyncId=32, layerName=OneHanded:17:17#19
06-28 16:08:33.908  1345  1345 E MI-SF   : MiSurfaceFlingerImpl.cpp.vsyncId=32, mIsContainTask1=0, mIsContainTaskOther=0
06-28 16:08:33.908  1345  1345 E MI-SF   : MiSurfaceFlingerImpl.cpp.vsyncId=32, oldVsyncId=32, layerName=ImeContainer#11
06-28 16:08:33.908  1345  1345 E MI-SF   : MiSurfaceFlingerImpl.cpp.vsyncId=32, mIsContainTask1=0, mIsContainTaskOther=0
06-28 16:08:33.908  1345  1345 E MI-SF   : MiSurfaceFlingerImpl.cpp.vsyncId=32, oldVsyncId=32, layerName=FullscreenMagnification:29:31#32
06-28 16:08:33.908  1345  1345 E MI-SF   : MiSurfaceFlingerImpl.cpp.vsyncId=32, mIsContainTask1=0, mIsContainTaskOther=0
06-28 16:08:33.908  1345  1345 E MI-SF   : MiSurfaceFlingerImpl.cpp.vsyncId=32, oldVsyncId=32, layerName=Leaf:29:31#33
06-28 16:08:33.908  1345  1345 E MI-SF   : MiSurfaceFlingerImpl.cpp.vsyncId=32, mIsContainTask1=0, mIsContainTaskOther=0
06-28 16:08:33.908  1345  1345 E MI-SF   : MiSurfaceFlingerImpl.cpp.vsyncId=32, oldVsyncId=32, layerName=OneHanded:16:16#16
06-28 16:08:33.908  1345  1345 E MI-SF   : MiSurfaceFlingerImpl.cpp.vsyncId=32, mIsContainTask1=0, mIsContainTaskOther=0
06-28 16:08:33.908  1345  1345 E MI-SF   : MiSurfaceFlingerImpl.cpp.vsyncId=32, oldVsyncId=32, layerName=Leaf:15:15#14
06-28 16:08:33.908  1345  1345 E MI-SF   : MiSurfaceFlingerImpl.cpp.vsyncId=32, mIsContainTask1=0, mIsContainTaskOther=0
06-28 16:08:33.908  1345  1345 E MI-SF   : MiSurfaceFlingerImpl.cpp.vsyncId=32, oldVsyncId=32, layerName=MultiWindowImeContainer#48
06-28 16:08:33.908  1345  1345 E MI-SF   : MiSurfaceFlingerImpl.cpp.vsyncId=32, mIsContainTask1=0, mIsContainTaskOther=0
06-28 16:08:33.908  1345  1345 E MI-SF   : MiSurfaceFlingerImpl.cpp.vsyncId=32, oldVsyncId=32, layerName=Leaf:0:1#7
06-28 16:08:33.908  1345  1345 E MI-SF   : MiSurfaceFlingerImpl.cpp.vsyncId=32, mIsContainTask1=0, mIsContainTaskOther=0
06-28 16:08:33.908  1345  1345 E MI-SF   : MiSurfaceFlingerImpl.cpp.vsyncId=32, oldVsyncId=32, layerName=FullscreenMagnification:16:16#17
06-28 16:08:33.908  1345  1345 E MI-SF   : MiSurfaceFlingerImpl.cpp.vsyncId=32, mIsContainTask1=0, mIsContainTaskOther=0
06-28 16:08:33.908  1345  1345 E MI-SF   : MiSurfaceFlingerImpl.cpp.vsyncId=32, oldVsyncId=32, layerName=ImePlaceholder:13:14#10
06-28 16:08:33.908  1345  1345 E MI-SF   : MiSurfaceFlingerImpl.cpp.vsyncId=32, mIsContainTask1=0, mIsContainTaskOther=0
06-28 16:08:33.908  1345  1345 E MI-SF   : MiSurfaceFlingerImpl.cpp.vsyncId=32, oldVsyncId=32, layerName=FullscreenMagnification:15:15#13
06-28 16:08:33.908  1345  1345 E MI-SF   : MiSurfaceFlingerImpl.cpp.vsyncId=32, mIsContainTask1=0, mIsContainTaskOther=0
06-28 16:08:33.908  1345  1345 E MI-SF   : MiSurfaceFlingerImpl.cpp.vsyncId=32, oldVsyncId=32, layerName=HideDisplayCutout:0:14#4
06-28 16:08:33.908  1345  1345 E MI-SF   : MiSurfaceFlingerImpl.cpp.vsyncId=32, mIsContainTask1=0, mIsContainTaskOther=0
06-28 16:08:33.908  1345  1345 E MI-SF   : MiSurfaceFlingerImpl.cpp.vsyncId=32, oldVsyncId=32, layerName=FullscreenMagnification:26:27#29
06-28 16:08:33.908  1345  1345 E MI-SF   : MiSurfaceFlingerImpl.cpp.vsyncId=32, mIsContainTask1=0, mIsContainTaskOther=0
06-28 16:08:33.908  1345  1345 E MI-SF   : MiSurfaceFlingerImpl.cpp.vsyncId=32, oldVsyncId=32, layerName=FullscreenMagnification:0:12#6
06-28 16:08:33.908  1345  1345 E MI-SF   : MiSurfaceFlingerImpl.cpp.vsyncId=32, mIsContainTask1=0, mIsContainTaskOther=0
06-28 16:08:33.908  1345  1345 E MI-SF   : MiSurfaceFlingerImpl.cpp.vsyncId=32, oldVsyncId=32, layerName=HideDisplayCutout:18:23#22
06-28 16:08:33.908  1345  1345 E MI-SF   : MiSurfaceFlingerImpl.cpp.vsyncId=32, mIsContainTask1=0, mIsContainTaskOther=0
06-28 16:08:33.908  1345  1345 E MI-SF   : MiSurfaceFlingerImpl.cpp.vsyncId=32, oldVsyncId=32, layerName=Leaf:17:17#21
06-28 16:08:33.908  1345  1345 E MI-SF   : MiSurfaceFlingerImpl.cpp.vsyncId=32, mIsContainTask1=0, mIsContainTaskOther=0
06-28 16:08:33.908  1345  1345 E MI-SF   : MiSurfaceFlingerImpl.cpp.vsyncId=32, oldVsyncId=32, layerName=DefaultTaskDisplayArea#8
06-28 16:08:33.908  1345  1345 E MI-SF   : MiSurfaceFlingerImpl.cpp.vsyncId=32, mIsContainTask1=0, mIsContainTaskOther=0
06-28 16:08:33.908  1345  1345 E MI-SF   : MiSurfaceFlingerImpl.cpp.vsyncId=32, oldVsyncId=32, layerName=OneHanded:0:14#5
06-28 16:08:33.908  1345  1345 E MI-SF   : MiSurfaceFlingerImpl.cpp.vsyncId=32, mIsContainTask1=0, mIsContainTaskOther=0
06-28 16:08:33.910  1345  1345 E SurfaceFlinger: MiSurfaceFlingerStub isAnimationScene
06-28 16:08:33.917  1345  1345 E SurfaceFlinger: MiSurfaceFlingerStub isAnimationScene
06-28 16:08:33.943  2456  2524 E PinnerService: Could not pin file /system/lib64/libRScpp.so
06-28 16:08:33.943  2456  2524 E PinnerService: android.system.ErrnoException: open failed: ENOENT (No such file or directory)
06-28 16:08:33.943  2456  2524 E PinnerService: 	at libcore.io.Linux.open(Native Method)
06-28 16:08:33.943  2456  2524 E PinnerService: 	at libcore.io.ForwardingOs.open(ForwardingOs.java:563)
06-28 16:08:33.943  2456  2524 E PinnerService: 	at libcore.io.BlockGuardOs.open(BlockGuardOs.java:274)
06-28 16:08:33.943  2456  2524 E PinnerService: 	at android.system.Os.open(Os.java:494)
06-28 16:08:33.943  2456  2524 E PinnerService: 	at com.android.server.PinnerService.pinFileRanges(PinnerService.java:1256)
06-28 16:08:33.943  2456  2524 E PinnerService: 	at com.android.server.PinnerService.pinFileInternal(PinnerService.java:1109)
06-28 16:08:33.943  2456  2524 E PinnerService: 	at com.android.server.PinnerService.-$$Nest$smpinFileInternal(Unknown Source:0)
06-28 16:08:33.943  2456  2524 E PinnerService: 	at com.android.server.PinnerService$Injector.pinFileInternal(PinnerService.java:224)
06-28 16:08:33.943  2456  2524 E PinnerService: 	at com.android.server.PinnerService.handlePinOnStart(PinnerService.java:368)
06-28 16:08:33.943  2456  2524 E PinnerService: 	at com.android.server.PinnerService.-$$Nest$mhandlePinOnStart(Unknown Source:0)
06-28 16:08:33.943  2456  2524 E PinnerService: 	at com.android.server.PinnerService$PinnerHandler.handleMessage(PinnerService.java:1620)
06-28 16:08:33.943  2456  2524 E PinnerService: 	at android.os.Handler.dispatchMessage(Handler.java:107)
06-28 16:08:33.943  2456  2524 E PinnerService: 	at android.os.Looper.loopOnce(Looper.java:249)
06-28 16:08:33.943  2456  2524 E PinnerService: 	at android.os.Looper.loop(Looper.java:337)
06-28 16:08:33.943  2456  2524 E PinnerService: 	at android.os.HandlerThread.run(HandlerThread.java:85)
06-28 16:08:33.944  2456  2524 E PinnerService: Failed to pin file = /system/lib64/libRScpp.so
06-28 16:08:34.066  1345  1345 E MI-SF   : MiSurfaceFlingerImpl.cpp.vsyncId=41, oldVsyncId=32, layerName=bbq-wrapper#2
06-28 16:08:34.066  1345  1345 E MI-SF   : MiSurfaceFlingerImpl.cpp.vsyncId=41, mIsContainTask1=0, mIsContainTaskOther=0
06-28 16:08:34.066  1345  1345 E SurfaceFlinger: MiSurfaceFlingerStub isAnimationScene
06-28 16:08:34.090  2456  2519 E SystemServiceRegistry: Manager wrapper not available: security
06-28 16:08:34.096  2456  2519 E SystemServiceRegistry: Manager wrapper not available: security
06-28 16:08:34.231  1126  1126 E zygote  : Unable to find pattern file or unable to map it for am
06-28 16:08:34.404  2456  2456 E SmartGearConfig: registerSmartGearConfigChangedObserver 
06-28 16:08:34.405  2456  2456 E SmartGearConfig: registerSmartGearConfigChangedObserver path=SmartGearRouterWhiteList
06-28 16:08:34.405  2456  2456 E SmartGearConfig: updateCloudWhiteList type = SmartGearRouterWhiteList whitelist = null
06-28 16:08:34.405  2456  2456 E SmartGearConfig: updateCloudWhiteList whitelist is empty 
06-28 16:08:34.405  2456  2456 E SmartGearConfig: registerSmartGearConfigChangedObserver path=SmartGearAppWhiteList
06-28 16:08:34.406  2456  2456 E SmartGearConfig: updateCloudWhiteList type = SmartGearAppWhiteList whitelist = null
06-28 16:08:34.406  2456  2456 E SmartGearConfig: updateCloudWhiteList whitelist is empty 
06-28 16:08:34.406  2456  2456 E SmartGearConfig: SmartGearConfig construct 
06-28 16:08:34.430  2456  2456 E SmartGearConfig: registerSmartGearConfigChangedObserver 
06-28 16:08:34.431  2456  2456 E SmartGearConfig: registerSmartGearConfigChangedObserver path=SmartGearRouterWhiteList
06-28 16:08:34.431  2456  2456 E SmartGearConfig: updateCloudWhiteList type = SmartGearRouterWhiteList whitelist = null
06-28 16:08:34.431  2456  2456 E SmartGearConfig: updateCloudWhiteList whitelist is empty 
06-28 16:08:34.431  2456  2456 E SmartGearConfig: registerSmartGearConfigChangedObserver path=SmartGearAppWhiteList
06-28 16:08:34.431  2456  2456 E SmartGearConfig: updateCloudWhiteList type = SmartGearAppWhiteList whitelist = null
06-28 16:08:34.431  2456  2456 E SmartGearConfig: updateCloudWhiteList whitelist is empty 
06-28 16:08:34.431  2456  2456 E SmartGearConfig: SmartGearConfig construct 
06-28 16:08:34.453  2456  2456 E AmlWifiExtendUtilsTest: registerMiuiWifiService success
06-28 16:08:34.453  2456  2456 E AmlWifiExtendUtilsTest: registerSlaveWifiService success
06-28 16:08:34.466  2456  2456 E SystemServiceRegistry: Manager wrapper not available: security
06-28 16:08:34.521  2456  2456 E MulticastRoutingCoordinatorService: failed to create multicast socket: android.system.ErrnoException: setsockopt failed: ENOPROTOOPT (Protocol not available)
06-28 16:08:34.532  2456  2456 E FeatureFlagsImplExport: java.lang.NoClassDefFoundError: Failed resolution of: Landroid/os/flagging/AconfigPackage;
06-28 16:08:34.566  2456  2456 E SystemServiceRegistry: Manager wrapper not available: security
06-28 16:08:34.570  2456  2456 E SystemServiceRegistry: Manager wrapper not available: security
06-28 16:08:34.571  2456  2456 E SystemServiceRegistry: Manager wrapper not available: security
06-28 16:08:34.572  2456  2456 E NotificationPrefHelper: createDefaultChannelIfNeededLocked - Exception: android.content.pm.PackageManager$NameNotFoundException: com.qualcomm.qti.performancemode
06-28 16:08:34.583  2456  2456 E NotificationPrefHelper: createDefaultChannelIfNeededLocked - Exception: android.content.pm.PackageManager$NameNotFoundException: com.fido.asm
06-28 16:08:34.586  2456  2456 E NotificationPrefHelper: createDefaultChannelIfNeededLocked - Exception: android.content.pm.PackageManager$NameNotFoundException: com.qualcomm.qtil.btdsda
06-28 16:08:34.590  2456  2456 E NotificationPrefHelper: createDefaultChannelIfNeededLocked - Exception: android.content.pm.PackageManager$NameNotFoundException: com.qualcomm.qti.powersavemode
06-28 16:08:34.591  2456  2456 E NotificationPrefHelper: createDefaultChannelIfNeededLocked - Exception: android.content.pm.PackageManager$NameNotFoundException: com.android.internal.systemui.navbar.gestural_wide_back
06-28 16:08:34.593  2456  2456 E NotificationPrefHelper: createDefaultChannelIfNeededLocked - Exception: android.content.pm.PackageManager$NameNotFoundException: com.android.devicelockcontroller
06-28 16:08:34.594  2456  2456 E NotificationPrefHelper: createDefaultChannelIfNeededLocked - Exception: android.content.pm.PackageManager$NameNotFoundException: com.google.android.apps.turbo
06-28 16:08:34.594  2456  2456 E NotificationPrefHelper: createDefaultChannelIfNeededLocked - Exception: android.content.pm.PackageManager$NameNotFoundException: com.android.internal.systemui.navbar.gestural_extra_wide_back
06-28 16:08:34.595  2456  2456 E NotificationPrefHelper: createDefaultChannelIfNeededLocked - Exception: android.content.pm.PackageManager$NameNotFoundException: com.quicinc.voice.activation
06-28 16:08:34.601  2456  2456 E NotificationPrefHelper: createDefaultChannelIfNeededLocked - Exception: android.content.pm.PackageManager$NameNotFoundException: com.goolge.android.wifi.resources.xiaomi
06-28 16:08:34.602  2456  2456 E NotificationPrefHelper: createDefaultChannelIfNeededLocked - Exception: android.content.pm.PackageManager$NameNotFoundException: com.android.settings.resource.overlay
06-28 16:08:34.602  2456  2456 E NotificationPrefHelper: createDefaultChannelIfNeededLocked - Exception: android.content.pm.PackageManager$NameNotFoundException: com.modemdebug
06-28 16:08:34.608  2456  2456 E NotificationPrefHelper: createDefaultChannelIfNeededLocked - Exception: android.content.pm.PackageManager$NameNotFoundException: com.android.internal.systemui.navbar.gestural_narrow_back
06-28 16:08:34.612  2456  2456 E NotificationPrefHelper: createDefaultChannelIfNeededLocked - Exception: android.content.pm.PackageManager$NameNotFoundException: com.android.provision.resource.overlay
06-28 16:08:34.613  2456  2456 E NotificationPrefHelper: createDefaultChannelIfNeededLocked - Exception: android.content.pm.PackageManager$NameNotFoundException: com.qualcomm.qti.qcolor
06-28 16:08:34.614  2456  2456 E NotificationPrefHelper: createDefaultChannelIfNeededLocked - Exception: android.content.pm.PackageManager$NameNotFoundException: com.miui.miinput
06-28 16:08:34.624  2456  2456 E NotificationPrefHelper: createDefaultChannelIfNeededLocked - Exception: android.content.pm.PackageManager$NameNotFoundException: com.miui.freeform
06-28 16:08:34.654  2456  2456 E SystemServiceRegistry: Manager wrapper not available: security
06-28 16:08:34.655  2456  2456 E SystemServiceRegistry: Manager wrapper not available: security
06-28 16:08:34.658  1246  1246 E vendor.qti.lights: Tri Leds device doesn't exist
06-28 16:08:34.689  2456  2456 E SystemServiceRegistry: Manager wrapper not available: security
06-28 16:08:34.710  1185  1231 E PAL: ResourceManager: setParameter: 8636: SCO output and input devices are all unavailable
06-28 16:08:34.710  1185  1231 E PAL: API: pal_set_param: 997: Failed to set global parameter 11, status -19
06-28 16:08:34.736  2456  2456 E SystemServiceRegistry: Manager wrapper not available: security
06-28 16:08:34.766  2456  2456 E CloudServiceSettings: MiSys V3_0 init failed ==> return
06-28 16:08:34.767  2456  2456 E CloudServiceSettings: Video service binder is null.
06-28 16:08:34.787  2456  2768 E AudioServiceStubImpl: other device
06-28 16:08:34.788  2456  2456 E MQSserver: registerEventListener Failed.
06-28 16:08:34.797  2456  2771 E AudioServiceStubImpl: other device
06-28 16:08:34.799  2456  2776 E AudioServiceStubImpl: other device
06-28 16:08:34.800  2456  2777 E AudioServiceStubImpl: other device
06-28 16:08:34.800  2456  2775 E AudioServiceStubImpl: other device
06-28 16:08:34.810  1185  1231 E PAL: Device: open: 452: Exit. deviceCount 1 for device id 35 (PAL_DEVICE_IN_HANDSET_VA_MIC), exit status: 0
06-28 16:08:34.810  1185  1231 E PAL: Device: open: 460: [open] deviceAttr.id:[35] ,deviceCount:[1] 
06-28 16:08:34.816  1185  1231 E AGM: device: update_sysfs_fd: 159 invalid file handle
06-28 16:08:34.817  1185  1231 E ACDB    : AcdbCmdGetGraphAlias:4153 Error[19]: Graph Alias chunk data does not exist. Is it enabled?.
06-28 16:08:34.817  1185  1231 E gsl     : gsl_get_graph_alias:2182 acdb get graph alias failed 19, len 255
06-28 16:08:34.823  1185  1231 E ACDB    : AcdbCmdGetProcSubgraphCalDataPersist:8416 Error[19]: No calibration found
06-28 16:08:34.823  1185  1231 E ACDB    : AcdbCmdGetProcSubgraphCalDataPersist:8416 Error[19]: No calibration found
06-28 16:08:34.823  1185  1231 E ACDB    : AcdbCmdGetProcSubgraphCalDataPersist:8416 Error[19]: No calibration found
06-28 16:08:34.829  1185  1231 E AGM: device: update_sysfs_fd: 159 invalid file handle
06-28 16:08:34.831  2456  2510 E SystemServiceRegistry: Manager wrapper not available: security
06-28 16:08:34.832  1185  1231 E PAL: Device: close: 495: Exit. deviceCount 0 for device id 35 (PAL_DEVICE_IN_HANDSET_VA_MIC), exit status 0
06-28 16:08:34.832  1185  1231 E PAL: Device: close: 503: [close] deviceAttr.id:[35] ,deviceCount:[0] device_name [PAL_DEVICE_IN_HANDSET_VA_MIC]
06-28 16:08:34.840  2456  2783 E AudioServiceStubImpl: other device
06-28 16:08:34.848  2456  2787 E AudioServiceStubImpl: other device
06-28 16:08:34.849  2456  2456 E WiredAccessoryManager: file /sys/devices/platform/soc/soc:qcom,msm-ext-disp/extcon/extcon3/name not found
06-28 16:08:34.851  2456  2456 E WiredAccessoryManager: file /sys/devices/platform/soc/soc:qcom,msm-ext-disp/extcon/extcon2/name not found
06-28 16:08:34.852  2456  2456 E WiredAccessoryManager: file /sys/devices/platform/soc/soc:qcom,msm-ext-disp/extcon/extcon1/name not found
06-28 16:08:34.853  2456  2790 E AudioServiceStubImpl: other device
06-28 16:08:34.853  2456  2456 E WiredAccessoryManager: file /sys/devices/platform/soc/soc:qcom,msm-ext-disp/extcon/extcon0/name not found
06-28 16:08:34.854  2456  2456 E WiredAccessoryManager: file /sys/devices/platform/soc/soc:qcom,msm-ext-disp/extcon/extcon3/name not found
06-28 16:08:34.854  2456  2791 E AudioServiceStubImpl: other device
06-28 16:08:34.855  2456  2456 E WiredAccessoryManager: file /sys/devices/platform/soc/soc:qcom,msm-ext-disp/extcon/extcon2/name not found
06-28 16:08:34.855  2456  2456 E WiredAccessoryManager: file /sys/devices/platform/soc/soc:qcom,msm-ext-disp/extcon/extcon1/name not found
06-28 16:08:34.855  2456  2456 E WiredAccessoryManager: file /sys/devices/platform/soc/soc:qcom,msm-ext-disp/extcon/extcon0/name not found
06-28 16:08:34.895  1224  2795 E android.hardware.usb@1.2-service-qti: creating thread
06-28 16:08:34.977  1338  1483 E APM_AudioPolicyManager: setVolumeCurveIndex: wrong index 10 min=0 max=1, device 0x40000000
06-28 16:08:34.977  2456  2763 E AudioSystem-JNI: Command failed for android_media_AudioSystem_setVolumeIndexForAttributes: -22
06-28 16:08:34.978  1338  1483 E APM_AudioPolicyManager: setVolumeCurveIndex: wrong index 10 min=0 max=1, device 0x40000000
06-28 16:08:34.978  2456  2763 E AudioSystem-JNI: Command failed for android_media_AudioSystem_setVolumeIndexForAttributes: -22
06-28 16:08:34.986  2456  2763 E AudioService.FoldAngelHelper: get fold sensor faild
06-28 16:08:34.986  2456  2763 E AudioService.FoldAngelHelper: get fold sensor faild
06-28 16:08:34.986  2456  2763 E SensorManager: sensor or listener is null
06-28 16:08:34.987  2456  2763 E SensorManager: sensor or listener is null
06-28 16:08:34.990  2456  2763 E BluetoothAdapter: Bluetooth service is null
06-28 16:08:34.990  2456  2763 E BluetoothAdapter: Bluetooth service is null
06-28 16:08:34.991  2456  2763 E BluetoothAdapter: Bluetooth service is null
06-28 16:08:34.991  2456  2763 E BluetoothAdapter: Bluetooth service is null
06-28 16:08:34.992  2456  2456 E JobScheduler: ResourceBudgetManagerInternal is null
06-28 16:08:34.995  2456  2796 E AudioServiceStubImpl: other device
06-28 16:08:35.001  2456  2799 E AudioServiceStubImpl: other device
06-28 16:08:35.003  2456  2800 E MiInputManager: setInputConfig not match config, configType: 2, parcel:not null 
06-28 16:08:35.003  2456  2800 E MiInputManager: setInputConfig not match config, configType: 2, parcel:not null 
06-28 16:08:35.007  2456  2803 E AudioServiceStubImpl: other device
06-28 16:08:35.008  2456  2805 E AudioServiceStubImpl: other device
06-28 16:08:35.010  2456  2806 E AudioServiceStubImpl: other device
06-28 16:08:35.039  2456  2808 E AudioServiceStubImpl: other device
06-28 16:08:35.048  2456  2811 E AudioServiceStubImpl: other device
06-28 16:08:35.053  2456  2456 E EnableStateManager: android.content.pm.PackageManager$NameNotFoundException: com.mipay.wallet.in
06-28 16:08:35.053  2456  2456 E EnableStateManager: android.content.pm.PackageManager$NameNotFoundException: com.mipay.wallet.in
06-28 16:08:35.053  2456  2456 E EnableStateManager: 	at android.app.ApplicationPackageManager.getApplicationInfoAsUser(ApplicationPackageManager.java:532)
06-28 16:08:35.053  2456  2456 E EnableStateManager: 	at android.app.ApplicationPackageManager.getApplicationInfo(ApplicationPackageManager.java:515)
06-28 16:08:35.053  2456  2456 E EnableStateManager: 	at android.app.ApplicationPackageManager.getApplicationInfo(ApplicationPackageManager.java:509)
06-28 16:08:35.053  2456  2456 E EnableStateManager: 	at com.miui.server.EnableStateManager.isAppInstalled(EnableStateManager.java:218)
06-28 16:08:35.053  2456  2456 E EnableStateManager: 	at com.miui.server.EnableStateManager.updateApplicationEnableStateInner(EnableStateManager.java:182)
06-28 16:08:35.053  2456  2456 E EnableStateManager: 	at com.miui.server.EnableStateManager.updateApplicationEnableState(EnableStateManager.java:87)
06-28 16:08:35.053  2456  2456 E EnableStateManager: 	at com.miui.server.MiuiInitServer.<init>(MiuiInitServer.java:85)
06-28 16:08:35.053  2456  2456 E EnableStateManager: 	at com.miui.server.MiuiInitServer$Lifecycle.<init>(MiuiInitServer.java:74)
06-28 16:08:35.053  2456  2456 E EnableStateManager: 	at java.lang.reflect.Constructor.newInstance0(Native Method)
06-28 16:08:35.053  2456  2456 E EnableStateManager: 	at java.lang.reflect.Constructor.newInstance(Constructor.java:343)
06-28 16:08:35.053  2456  2456 E EnableStateManager: 	at com.android.server.SystemServiceManager.startService(SystemServiceManager.java:251)
06-28 16:08:35.053  2456  2456 E EnableStateManager: 	at com.android.server.SystemServiceManager.startService(SystemServiceManager.java:155)
06-28 16:08:35.053  2456  2456 E EnableStateManager: 	at com.android.server.SystemServerImpl.startService(SystemServerImpl.java:183)
06-28 16:08:35.053  2456  2456 E EnableStateManager: 	at com.android.server.SystemServerImpl.addExtraServices(SystemServerImpl.java:208)
06-28 16:08:35.053  2456  2456 E EnableStateManager: 	at com.android.server.SystemServer.startOtherServices(SystemServer.java:2593)
06-28 16:08:35.053  2456  2456 E EnableStateManager: 	at com.android.server.SystemServer.run(SystemServer.java:1032)
06-28 16:08:35.053  2456  2456 E EnableStateManager: 	at com.android.server.SystemServer.main(SystemServer.java:727)
06-28 16:08:35.053  2456  2456 E EnableStateManager: 	at java.lang.reflect.Method.invoke(Native Method)
06-28 16:08:35.053  2456  2456 E EnableStateManager: 	at com.android.internal.os.RuntimeInit$MethodAndArgsCaller.run(RuntimeInit.java:593)
06-28 16:08:35.053  2456  2456 E EnableStateManager: 	at com.android.internal.os.ZygoteInit.main(ZygoteInit.java:914)
06-28 16:08:35.053  2456  2815 E AudioServiceStubImpl: other device
06-28 16:08:35.053  2456  2814 E AudioServiceStubImpl: other device
06-28 16:08:35.054  2456  2456 E EnableStateManager: android.content.pm.PackageManager$NameNotFoundException: com.miui.virtualsim
06-28 16:08:35.054  2456  2456 E EnableStateManager: android.content.pm.PackageManager$NameNotFoundException: com.miui.virtualsim
06-28 16:08:35.054  2456  2456 E EnableStateManager: 	at android.app.ApplicationPackageManager.getApplicationInfoAsUser(ApplicationPackageManager.java:532)
06-28 16:08:35.054  2456  2456 E EnableStateManager: 	at android.app.ApplicationPackageManager.getApplicationInfo(ApplicationPackageManager.java:515)
06-28 16:08:35.054  2456  2456 E EnableStateManager: 	at android.app.ApplicationPackageManager.getApplicationInfo(ApplicationPackageManager.java:509)
06-28 16:08:35.054  2456  2456 E EnableStateManager: 	at com.miui.server.EnableStateManager.isAppInstalled(EnableStateManager.java:218)
06-28 16:08:35.054  2456  2456 E EnableStateManager: 	at com.miui.server.EnableStateManager.updateApplicationEnableStateInner(EnableStateManager.java:182)
06-28 16:08:35.054  2456  2456 E EnableStateManager: 	at com.miui.server.EnableStateManager.updateApplicationEnableState(EnableStateManager.java:87)
06-28 16:08:35.054  2456  2456 E EnableStateManager: 	at com.miui.server.MiuiInitServer.<init>(MiuiInitServer.java:85)
06-28 16:08:35.054  2456  2456 E EnableStateManager: 	at com.miui.server.MiuiInitServer$Lifecycle.<init>(MiuiInitServer.java:74)
06-28 16:08:35.054  2456  2456 E EnableStateManager: 	at java.lang.reflect.Constructor.newInstance0(Native Method)
06-28 16:08:35.054  2456  2456 E EnableStateManager: 	at java.lang.reflect.Constructor.newInstance(Constructor.java:343)
06-28 16:08:35.054  2456  2456 E EnableStateManager: 	at com.android.server.SystemServiceManager.startService(SystemServiceManager.java:251)
06-28 16:08:35.054  2456  2456 E EnableStateManager: 	at com.android.server.SystemServiceManager.startService(SystemServiceManager.java:155)
06-28 16:08:35.054  2456  2456 E EnableStateManager: 	at com.android.server.SystemServerImpl.startService(SystemServerImpl.java:183)
06-28 16:08:35.054  2456  2456 E EnableStateManager: 	at com.android.server.SystemServerImpl.addExtraServices(SystemServerImpl.java:208)
06-28 16:08:35.054  2456  2456 E EnableStateManager: 	at com.android.server.SystemServer.startOtherServices(SystemServer.java:2593)
06-28 16:08:35.054  2456  2456 E EnableStateManager: 	at com.android.server.SystemServer.run(SystemServer.java:1032)
06-28 16:08:35.054  2456  2456 E EnableStateManager: 	at com.android.server.SystemServer.main(SystemServer.java:727)
06-28 16:08:35.054  2456  2456 E EnableStateManager: 	at java.lang.reflect.Method.invoke(Native Method)
06-28 16:08:35.054  2456  2456 E EnableStateManager: 	at com.android.internal.os.RuntimeInit$MethodAndArgsCaller.run(RuntimeInit.java:593)
06-28 16:08:35.054  2456  2456 E EnableStateManager: 	at com.android.internal.os.ZygoteInit.main(ZygoteInit.java:914)
06-28 16:08:35.055  2456  2456 E EnableStateManager: android.content.pm.PackageManager$NameNotFoundException: com.mi.globalTrendNews
06-28 16:08:35.055  2456  2456 E EnableStateManager: android.content.pm.PackageManager$NameNotFoundException: com.mi.globalTrendNews
06-28 16:08:35.055  2456  2456 E EnableStateManager: 	at android.app.ApplicationPackageManager.getApplicationInfoAsUser(ApplicationPackageManager.java:532)
06-28 16:08:35.055  2456  2456 E EnableStateManager: 	at android.app.ApplicationPackageManager.getApplicationInfo(ApplicationPackageManager.java:515)
06-28 16:08:35.055  2456  2456 E EnableStateManager: 	at android.app.ApplicationPackageManager.getApplicationInfo(ApplicationPackageManager.java:509)
06-28 16:08:35.055  2456  2456 E EnableStateManager: 	at com.miui.server.EnableStateManager.isAppInstalled(EnableStateManager.java:218)
06-28 16:08:35.055  2456  2456 E EnableStateManager: 	at com.miui.server.EnableStateManager.updateApplicationEnableStateInner(EnableStateManager.java:182)
06-28 16:08:35.055  2456  2456 E EnableStateManager: 	at com.miui.server.EnableStateManager.updateApplicationEnableState(EnableStateManager.java:87)
06-28 16:08:35.055  2456  2456 E EnableStateManager: 	at com.miui.server.MiuiInitServer.<init>(MiuiInitServer.java:85)
06-28 16:08:35.055  2456  2456 E EnableStateManager: 	at com.miui.server.MiuiInitServer$Lifecycle.<init>(MiuiInitServer.java:74)
06-28 16:08:35.055  2456  2456 E EnableStateManager: 	at java.lang.reflect.Constructor.newInstance0(Native Method)
06-28 16:08:35.055  2456  2456 E EnableStateManager: 	at java.lang.reflect.Constructor.newInstance(Constructor.java:343)
06-28 16:08:35.055  2456  2456 E EnableStateManager: 	at com.android.server.SystemServiceManager.startService(SystemServiceManager.java:251)
06-28 16:08:35.055  2456  2456 E EnableStateManager: 	at com.android.server.SystemServiceManager.startService(SystemServiceManager.java:155)
