06-29 22:17:49.961   877   877 E sscrpcd : vendor/qcom/proprietary/adsprpc/src/fastrpc_apps_user.c:3094: Error 0x0: open_device_node failed for domain ID 0, sess ID 0 (errno 2, No such file or directory)
06-29 22:17:49.961   877   877 E sscrpcd : vendor/qcom/proprietary/adsprpc/src/fastrpc_apps_user.c:3394::Error: 0x200: dev >= 0
06-29 22:17:49.961   877   877 E sscrpcd : vendor/qcom/proprietary/adsprpc/src/fastrpc_apps_user.c:3560: Error 0x200: apps_dev_init failed for domain 0, errno No such file or directory, ioErr 0
06-29 22:17:49.961   877   877 E sscrpcd : vendor/qcom/proprietary/adsprpc/src/fastrpc_apps_user.c:3709: Error 0x200: open_dev (-1) failed for domain 0 (errno No such file or directory)
06-29 22:17:49.961   877   877 E sscrpcd : vendor/qcom/proprietary/adsprpc/src/fastrpc_apps_user.c:3094: Error 0x0: open_device_node failed for domain ID 0, sess ID 0 (errno 2, No such file or directory)
06-29 22:17:49.961   877   877 E sscrpcd : vendor/qcom/proprietary/adsprpc/src/fastrpc_apps_user.c:1974::Error: 0x200: 0 <= (dev = open_device_node((int)domain))
06-29 22:17:49.961   877   877 E sscrpcd : vendor/qcom/proprietary/adsprpc/src/fastrpc_apps_user.c:1532: Error 0x200: remote_handle_open failed for adsp_default_listener (errno No such file or directory)
06-29 22:17:49.961   877   877 E sscrpcd : vendor/qcom/proprietary/adsprpc/src/adsp_default_listener.c:70::error: 0x200: 0 == (nErr = remote_handle_open("adsp_default_listener", &listener_fd))
06-29 22:17:49.961   877   877 E sscrpcd : vendor/qcom/proprietary/adsprpc/src/adsp_default_listener.c:91:Error 0x200: adsp_default_listener_start exiting
06-29 22:17:49.984   587   587 E audioadsprpcd: vendor/qcom/proprietary/adsprpc/src/adsp_default_listener.c:67:adsp_default_listener_start started
06-29 22:17:49.984   587   587 E audioadsprpcd: vendor/qcom/proprietary/adsprpc/src/fastrpc_apps_user.c:3094: Error 0x0: open_device_node failed for domain ID 0, sess ID 0 (errno 2, No such file or directory)
06-29 22:17:49.984   587   587 E audioadsprpcd: vendor/qcom/proprietary/adsprpc/src/fastrpc_apps_user.c:3394::Error: 0x200: dev >= 0
06-29 22:17:49.984   587   587 E audioadsprpcd: vendor/qcom/proprietary/adsprpc/src/fastrpc_apps_user.c:3560: Error 0x200: apps_dev_init failed for domain 0, errno No such file or directory, ioErr 0
06-29 22:17:49.984   587   587 E audioadsprpcd: vendor/qcom/proprietary/adsprpc/src/fastrpc_apps_user.c:3709: Error 0x200: open_dev (-1) failed for domain 0 (errno No such file or directory)
06-29 22:17:49.984   587   587 E audioadsprpcd: vendor/qcom/proprietary/adsprpc/src/fastrpc_apps_user.c:3094: Error 0x0: open_device_node failed for domain ID 0, sess ID 0 (errno 2, No such file or directory)
06-29 22:17:49.984   587   587 E audioadsprpcd: vendor/qcom/proprietary/adsprpc/src/fastrpc_apps_user.c:1974::Error: 0x200: 0 <= (dev = open_device_node((int)domain))
06-29 22:17:49.984   587   587 E audioadsprpcd: vendor/qcom/proprietary/adsprpc/src/fastrpc_apps_user.c:1532: Error 0x200: remote_handle_open failed for adsp_default_listener (errno No such file or directory)
06-29 22:17:49.984   587   587 E audioadsprpcd: vendor/qcom/proprietary/adsprpc/src/adsp_default_listener.c:70::error: 0x200: 0 == (nErr = remote_handle_open("adsp_default_listener", &listener_fd))
06-29 22:17:49.984   587   587 E audioadsprpcd: vendor/qcom/proprietary/adsprpc/src/adsp_default_listener.c:91:Error 0x200: adsp_default_listener_start exiting
06-29 22:17:49.985   587   587 E audioadsprpcd: vendor/qcom/opensource/audio-hal/primary-hal/adsprpcd/adsprpcd.c:77:audio adsp daemon will restart after 25ms...
06-29 22:17:49.989   877   877 E sscrpcd : vendor/qcom/proprietary/adsprpc/src/adsp_default_listener.c:67:adsp_default_listener_start started
06-29 22:17:49.989   877   877 E sscrpcd : vendor/qcom/proprietary/adsprpc/src/fastrpc_apps_user.c:3094: Error 0x0: open_device_node failed for domain ID 0, sess ID 0 (errno 2, No such file or directory)
06-29 22:17:49.989   877   877 E sscrpcd : vendor/qcom/proprietary/adsprpc/src/fastrpc_apps_user.c:3394::Error: 0x200: dev >= 0
06-29 22:17:49.989   877   877 E sscrpcd : vendor/qcom/proprietary/adsprpc/src/fastrpc_apps_user.c:3560: Error 0x200: apps_dev_init failed for domain 0, errno No such file or directory, ioErr 0
06-29 22:17:49.989   877   877 E sscrpcd : vendor/qcom/proprietary/adsprpc/src/fastrpc_apps_user.c:3709: Error 0x200: open_dev (-1) failed for domain 0 (errno No such file or directory)
06-29 22:17:49.989   877   877 E sscrpcd : vendor/qcom/proprietary/adsprpc/src/fastrpc_apps_user.c:3094: Error 0x0: open_device_node failed for domain ID 0, sess ID 0 (errno 2, No such file or directory)
06-29 22:17:49.989   877   877 E sscrpcd : vendor/qcom/proprietary/adsprpc/src/fastrpc_apps_user.c:1974::Error: 0x200: 0 <= (dev = open_device_node((int)domain))
06-29 22:17:49.989   877   877 E sscrpcd : vendor/qcom/proprietary/adsprpc/src/fastrpc_apps_user.c:1532: Error 0x200: remote_handle_open failed for adsp_default_listener (errno No such file or directory)
06-29 22:17:49.989   877   877 E sscrpcd : vendor/qcom/proprietary/adsprpc/src/adsp_default_listener.c:70::error: 0x200: 0 == (nErr = remote_handle_open("adsp_default_listener", &listener_fd))
06-29 22:17:49.989   877   877 E sscrpcd : vendor/qcom/proprietary/adsprpc/src/adsp_default_listener.c:91:Error 0x200: adsp_default_listener_start exiting
06-29 22:17:50.012   587   587 E audioadsprpcd: vendor/qcom/proprietary/adsprpc/src/adsp_default_listener.c:67:adsp_default_listener_start started
06-29 22:17:50.012   587   587 E audioadsprpcd: vendor/qcom/proprietary/adsprpc/src/fastrpc_apps_user.c:3094: Error 0x0: open_device_node failed for domain ID 0, sess ID 0 (errno 2, No such file or directory)
06-29 22:17:50.012   587   587 E audioadsprpcd: vendor/qcom/proprietary/adsprpc/src/fastrpc_apps_user.c:3394::Error: 0x200: dev >= 0
06-29 22:17:50.012   587   587 E audioadsprpcd: vendor/qcom/proprietary/adsprpc/src/fastrpc_apps_user.c:3560: Error 0x200: apps_dev_init failed for domain 0, errno No such file or directory, ioErr 0
06-29 22:17:50.012   587   587 E audioadsprpcd: vendor/qcom/proprietary/adsprpc/src/fastrpc_apps_user.c:3709: Error 0x200: open_dev (-1) failed for domain 0 (errno No such file or directory)
06-29 22:17:50.012   587   587 E audioadsprpcd: vendor/qcom/proprietary/adsprpc/src/fastrpc_apps_user.c:3094: Error 0x0: open_device_node failed for domain ID 0, sess ID 0 (errno 2, No such file or directory)
06-29 22:17:50.012   587   587 E audioadsprpcd: vendor/qcom/proprietary/adsprpc/src/fastrpc_apps_user.c:1974::Error: 0x200: 0 <= (dev = open_device_node((int)domain))
06-29 22:17:50.012   587   587 E audioadsprpcd: vendor/qcom/proprietary/adsprpc/src/fastrpc_apps_user.c:1532: Error 0x200: remote_handle_open failed for adsp_default_listener (errno No such file or directory)
06-29 22:17:50.013   587   587 E audioadsprpcd: vendor/qcom/proprietary/adsprpc/src/adsp_default_listener.c:70::error: 0x200: 0 == (nErr = remote_handle_open("adsp_default_listener", &listener_fd))
06-29 22:17:50.013   587   587 E audioadsprpcd: vendor/qcom/proprietary/adsprpc/src/adsp_default_listener.c:91:Error 0x200: adsp_default_listener_start exiting
06-29 22:17:50.014   587   587 E audioadsprpcd: vendor/qcom/opensource/audio-hal/primary-hal/adsprpcd/adsprpcd.c:77:audio adsp daemon will restart after 25ms...
06-29 22:17:50.017   877   877 E sscrpcd : vendor/qcom/proprietary/adsprpc/src/adsp_default_listener.c:67:adsp_default_listener_start started
06-29 22:17:50.017   877   877 E sscrpcd : vendor/qcom/proprietary/adsprpc/src/fastrpc_apps_user.c:3094: Error 0x0: open_device_node failed for domain ID 0, sess ID 0 (errno 2, No such file or directory)
06-29 22:17:50.017   877   877 E sscrpcd : vendor/qcom/proprietary/adsprpc/src/fastrpc_apps_user.c:3394::Error: 0x200: dev >= 0
06-29 22:17:50.018   877   877 E sscrpcd : vendor/qcom/proprietary/adsprpc/src/fastrpc_apps_user.c:3560: Error 0x200: apps_dev_init failed for domain 0, errno No such file or directory, ioErr 0
06-29 22:17:50.018   877   877 E sscrpcd : vendor/qcom/proprietary/adsprpc/src/fastrpc_apps_user.c:3709: Error 0x200: open_dev (-1) failed for domain 0 (errno No such file or directory)
06-29 22:17:50.018   877   877 E sscrpcd : vendor/qcom/proprietary/adsprpc/src/fastrpc_apps_user.c:3094: Error 0x0: open_device_node failed for domain ID 0, sess ID 0 (errno 2, No such file or directory)
06-29 22:17:50.018   877   877 E sscrpcd : vendor/qcom/proprietary/adsprpc/src/fastrpc_apps_user.c:1974::Error: 0x200: 0 <= (dev = open_device_node((int)domain))
06-29 22:17:50.018   877   877 E sscrpcd : vendor/qcom/proprietary/adsprpc/src/fastrpc_apps_user.c:1532: Error 0x200: remote_handle_open failed for adsp_default_listener (errno No such file or directory)
06-29 22:17:50.018   877   877 E sscrpcd : vendor/qcom/proprietary/adsprpc/src/adsp_default_listener.c:70::error: 0x200: 0 == (nErr = remote_handle_open("adsp_default_listener", &listener_fd))
06-29 22:17:50.018   877   877 E sscrpcd : vendor/qcom/proprietary/adsprpc/src/adsp_default_listener.c:91:Error 0x200: adsp_default_listener_start exiting
06-29 22:17:50.040   587   587 E audioadsprpcd: vendor/qcom/proprietary/adsprpc/src/adsp_default_listener.c:67:adsp_default_listener_start started
06-29 22:17:50.041   587   587 E audioadsprpcd: vendor/qcom/proprietary/adsprpc/src/fastrpc_apps_user.c:3094: Error 0x0: open_device_node failed for domain ID 0, sess ID 0 (errno 2, No such file or directory)
06-29 22:17:50.041   587   587 E audioadsprpcd: vendor/qcom/proprietary/adsprpc/src/fastrpc_apps_user.c:3394::Error: 0x200: dev >= 0
06-29 22:17:50.041   587   587 E audioadsprpcd: vendor/qcom/proprietary/adsprpc/src/fastrpc_apps_user.c:3560: Error 0x200: apps_dev_init failed for domain 0, errno No such file or directory, ioErr 0
06-29 22:17:50.041   587   587 E audioadsprpcd: vendor/qcom/proprietary/adsprpc/src/fastrpc_apps_user.c:3709: Error 0x200: open_dev (-1) failed for domain 0 (errno No such file or directory)
06-29 22:17:50.041   587   587 E audioadsprpcd: vendor/qcom/proprietary/adsprpc/src/fastrpc_apps_user.c:3094: Error 0x0: open_device_node failed for domain ID 0, sess ID 0 (errno 2, No such file or directory)
06-29 22:17:50.041   587   587 E audioadsprpcd: vendor/qcom/proprietary/adsprpc/src/fastrpc_apps_user.c:1974::Error: 0x200: 0 <= (dev = open_device_node((int)domain))
06-29 22:17:50.041   587   587 E audioadsprpcd: vendor/qcom/proprietary/adsprpc/src/fastrpc_apps_user.c:1532: Error 0x200: remote_handle_open failed for adsp_default_listener (errno No such file or directory)
06-29 22:17:50.041   587   587 E audioadsprpcd: vendor/qcom/proprietary/adsprpc/src/adsp_default_listener.c:70::error: 0x200: 0 == (nErr = remote_handle_open("adsp_default_listener", &listener_fd))
06-29 22:17:50.041   587   587 E audioadsprpcd: vendor/qcom/proprietary/adsprpc/src/adsp_default_listener.c:91:Error 0x200: adsp_default_listener_start exiting
06-29 22:17:50.042   587   587 E audioadsprpcd: vendor/qcom/opensource/audio-hal/primary-hal/adsprpcd/adsprpcd.c:77:audio adsp daemon will restart after 25ms...
06-29 22:17:50.046   877   877 E sscrpcd : vendor/qcom/proprietary/adsprpc/src/adsp_default_listener.c:67:adsp_default_listener_start started
06-29 22:17:50.046   877   877 E sscrpcd : vendor/qcom/proprietary/adsprpc/src/fastrpc_apps_user.c:3094: Error 0x0: open_device_node failed for domain ID 0, sess ID 0 (errno 2, No such file or directory)
06-29 22:17:50.046   877   877 E sscrpcd : vendor/qcom/proprietary/adsprpc/src/fastrpc_apps_user.c:3394::Error: 0x200: dev >= 0
06-29 22:17:50.046   877   877 E sscrpcd : vendor/qcom/proprietary/adsprpc/src/fastrpc_apps_user.c:3560: Error 0x200: apps_dev_init failed for domain 0, errno No such file or directory, ioErr 0
06-29 22:17:50.046   877   877 E sscrpcd : vendor/qcom/proprietary/adsprpc/src/fastrpc_apps_user.c:3709: Error 0x200: open_dev (-1) failed for domain 0 (errno No such file or directory)
06-29 22:17:50.046   877   877 E sscrpcd : vendor/qcom/proprietary/adsprpc/src/fastrpc_apps_user.c:3094: Error 0x0: open_device_node failed for domain ID 0, sess ID 0 (errno 2, No such file or directory)
06-29 22:17:50.046   877   877 E sscrpcd : vendor/qcom/proprietary/adsprpc/src/fastrpc_apps_user.c:1974::Error: 0x200: 0 <= (dev = open_device_node((int)domain))
06-29 22:17:50.046   877   877 E sscrpcd : vendor/qcom/proprietary/adsprpc/src/fastrpc_apps_user.c:1532: Error 0x200: remote_handle_open failed for adsp_default_listener (errno No such file or directory)
06-29 22:17:50.046   877   877 E sscrpcd : vendor/qcom/proprietary/adsprpc/src/adsp_default_listener.c:70::error: 0x200: 0 == (nErr = remote_handle_open("adsp_default_listener", &listener_fd))
06-29 22:17:50.046   877   877 E sscrpcd : vendor/qcom/proprietary/adsprpc/src/adsp_default_listener.c:91:Error 0x200: adsp_default_listener_start exiting
06-29 22:17:50.069   587   587 E audioadsprpcd: vendor/qcom/proprietary/adsprpc/src/adsp_default_listener.c:67:adsp_default_listener_start started
06-29 22:17:50.069   587   587 E audioadsprpcd: vendor/qcom/proprietary/adsprpc/src/fastrpc_apps_user.c:3094: Error 0x0: open_device_node failed for domain ID 0, sess ID 0 (errno 2, No such file or directory)
06-29 22:17:50.069   587   587 E audioadsprpcd: vendor/qcom/proprietary/adsprpc/src/fastrpc_apps_user.c:3394::Error: 0x200: dev >= 0
06-29 22:17:50.069   587   587 E audioadsprpcd: vendor/qcom/proprietary/adsprpc/src/fastrpc_apps_user.c:3560: Error 0x200: apps_dev_init failed for domain 0, errno No such file or directory, ioErr 0
06-29 22:17:50.069   587   587 E audioadsprpcd: vendor/qcom/proprietary/adsprpc/src/fastrpc_apps_user.c:3709: Error 0x200: open_dev (-1) failed for domain 0 (errno No such file or directory)
06-29 22:17:50.069   587   587 E audioadsprpcd: vendor/qcom/proprietary/adsprpc/src/fastrpc_apps_user.c:3094: Error 0x0: open_device_node failed for domain ID 0, sess ID 0 (errno 2, No such file or directory)
06-29 22:17:50.069   587   587 E audioadsprpcd: vendor/qcom/proprietary/adsprpc/src/fastrpc_apps_user.c:1974::Error: 0x200: 0 <= (dev = open_device_node((int)domain))
06-29 22:17:50.069   587   587 E audioadsprpcd: vendor/qcom/proprietary/adsprpc/src/fastrpc_apps_user.c:1532: Error 0x200: remote_handle_open failed for adsp_default_listener (errno No such file or directory)
06-29 22:17:50.069   587   587 E audioadsprpcd: vendor/qcom/proprietary/adsprpc/src/adsp_default_listener.c:70::error: 0x200: 0 == (nErr = remote_handle_open("adsp_default_listener", &listener_fd))
06-29 22:17:50.069   587   587 E audioadsprpcd: vendor/qcom/proprietary/adsprpc/src/adsp_default_listener.c:91:Error 0x200: adsp_default_listener_start exiting
06-29 22:17:50.070   587   587 E audioadsprpcd: vendor/qcom/opensource/audio-hal/primary-hal/adsprpcd/adsprpcd.c:77:audio adsp daemon will restart after 25ms...
06-29 22:17:50.074   877   877 E sscrpcd : vendor/qcom/proprietary/adsprpc/src/adsp_default_listener.c:67:adsp_default_listener_start started
06-29 22:17:50.074   877   877 E sscrpcd : vendor/qcom/proprietary/adsprpc/src/fastrpc_apps_user.c:3094: Error 0x0: open_device_node failed for domain ID 0, sess ID 0 (errno 2, No such file or directory)
06-29 22:17:50.074   877   877 E sscrpcd : vendor/qcom/proprietary/adsprpc/src/fastrpc_apps_user.c:3394::Error: 0x200: dev >= 0
06-29 22:17:50.074   877   877 E sscrpcd : vendor/qcom/proprietary/adsprpc/src/fastrpc_apps_user.c:3560: Error 0x200: apps_dev_init failed for domain 0, errno No such file or directory, ioErr 0
06-29 22:17:50.074   877   877 E sscrpcd : vendor/qcom/proprietary/adsprpc/src/fastrpc_apps_user.c:3709: Error 0x200: open_dev (-1) failed for domain 0 (errno No such file or directory)
06-29 22:17:50.075   877   877 E sscrpcd : vendor/qcom/proprietary/adsprpc/src/fastrpc_apps_user.c:3094: Error 0x0: open_device_node failed for domain ID 0, sess ID 0 (errno 2, No such file or directory)
06-29 22:17:50.075   877   877 E sscrpcd : vendor/qcom/proprietary/adsprpc/src/fastrpc_apps_user.c:1974::Error: 0x200: 0 <= (dev = open_device_node((int)domain))
06-29 22:17:50.075   877   877 E sscrpcd : vendor/qcom/proprietary/adsprpc/src/fastrpc_apps_user.c:1532: Error 0x200: remote_handle_open failed for adsp_default_listener (errno No such file or directory)
06-29 22:17:50.075   877   877 E sscrpcd : vendor/qcom/proprietary/adsprpc/src/adsp_default_listener.c:70::error: 0x200: 0 == (nErr = remote_handle_open("adsp_default_listener", &listener_fd))
06-29 22:17:50.075   877   877 E sscrpcd : vendor/qcom/proprietary/adsprpc/src/adsp_default_listener.c:91:Error 0x200: adsp_default_listener_start exiting
06-29 22:17:50.097   587   587 E audioadsprpcd: vendor/qcom/proprietary/adsprpc/src/adsp_default_listener.c:67:adsp_default_listener_start started
06-29 22:17:50.097   587   587 E audioadsprpcd: vendor/qcom/proprietary/adsprpc/src/fastrpc_apps_user.c:3094: Error 0x0: open_device_node failed for domain ID 0, sess ID 0 (errno 2, No such file or directory)
06-29 22:17:50.097   587   587 E audioadsprpcd: vendor/qcom/proprietary/adsprpc/src/fastrpc_apps_user.c:3394::Error: 0x200: dev >= 0
06-29 22:17:50.097   587   587 E audioadsprpcd: vendor/qcom/proprietary/adsprpc/src/fastrpc_apps_user.c:3560: Error 0x200: apps_dev_init failed for domain 0, errno No such file or directory, ioErr 0
06-29 22:17:50.097   587   587 E audioadsprpcd: vendor/qcom/proprietary/adsprpc/src/fastrpc_apps_user.c:3709: Error 0x200: open_dev (-1) failed for domain 0 (errno No such file or directory)
06-29 22:17:50.097   587   587 E audioadsprpcd: vendor/qcom/proprietary/adsprpc/src/fastrpc_apps_user.c:3094: Error 0x0: open_device_node failed for domain ID 0, sess ID 0 (errno 2, No such file or directory)
06-29 22:17:50.097   587   587 E audioadsprpcd: vendor/qcom/proprietary/adsprpc/src/fastrpc_apps_user.c:1974::Error: 0x200: 0 <= (dev = open_device_node((int)domain))
06-29 22:17:50.098   587   587 E audioadsprpcd: vendor/qcom/proprietary/adsprpc/src/fastrpc_apps_user.c:1532: Error 0x200: remote_handle_open failed for adsp_default_listener (errno No such file or directory)
06-29 22:17:50.098   587   587 E audioadsprpcd: vendor/qcom/proprietary/adsprpc/src/adsp_default_listener.c:70::error: 0x200: 0 == (nErr = remote_handle_open("adsp_default_listener", &listener_fd))
06-29 22:17:50.098   587   587 E audioadsprpcd: vendor/qcom/proprietary/adsprpc/src/adsp_default_listener.c:91:Error 0x200: adsp_default_listener_start exiting
06-29 22:17:50.099   587   587 E audioadsprpcd: vendor/qcom/opensource/audio-hal/primary-hal/adsprpcd/adsprpcd.c:77:audio adsp daemon will restart after 25ms...
06-29 22:17:50.103   877   877 E sscrpcd : vendor/qcom/proprietary/adsprpc/src/adsp_default_listener.c:67:adsp_default_listener_start started
06-29 22:17:50.125   587   587 E audioadsprpcd: vendor/qcom/proprietary/adsprpc/src/adsp_default_listener.c:67:adsp_default_listener_start started
--------- beginning of system
06-29 22:17:50.923   829   829 E vold    : write_file_bootprof: Failed to open /proc/bootprof: No such file or directory
06-29 22:17:50.925   829   829 E vold    : write_file_bootprof: Failed to open /proc/bootprof: No such file or directory
06-29 22:17:50.934   829   829 E vold    : write_file_bootprof: Failed to open /proc/bootprof: No such file or directory
06-29 22:17:50.934   827   827 E KeymasterUtils: rsp_header->status: -28
06-29 22:17:50.934   827   827 E KeyMasterHalDevice: abort_operation
06-29 22:17:50.934   827   827 E KeyMasterHalDevice: ret: -28
06-29 22:17:50.936   829   829 E vold    : write_file_bootprof: Failed to open /proc/bootprof: No such file or directory
06-29 22:17:50.958   829   829 E vold    : write_file_bootprof: Failed to open /proc/bootprof: No such file or directory
06-29 22:17:50.960   829   829 E vold    : write_file_bootprof: Failed to open /proc/bootprof: No such file or directory
06-29 22:17:50.963   792   820 E QC-time-services: Lib:time_genoff_operation: Connection failed !!
06-29 22:17:50.967   829   829 E vold    : write_file_bootprof: Failed to open /proc/bootprof: No such file or directory
06-29 22:17:50.967   829   829 E vold    : write_file_bootprof: Failed to open /proc/bootprof: No such file or directory
06-29 22:17:50.980   829   829 E vold    : write_file_bootprof: Failed to open /proc/bootprof: No such file or directory
06-29 22:17:50.981   829   829 E vold    : write_file_bootprof: Failed to open /proc/bootprof: No such file or directory
06-29 22:17:51.029   827   827 E KeymasterUtils: rsp_header->status: -28
06-29 22:17:51.029   827   827 E KeyMasterHalDevice: abort_operation
06-29 22:17:51.029   827   827 E KeyMasterHalDevice: ret: -28
06-29 22:17:51.030   855   855 E keystore2: system/security/keystore2/src/maintenance.rs:203 - Call to earlyBootEnded failed for security level STRONGBOX: system/security/keystore2/src/maintenance.rs:178: getting keymint device.
06-29 22:17:51.030   855   855 E keystore2: system/security/keystore2/src/error.rs:171 - system/security/keystore2/src/maintenance.rs:178: getting keymint device
06-29 22:17:51.030   855   855 E keystore2: 
06-29 22:17:51.030   855   855 E keystore2: Caused by:
06-29 22:17:51.030   855   855 E keystore2:     0: system/security/keystore2/src/globals.rs:342: Cannot connect to Keymint
06-29 22:17:51.030   855   855 E keystore2:     1: system/security/keystore2/src/globals.rs:249: Trying to get Legacy wrapper. Attempt to get keystore compat service for security level r#STRONGBOX
06-29 22:17:51.030   855   855 E keystore2:     2: Error::Km(r#HARDWARE_TYPE_UNAVAILABLE)
06-29 22:17:51.030   829   829 E vold    : keystore2 Keystore earlyBootEnded returned service specific error: -68
06-29 22:17:51.344   829   829 E vold    : write_file_bootprof: Failed to open /proc/bootprof: No such file or directory
06-29 22:17:51.358   827   827 E KeymasterUtils: rsp_header->status: -28
06-29 22:17:51.359   827   827 E KeyMasterHalDevice: abort_operation
06-29 22:17:51.359   827   827 E KeyMasterHalDevice: ret: -28
06-29 22:17:51.414   829   829 E vold    : write_file_bootprof: Failed to open /proc/bootprof: No such file or directory
06-29 22:17:51.509   827   827 E KeymasterUtils: rsp_header->status: -28
06-29 22:17:51.509   827   827 E KeyMasterHalDevice: abort_operation
06-29 22:17:51.509   827   827 E KeyMasterHalDevice: ret: -28
06-28 16:08:17.611  1097  1109 E QC-time-services: Daemon: Time-services: Waiting to acceptconnection
06-28 16:08:17.613  1099  1099 E vendor.xiaomi.hardware.mimd@1.0-service: config path is /odm/etc/mimdconfig
06-28 16:08:17.614  1099  1099 E vendor.xiaomi.hardware.mimd@1.0-service: parse policy freecache failed because miss some item
06-28 16:08:17.614  1099  1099 E vendor.xiaomi.hardware.mimd@1.0-service: parse policy init_params failed because miss some item
06-28 16:08:17.614  1099  1099 E vendor.xiaomi.hardware.mimd@1.0-service: policy type 0 list:
06-28 16:08:17.614  1099  1099 E vendor.xiaomi.hardware.mimd@1.0-service: name:		global_reclaim
06-28 16:08:17.614  1099  1099 E vendor.xiaomi.hardware.mimd@1.0-service: memitem:	memitem_init memitem_init 
06-28 16:08:17.614  1099  1099 E vendor.xiaomi.hardware.mimd@1.0-service: algo:		2 0 
06-28 16:08:17.614  1099  1099 E vendor.xiaomi.hardware.mimd@1.0-service: threshold:	8 1 
06-28 16:08:17.614  1099  1099 E vendor.xiaomi.hardware.mimd@1.0-service: actionitem:	global_reclaim 
06-28 16:08:17.614  1099  1099 E vendor.xiaomi.hardware.mimd@1.0-service: target:	262144 
06-28 16:08:17.614  1099  1099 E vendor.xiaomi.hardware.mimd@1.0-service: 
06-28 16:08:17.614  1099  1110 E vendor.xiaomi.hardware.mimd@1.0-service: data is NULL
06-28 16:08:17.614  1099  1111 E vendor.xiaomi.hardware.mimd@1.0-service: data is NULL
06-28 16:08:17.615  1099  1112 E vendor.xiaomi.hardware.mimd@1.0-service: waiting for events...
06-28 16:08:18.019  1118  1118 F libc    : Fatal signal 6 (SIGABRT), code -1 (SI_QUEUE) in tid 1118 (init), pid 1118 (init)
06-28 16:08:18.026  1117  1117 E PerfInit: can not find object config item: zram_size
06-28 16:08:18.026  1117  1117 E PerfInit: can not find object config item: extm_size
06-28 16:08:18.026  1117  1117 E PerfInit: can not find object config item: reclaim_on_start
06-28 16:08:18.026  1117  1117 E PerfInit: can not find object config item: swappiness_on_start
06-28 16:08:18.026  1117  1117 E PerfInit: can not find object config item: reclaim_on_launcher
06-28 16:08:18.026  1117  1117 E PerfInit: can not find object config item: swappiness_on_launcher
06-28 16:08:18.028  1117  1117 E PerfInit:       reclaim_on_start: 0
06-28 16:08:18.028  1117  1117 E PerfInit:    swappiness_on_start: 100
06-28 16:08:18.028  1117  1117 E PerfInit:    reclaim_on_launcher: 0
06-28 16:08:18.028  1117  1117 E PerfInit: swappiness_on_launcher: 100
06-28 16:08:18.029  1117  1117 E PerfInit:   mem_init_ok
06-28 16:08:18.029  1117  1117 E PerfInit:      dex2oat threads: 4
06-28 16:08:18.029  1117  1117 E PerfInit: boot dex2oat threads: 6
06-28 16:08:18.029  1117  1117 E PerfInit:   bg dex2oat threads: 4
06-28 16:08:18.030  1117  1117 E PerfInit:   dex2oat_threads_init_ok
06-28 16:08:18.031  1117  1117 E PerfInit: The extm needs not to set.
06-28 16:08:18.031  1117  1117 E PerfInit: Skipping losetup for extendable memory.
06-28 16:08:18.031  1121  1121 F crash_dump64: crash_dump.cpp:771] failed to attach to thread 1118: Permission denied
06-28 16:08:18.031  1117  1117 E PerfInit: read /sys/block/zram0/initstate [0]
06-28 16:08:18.031  1117  1117 E PerfInit: Unable to open /proc/sys/vm/swappiness: Permission denied
06-28 16:08:18.031   934   934 E tombstoned: unexpected dump type: kDebuggerdAnyIntercept
06-28 16:08:18.031   934   934 E tombstoned: failed to get crash output for type kDebuggerdAnyIntercept
06-28 16:08:18.032  1121  1121 E libc    : failed to read response to DumpRequest packet: No message of desired type
06-28 16:08:18.032  1121  1121 E crash_dump64: failed to connected to tombstoned to report failure
06-28 16:08:18.033  1118  1118 F libc    : crash_dump helper failed to exec, or was killed
06-28 16:08:18.036  1117  1117 E PerfInit: /sys/block/zram0/mfz_enable not exist:
06-28 16:08:18.036  1117  1117 E PerfInit: /sys/block/zram0/writeback_quota not exist:
06-28 16:08:18.036  1117  1117 E PerfInit: try to mkswap /dev/block/zram0
06-28 16:08:18.046  1117  1117 E PerfInit: mkswap success, try to swapon /dev/block/zram0
06-28 16:08:18.048  1117  1117 E PerfInit:   zram_init_ok
06-28 16:08:18.167  1124  1124 E TcUtils : NLMSG_ERROR message return error: -2
06-28 16:08:18.167  1124  1124 E TcUtils : NLMSG_ERROR message return error: -2
06-28 16:08:18.167  1124  1124 E TcUtils : NLMSG_ERROR message return error: -2
06-28 16:08:18.167  1124  1124 E TcUtils : NLMSG_ERROR message return error: -2
06-28 16:08:18.167  1124  1124 E TcUtils : NLMSG_ERROR message return error: -2
06-28 16:08:18.167  1124  1124 E TcUtils : NLMSG_ERROR message return error: -2
06-28 16:08:18.167  1124  1124 E TcUtils : NLMSG_ERROR message return error: -2
06-28 16:08:18.167  1124  1124 E TcUtils : NLMSG_ERROR message return error: -2
06-28 16:08:18.167  1124  1124 E TcUtils : NLMSG_ERROR message return error: -2
06-28 16:08:18.167  1124  1124 E TcUtils : NLMSG_ERROR message return error: -2
06-28 16:08:18.168  1124  1124 E TcUtils : NLMSG_ERROR message return error: -2
06-28 16:08:18.168  1124  1124 E TcUtils : NLMSG_ERROR message return error: -2
06-28 16:08:18.168  1124  1124 E TcUtils : NLMSG_ERROR message return error: -2
06-28 16:08:18.168  1124  1124 E TcUtils : NLMSG_ERROR message return error: -2
06-28 16:08:18.244  1124  1163 E netd    : miicmpfilter:Couldn't resolve family id
06-28 16:08:18.245  1124  1163 E netd    : miicmpfilter: Failed to init miicmpfilter genl between daemon and driver
06-28 16:08:18.368  1177  1187 E Diag-Router: diag: failed to create control node for slate_apps
06-28 16:08:18.369  1177  1188 E Diag-Router: diag: failed to create control node for slate_adsp
06-28 16:08:18.374  1177  1189 E Diag-Router: diag: In hidlservicethread successfully connected to socket 73
06-28 16:08:18.375  1177  1177 E Diag-Router: diag: unix_listen: dm with pid: 1177 and fd: 74 is registered, socket_counter: 1
06-28 16:08:18.385  1177  1189 E Diag-Router: diag: hidlservicethread: register as service successful
06-28 16:08:18.389  1185  1185 E LegacySupport: Could not get passthrough implementation for android.hardware.audio@7.1::IDevicesFactory/default.
06-28 16:08:18.539  1214  1214 E ConsumerIrLirc: xubuchao_debug:consumerir_open
06-28 16:08:18.573  1191  1191 E HidlServiceManagement: Service com.dsi.ant@1.0::IAnt/default must be in VINTF manifest in order to register/get.
06-28 16:08:18.573  1191  1191 E LegacySupport: Could not register service com.dsi.ant@1.0::IAnt/default (-2147483648).
06-28 16:08:18.575  1191  1191 E vendor.qti.hardware.bluetooth_sar@1.1-BluetoothSar: HIDL_FETCH_IBluetoothSar
06-28 16:08:18.614  1234  1234 E capabilityconfigstorehal: Could not open directory: (null)/vendor/etc/configstore
06-28 16:08:18.615  1177  1177 E Diag-Router: diag: diag_cntl_process_diag_id: received diag id request ctrl pkt from perif: cdsp
06-28 16:08:18.615  1177  1177 E Diag-Router: diag: diag_cntl_process_diag_id: sent diag id ctrl pkt with id: 2 for process: msm/cdsp/root_pd
06-28 16:08:18.615  1177  1177 E Diag-Router: diag: diag_config_perif_buf: Config request for buffering mode: 0
06-28 16:08:18.632  1221  1221 E android.hardware.thermal@2.0-service.qti-v2: negative temperature ramp for sensor:vbat
06-28 16:08:18.633  1221  1221 E android.hardware.thermal@2.0-service.qti-v2: Error opening file: /sys/class/thermal/thermal_zone24/trip_point_1_temp
06-28 16:08:18.634  1221  1221 E android.hardware.thermal@2.0-service.qti-v2: Temperature buf stoi error: stoi: no conversion buf: sensor:socd TZ:29
06-28 16:08:18.634  1221  1221 E android.hardware.thermal@2.0-service.qti-v2: Temperature buf stoi error: stoi: no conversion buf: sensor:socd TZ:29
06-28 16:08:18.635  1221  1221 E android.hardware.thermal@2.0-service.qti-v2: Temperature buf stoi error: stoi: no conversion buf: sensor:socd TZ:29
06-28 16:08:18.637  1221  1221 E android.hardware.thermal@2.0-service.qti-v2: Error opening file: /sys/class/thermal/thermal_zone34/trip_point_1_temp
06-28 16:08:18.665  1207  1207 E LocSvc_LBSProxy: getIzatProvider:393] IzatProvider load failed
06-28 16:08:18.668  1244  1244 E vendor.qti.hardware.iop@2.0-service: vendor.qti.hardware.iop@2.0-service: main() 35: IIop HAL service main
06-28 16:08:18.674  1221  1221 E android.hardware.thermal@2.0-service.qti-v2: Sensor Threshold read failure or type not supported.
06-28 16:08:18.674  1249  1249 E vendor.qti.hardware.limits@1.2-service: Failed to get temperature threshold from ThermalHAL. Status:Sensor Threshold read failure or type not supported.
06-28 16:08:18.677  1249  1249 E vendor.qti.hardware.limits@1.2-service: Cdev init failed
06-28 16:08:18.857  1276  1276 E pasr-manager: /sys/kernel/mem-offline(): the path does not exist!
06-28 16:08:18.858  1276  1276 E pasr-manager: Memory-offline kernel driver is not enabled. Exiting...
06-28 16:08:18.883  1274  1274 E QC2AudioCompStore: Query Component names
06-28 16:08:18.907  1207  1242 E LocSvc_utils_cfg: loc_read_process_conf:689]: Unrecognized value for GTP WAA Mode. Setting GTP WAA to default mode: DISABLED
06-28 16:08:18.908  1259  1259 E vendor.qti.hardware.soter@1.0-service: Registered SOTER HAL service success
06-28 16:08:18.911  1262  1262 E vendor.qti.hardware.tui_comm@1.0-service-qti: Registered ITuiComm HAL service success!
06-28 16:08:18.915  1250  1250 E ANDR-PERF-SERVICE: ANDR-PERF-SERVICE: Init() 270: LM enabled : Loading liblearningmodule.so
06-28 16:08:18.924  1250  1250 E vendor.qti.hardware.perf@2.3-service: vendor.qti.hardware.perf@2.3-service: main() 57: Registered IPerf HAL service success!
06-28 16:08:18.941  1273  1273 E QC2CompStore: Query Component names
06-28 16:08:18.955  1331  1331 E PerMgrSrv: successfully add/init structure for modem
06-28 16:08:18.980  1346  1346 E UsbUdevService: Unable to read file at /sys/bus/usb/devices/usb2/2-1/idVendor
06-28 16:08:18.982  1346  1346 E UsbUdevService: Error is : No such file or directory
06-28 16:08:18.993  1207  1362 E IzatSvc_IzatManager: Exiting with error handleMsg line 696 "3"
06-28 16:08:18.994  1207  1362 E IzatSvc_IzatManager: Exiting with error handleMsg line 696 "3"
06-28 16:08:19.001  1316  1316 E irsc_util: irsc_feed_config: Security config ioctl failed
06-28 16:08:19.006  1355  1364 E Diag_Lib: diag: Diag_LSM_Init: invoked for pid: 1355 with init_count: 0
06-28 16:08:19.006  1355  1364 E Diag_Lib: diag:successfully connected to socket 4
06-28 16:08:19.007  1177  1177 E Diag-Router: diag: unix_listen: dm with pid: 1355 and fd: 81 is registered, socket_counter: 2
06-28 16:08:19.009  1355  1364 E Diag_Lib: diag: Diag_LSM_Init: done for pid: 1355 with init_count: 1
06-28 16:08:19.015  1274  1274 E QC2AudioCompStore: couldn't describe Input::StoreIonUsage
06-28 16:08:19.015  1274  1274 E QC2AudioCompStore: couldn't describe Input::UNKNOWN
06-28 16:08:19.034  1125  1125 E AndroidRuntime: fail to open bootprof
06-28 16:08:19.048  1314  1314 E MTServiceDaemon: ret: -1, isdir: 1, rwx: 1, uid: 0, gid: 0
06-28 16:08:19.048  1314  1314 E MTServiceDaemon: no actually change for debugging
06-28 16:08:19.048  1314  1314 E MTServiceDaemon: ret: -1, isdir: 1, rwx: 1, uid: 0, gid: 0
06-28 16:08:19.048  1314  1314 E MTServiceDaemon: no actually change for debugging
06-28 16:08:19.048  1314  1314 E MTServiceDaemon: ret: -1, isdir: 1, rwx: 1, uid: 0, gid: 0
06-28 16:08:19.048  1314  1314 E MTServiceDaemon: no actually change for debugging
06-28 16:08:19.048  1314  1314 E MTServiceDaemon: ret: -1, isdir: 1, rwx: 1, uid: 0, gid: 0
06-28 16:08:19.049  1314  1314 E MTServiceDaemon: no actually change for debugging
06-28 16:08:19.049  1314  1314 E MTServiceDaemon: ret: -1, isdir: 1, rwx: 1, uid: 0, gid: 0
06-28 16:08:19.049  1314  1314 E MTServiceDaemon: no actually change for debugging
06-28 16:08:19.049  1314  1314 E MTServiceDaemon: ret: -1, isdir: 1, rwx: 1, uid: 0, gid: 0
06-28 16:08:19.049  1314  1314 E MTServiceDaemon: no actually change for debugging
06-28 16:08:19.187  1207  1242 E IzatSvc_QNP: Exiting with error getInstance line 291 2
06-28 16:08:19.188  1207  1242 E IzatSvc_IzatManager: registerWithQesdkProxy:69] loading liblocation_qesdk failed!
06-28 16:08:19.189  1207  1242 E IzatSvc_IzatManager: Exiting with error reportOptinStatus line 619 "-1"
06-28 16:08:19.189  1207  1362 E IzatSvc_IzatManager: Exiting with error handleMsg line 696 "3"
06-28 16:08:19.189  1207  1362 E IzatSvc_IzatManager: Exiting with error handleMsg line 696 "3"
06-28 16:08:19.190  1207  1362 E IzatSvc_IzatManager: Exiting with error handleMsg line 696 "3"
06-28 16:08:19.190  1207  1362 E IzatSvc_IzatManager: Exiting with error handleMsg line 696 "3"
06-28 16:08:19.242  1185  1185 E LegacySupport: Could not get passthrough implementation for android.hardware.bluetooth.audio@2.2::IBluetoothAudioProvidersFactory/default.
06-28 16:08:19.243  1185  1185 E LegacySupport: Could not get passthrough implementation for android.hardware.bluetooth.audio@2.1::IBluetoothAudioProvidersFactory/default.
06-28 16:08:19.251  1314  1314 E QCOM-OEMCrypto: Error at load_license : 208
06-28 16:08:19.292  1314  1401 E SmcInvoke_MinkDescriptor: cbthread[tid 502298680368] exit
06-28 16:08:19.294  1250  1250 E ANDR-PERF-GLUELAYER: ANDR-PERF-GLUELAYER: PerfGlueLayerSubmitRequest() 96: Request not Submitted as Target Init is not Complete
06-28 16:08:19.297  1314  1400 E SmcInvoke_MinkDescriptor: cbthread[tid 502299745328] exit
06-28 16:08:19.299  1314  1399 E SmcInvoke_MinkDescriptor: cbthread[tid 502300810288] exit
06-28 16:08:19.299  1314  1398 E SmcInvoke_MinkDescriptor: cbthread[tid 502301875248] exit
06-28 16:08:19.302   587   587 E audioadsprpcd: vendor/qcom/proprietary/adsprpc/src/fastrpc_apps_user.c:3560: Error 0x72: apps_dev_init failed for domain 0, errno Transport endpoint is not connected, ioErr 0
06-28 16:08:19.302   587   587 E audioadsprpcd: vendor/qcom/proprietary/adsprpc/src/fastrpc_apps_user.c:3709: Error 0x72: open_dev (-1) failed for domain 0 (errno Transport endpoint is not connected)
06-28 16:08:19.302   587   587 E audioadsprpcd: vendor/qcom/proprietary/adsprpc/src/fastrpc_apps_user.c:1532: Error 0x72: remote_handle_open failed for adsp_default_listener (errno Success)
06-28 16:08:19.302   587   587 E audioadsprpcd: vendor/qcom/proprietary/adsprpc/src/adsp_default_listener.c:70::error: 0x72: 0 == (nErr = remote_handle_open("adsp_default_listener", &listener_fd))
06-28 16:08:19.302   587   587 E audioadsprpcd: vendor/qcom/proprietary/adsprpc/src/adsp_default_listener.c:91:Error 0x72: adsp_default_listener_start exiting
06-28 16:08:19.303   587   587 E audioadsprpcd: vendor/qcom/opensource/audio-hal/primary-hal/adsprpcd/adsprpcd.c:75:fastRPC device driver is disabled, retrying...
06-28 16:08:19.303   587   587 E audioadsprpcd: vendor/qcom/opensource/audio-hal/primary-hal/adsprpcd/adsprpcd.c:77:audio adsp daemon will restart after 25ms...
06-28 16:08:19.306  1185  1185 E HidlServiceManagement: Service android.hardware.bluetooth.audio@2.0::IBluetoothAudioProvidersFactory/default must be in VINTF manifest in order to register/get.
06-28 16:08:19.306  1185  1185 E LegacySupport: Could not register service android.hardware.bluetooth.audio@2.0::IBluetoothAudioProvidersFactory/default (-2147483648).
06-28 16:08:19.308  1185  1185 E LegacySupport: Could not get passthrough implementation for android.hardware.bluetooth.a2dp@1.0::IBluetoothAudioOffload/default.
06-28 16:08:19.308  1185  1185 E audiohalservice: Failed to dlopen android.hardware.bluetooth.audio-impl.so: dlopen failed: library "android.hardware.bluetooth.audio-impl.so" not found
06-28 16:08:19.312  1311  1311 E MlipayService: send command success with ret: 0
06-28 16:08:19.318  1177  1177 E Diag-Router: diag: diag_cntl_process_diag_id: received diag id request ctrl pkt from perif: lpass
06-28 16:08:19.318  1177  1177 E Diag-Router: diag: diag_cntl_process_diag_id: sent diag id ctrl pkt with id: 3 for process: msm/adsp/root_pd
06-28 16:08:19.318  1177  1177 E Diag-Router: diag: diag_config_perif_buf: Config request for buffering mode: 0
06-28 16:08:19.318  1177  1177 E Diag-Router: diag: diag_cntl_process_diag_id: received diag id request ctrl pkt from perif: lpass
06-28 16:08:19.319  1177  1177 E Diag-Router: diag: diag_cntl_process_diag_id: sent diag id ctrl pkt with id: 4 for process: msm/adsp/sensor_pd
06-28 16:08:19.319  1177  1177 E Diag-Router: diag: diag_cntl_process_diag_id: received diag id request ctrl pkt from perif: lpass
06-28 16:08:19.319  1177  1177 E Diag-Router: diag: diag_cntl_process_diag_id: sent diag id ctrl pkt with id: 5 for process: msm/adsp/audio_pd
06-28 16:08:19.335   587   587 E audioadsprpcd: vendor/qcom/proprietary/adsprpc/src/adsp_default_listener.c:67:adsp_default_listener_start started
06-28 16:08:19.356  1288  1288 E FIDOCA : : rbuf_len = 4
06-28 16:08:19.361   877  1470 E sscrpcd : vendor/qcom/proprietary/adsprpc/src/apps_std_imp.c:1479::Error: 0x201: 0 == (nOpenErr = apps_std_fopen_with_env(ADSP_LIBRARY_PATH, ";", name, "r", &ps))
06-28 16:08:19.361   877  1470 E sscrpcd : vendor/qcom/proprietary/adsprpc/src/apps_std_imp.c:1498:Error 0x201: apps_std_stat: failed to stat ro.boot.hwname, file open returned 0x2 (No such file or directory)
06-28 16:08:19.361   877  1470 E sscrpcd : vendor/qcom/proprietary/adsprpc/src/mod_table.c:859: Error 0x2: open_mod_table_handle_invoke failed for handle:0xf7bcf0, sc:0x1f020100
06-28 16:08:19.361   877  1470 E sscrpcd : vendor/qcom/proprietary/adsprpc/src/apps_std_imp.c:1479::Error: 0x201: 0 == (nOpenErr = apps_std_fopen_with_env(ADSP_LIBRARY_PATH, ";", name, "r", &ps))
06-28 16:08:19.361   877  1470 E sscrpcd : vendor/qcom/proprietary/adsprpc/src/apps_std_imp.c:1498:Error 0x201: apps_std_stat: failed to stat ro.boot.hwname, file open returned 0x2 (No such file or directory)
06-28 16:08:19.361   877  1470 E sscrpcd : vendor/qcom/proprietary/adsprpc/src/mod_table.c:859: Error 0x2: open_mod_table_handle_invoke failed for handle:0xf7bcf0, sc:0x1f020100
06-28 16:08:19.362   877  1470 E sscrpcd : vendor/qcom/proprietary/adsprpc/src/apps_std_imp.c:1479::Error: 0x201: 0 == (nOpenErr = apps_std_fopen_with_env(ADSP_LIBRARY_PATH, ";", name, "r", &ps))
06-28 16:08:19.362   877  1470 E sscrpcd : vendor/qcom/proprietary/adsprpc/src/apps_std_imp.c:1498:Error 0x201: apps_std_stat: failed to stat ro.boot.hwname, file open returned 0x2 (No such file or directory)
06-28 16:08:19.362   877  1470 E sscrpcd : vendor/qcom/proprietary/adsprpc/src/mod_table.c:859: Error 0x2: open_mod_table_handle_invoke failed for handle:0xf7bcf0, sc:0x1f020100
06-28 16:08:19.363   877  1470 E sscrpcd : vendor/qcom/proprietary/adsprpc/src/apps_std_imp.c:1479::Error: 0x201: 0 == (nOpenErr = apps_std_fopen_with_env(ADSP_LIBRARY_PATH, ";", name, "r", &ps))
06-28 16:08:19.363   877  1470 E sscrpcd : vendor/qcom/proprietary/adsprpc/src/apps_std_imp.c:1498:Error 0x201: apps_std_stat: failed to stat ro.boot.hwname, file open returned 0x2 (No such file or directory)
06-28 16:08:19.363   877  1470 E sscrpcd : vendor/qcom/proprietary/adsprpc/src/mod_table.c:859: Error 0x2: open_mod_table_handle_invoke failed for handle:0xf7bcf0, sc:0x1f020100
06-28 16:08:19.364   877  1470 E sscrpcd : vendor/qcom/proprietary/adsprpc/src/apps_std_imp.c:1479::Error: 0x201: 0 == (nOpenErr = apps_std_fopen_with_env(ADSP_LIBRARY_PATH, ";", name, "r", &ps))
06-28 16:08:19.364   877  1470 E sscrpcd : vendor/qcom/proprietary/adsprpc/src/apps_std_imp.c:1498:Error 0x201: apps_std_stat: failed to stat ro.boot.hwname, file open returned 0x2 (No such file or directory)
06-28 16:08:19.364   877  1470 E sscrpcd : vendor/qcom/proprietary/adsprpc/src/mod_table.c:859: Error 0x2: open_mod_table_handle_invoke failed for handle:0xf7bcf0, sc:0x1f020100
06-28 16:08:19.365   877  1470 E sscrpcd : vendor/qcom/proprietary/adsprpc/src/apps_std_imp.c:1479::Error: 0x201: 0 == (nOpenErr = apps_std_fopen_with_env(ADSP_LIBRARY_PATH, ";", name, "r", &ps))
06-28 16:08:19.365   877  1470 E sscrpcd : vendor/qcom/proprietary/adsprpc/src/apps_std_imp.c:1498:Error 0x201: apps_std_stat: failed to stat ro.boot.hwname, file open returned 0x2 (No such file or directory)
06-28 16:08:19.365   877  1470 E sscrpcd : vendor/qcom/proprietary/adsprpc/src/mod_table.c:859: Error 0x2: open_mod_table_handle_invoke failed for handle:0xf7bcf0, sc:0x1f020100
06-28 16:08:19.366  1273  1273 E QC2V4l2Driver: Invalid device driver fd:-1
06-28 16:08:19.366   877  1470 E sscrpcd : vendor/qcom/proprietary/adsprpc/src/apps_std_imp.c:1479::Error: 0x201: 0 == (nOpenErr = apps_std_fopen_with_env(ADSP_LIBRARY_PATH, ";", name, "r", &ps))
06-28 16:08:19.366   877  1470 E sscrpcd : vendor/qcom/proprietary/adsprpc/src/apps_std_imp.c:1498:Error 0x201: apps_std_stat: failed to stat ro.boot.hwname, file open returned 0x2 (No such file or directory)
06-28 16:08:19.366   877  1470 E sscrpcd : vendor/qcom/proprietary/adsprpc/src/mod_table.c:859: Error 0x2: open_mod_table_handle_invoke failed for handle:0xf7bcf0, sc:0x1f020100
06-28 16:08:19.367   877  1470 E sscrpcd : vendor/qcom/proprietary/adsprpc/src/apps_std_imp.c:1479::Error: 0x201: 0 == (nOpenErr = apps_std_fopen_with_env(ADSP_LIBRARY_PATH, ";", name, "r", &ps))
06-28 16:08:19.367   877  1470 E sscrpcd : vendor/qcom/proprietary/adsprpc/src/apps_std_imp.c:1498:Error 0x201: apps_std_stat: failed to stat ro.boot.hwname, file open returned 0x2 (No such file or directory)
06-28 16:08:19.367   877  1470 E sscrpcd : vendor/qcom/proprietary/adsprpc/src/mod_table.c:859: Error 0x2: open_mod_table_handle_invoke failed for handle:0xf7bcf0, sc:0x1f020100
06-28 16:08:19.368   877  1470 E sscrpcd : vendor/qcom/proprietary/adsprpc/src/apps_std_imp.c:1479::Error: 0x201: 0 == (nOpenErr = apps_std_fopen_with_env(ADSP_LIBRARY_PATH, ";", name, "r", &ps))
06-28 16:08:19.368   877  1470 E sscrpcd : vendor/qcom/proprietary/adsprpc/src/apps_std_imp.c:1498:Error 0x201: apps_std_stat: failed to stat ro.boot.hwname, file open returned 0x2 (No such file or directory)
06-28 16:08:19.368   877  1470 E sscrpcd : vendor/qcom/proprietary/adsprpc/src/mod_table.c:859: Error 0x2: open_mod_table_handle_invoke failed for handle:0xf7bcf0, sc:0x1f020100
06-28 16:08:19.368   877  1470 E sscrpcd : vendor/qcom/proprietary/adsprpc/src/apps_std_imp.c:1479::Error: 0x201: 0 == (nOpenErr = apps_std_fopen_with_env(ADSP_LIBRARY_PATH, ";", name, "r", &ps))
06-28 16:08:19.368   877  1470 E sscrpcd : vendor/qcom/proprietary/adsprpc/src/apps_std_imp.c:1498:Error 0x201: apps_std_stat: failed to stat ro.boot.hwname, file open returned 0x2 (No such file or directory)
06-28 16:08:19.368   877  1470 E sscrpcd : vendor/qcom/proprietary/adsprpc/src/mod_table.c:859: Error 0x2: open_mod_table_handle_invoke failed for handle:0xf7bcf0, sc:0x1f020100
06-28 16:08:19.379  1273  1273 E QC2V4l2Driver: Invalid device driver fd:-1
06-28 16:08:19.402  1273  1273 E QC2V4l2Driver: Invalid device driver fd:-1
06-28 16:08:19.426  1311  1311 E MlipayService: key version 4
06-28 16:08:19.435  1273  1273 E QC2V4l2Driver: Invalid device driver fd:-1
06-28 16:08:19.449   792   820 E QC-time-services: Receive Passed == base = 13, unit = 1, operation = 2, result = 0
06-28 16:08:19.451  1097  1109 E QC-time-services: Daemon: Time-services: Waiting to acceptconnection
06-28 16:08:19.451  1273  1273 E QC2V4l2Driver: Invalid device driver fd:-1
06-28 16:08:19.457   587  1492 E audioadsprpcd: vendor/qcom/proprietary/adsprpc/src/mod_table.c:859: Error 0x2: open_mod_table_handle_invoke failed for handle:0x55d4cf0, sc:0x13050100
06-28 16:08:19.459  1097  1109 E QC-time-services: Daemon: Time-services: Waiting to acceptconnection
06-28 16:08:19.488  1273  1273 E QC2V4l2Driver: Invalid device driver fd:-1
06-28 16:08:19.509  1273  1273 E QC2V4l2Driver: Invalid device driver fd:-1
06-28 16:08:19.522  1273  1273 E QC2V4l2Driver: Invalid device driver fd:-1
06-28 16:08:19.527  1273  1273 E QC2V4l2Driver: Invalid device driver fd:-1
06-28 16:08:19.535  1273  1273 E QC2V4l2Driver: [avcE_0] queryControl: failed for control id 990a80
06-28 16:08:19.536  1273  1273 E VendorCaps: ChromaQPOffsetHelper: queryParamRanges failed
06-28 16:08:19.536  1273  1273 E QC2V4l2Caps: queryControl: unknown paramType 0x5200c02f
06-28 16:08:19.536  1273  1273 E VendorCaps: DynamicFrameRateHelper: queryParamRanges failed
06-28 16:08:19.536  1273  1273 E VendorCaps: Failed to read platform max temporal layers for P-frames
06-28 16:08:19.536  1273  1273 E VendorCaps: Failed to read platform max temporal layers for B-frames
06-28 16:08:19.536  1273  1273 E QC2V4l2Caps: queryParamRanges: unknown paramType 0x5200c047
06-28 16:08:19.536  1273  1273 E VendorCaps: PeakBitrateHelper: queryParamRanges failed
06-28 16:08:19.541  1273  1273 E QC2V4l2Driver: Invalid device driver fd:-1
06-28 16:08:19.551  1273  1273 E QC2V4l2Caps: queryControl: unknown paramType 0x5200c02f
06-28 16:08:19.551  1273  1273 E VendorCaps: DynamicFrameRateHelper: queryParamRanges failed
06-28 16:08:19.551  1273  1273 E VendorCaps: Failed to read platform max temporal layers for P-frames
06-28 16:08:19.551  1273  1273 E VendorCaps: Failed to read platform max temporal layers for B-frames
06-28 16:08:19.551  1273  1273 E QC2V4l2Caps: queryParamRanges: unknown paramType 0x5200c047
06-28 16:08:19.551  1273  1273 E VendorCaps: PeakBitrateHelper: queryParamRanges failed
06-28 16:08:19.553  1273  1273 E QC2V4l2Driver: Invalid device driver fd:-1
06-28 16:08:19.562  1524  1524 E subsystem_ramdump: Unable to open /sys/module/subsystem_restart/parameters/enable_ramdumps, error:2
06-28 16:08:19.562  1524  1524 E subsystem_ramdump: Trying /sys/module/qcom_ramdump/parameters/enable_dump_collection
06-28 16:08:19.565  1273  1273 E QC2V4l2Caps: queryControl: unknown paramType 0x5200c02f
06-28 16:08:19.565  1273  1273 E VendorCaps: DynamicFrameRateHelper: queryParamRanges failed
06-28 16:08:19.565  1273  1273 E VendorCaps: Failed to read platform max temporal layers for P-frames
06-28 16:08:19.565  1273  1273 E VendorCaps: Failed to read platform max temporal layers for B-frames
06-28 16:08:19.566  1273  1273 E QC2V4l2Caps: queryParamRanges: unknown paramType 0x5200c047
06-28 16:08:19.566  1273  1273 E VendorCaps: PeakBitrateHelper: queryParamRanges failed
06-28 16:08:19.575  1273  1273 E QC2V4l2Driver: Invalid device driver fd:-1
06-28 16:08:19.588  1273  1273 E QC2V4l2Caps: Param: 0x5200c013, c2 default cap not found for v4l2 cap v4l2::CQ
06-28 16:08:19.588  1273  1273 E QC2V4l2Driver: [heicE_0] queryControl: failed for control id 9909cf
06-28 16:08:19.588  1273  1273 E StandardCaps: BitrateHelper: queryParamRanges failed
06-28 16:08:19.588  1273  1273 E QC2V4l2Driver: [heicE_0] queryControl: failed for control id 99202f
06-28 16:08:19.588  1273  1273 E StandardCaps: ComplexityTuningHelper: queryParamRanges failed
06-28 16:08:19.588  1273  1273 E QC2V4l2Driver: [heicE_0] queryControl: failed for control id 980922
06-28 16:08:19.588  1273  1273 E VendorCaps: RotationInputHelper: queryParamRanges failed
06-28 16:08:19.588  1273  1273 E QC2V4l2Driver: [heicE_0] queryControl: failed for control id 9909e1
06-28 16:08:19.588  1273  1273 E VendorCaps: VBVDelayHelper: queryParamRanges failed
06-28 16:08:19.588  1273  1273 E QC2V4l2Driver: [heicE_0] queryControl: failed for control id 9909e8
06-28 16:08:19.588  1273  1273 E VendorCaps: LTRCountHelper: queryParamRanges failed
06-28 16:08:19.588  1273  1273 E QC2V4l2Driver: [heicE_0] queryControl: failed for control id 9909ea
06-28 16:08:19.588  1273  1273 E VendorCaps: UseLTRRequestHelper: queryParamRanges failed
06-28 16:08:19.588  1273  1273 E QC2V4l2Driver: [heicE_0] queryControl: failed for control id 9909e9
06-28 16:08:19.588  1273  1273 E VendorCaps: MarkLTRRequestHelper: queryParamRanges failed
