06-28 16:08:24.138  1765  1936 E imsd    : PdnInfoImpl.cpp | 868 | | 1936 |PdnInfoImpl: notifyEvents, Qmi client id 0, Ip client id 3, client map size 1, Listener ea321580
06-28 16:08:24.138  1765  1936 E imsd    : RcsIpcReqHandler.cpp | 304 | | 1936 |MainThreadEvtHandler:: onServiceStatusChange | start
06-28 16:08:24.138  1765  1936 E imsd    : RcsIpcReqHandler.cpp | 309 | | 1936 |MainThreadEvtHandler:: onServiceStatusChange | PDP_HANDLE_AVAILABLE
06-28 16:08:24.138  1765  1936 E imsd    : ImsDsiNetCtrlClient.cpp | 106 | | 1936 |ImsDsiNetCtrlClient :startService called
06-28 16:08:24.203  1765  1936 E imsd    : PdnInfoImpl.cpp | 328 | | 1936 |PdnInfoImpl: PDN bring up request initiated 
06-28 16:08:24.203  1765  1936 E imsd    : PdnStateMachine.h | 78 | | 1936 |stateEnum is 3
06-28 16:08:24.204  1765  1936 E imsd    : PdnInfoImpl.cpp | 409 | | 1936 |PdnInfoImpl: Current State: 3, Previous state: 2 
06-28 16:08:24.204  1765  1936 E imsd    : PdnStateMachine.h | 64 | | 1936 |stateEnum is 3
06-28 16:08:24.204  1765  1936 E imsd    : PdnStateMachine.h | 64 | | 1936 |stateEnum is 2
06-28 16:08:24.204  1765  1936 E imsd    : PdnInfoImpl.cpp | 140 | | 1936 |PdnInfoImpl: getPdnType 7 
06-28 16:08:24.212  1765  2050 E imsd    : ImsDsiNetCtrlWrapper.cpp | 209 | | 2050 |ImsDsiNetCtrlWrapper : dsiNetCtrlCB - received event[18] for dsi_hndl[54c4fe89]
06-28 16:08:24.212  1765  2050 E imsd    : ImsDsiNetCtrlClient.cpp | 204 | | 2050 |ImsDsiNetCtrlClient : imsEventHandler sending to 9a31b298
06-28 16:08:24.213  1765  1936 E imsd    : ImsMain.cpp | 748 | | 1936 |ImsMain: handleEvent Switched to Ims Main thread [ImsDsiEvent]
06-28 16:08:24.213  1765  1936 E imsd    : ImsMain.cpp | 831 | | 1936 |ImsMain:Handle Event sName[ImsDsiEvent] eventType[4]
06-28 16:08:24.213  1765  1936 E imsd    : ImsCommonDef.h | 487 | | 1936 |Current [0xb5dfa390], Appid[0]
06-28 16:08:24.213  1765  1936 E imsd    : ImsCommonDef.h | 488 | | 1936 |Other [0x2a3193b0], Appid[20]
06-28 16:08:24.213  1765  1936 E imsd    : ImsPdnFactoryImpl.cpp | 287 | | 1936 |ImsPdnFactoryImpl: isPdnExisting 1
06-28 16:08:24.213  1765  1936 E imsd    : PdnInfoImpl.cpp | 140 | | 1936 |PdnInfoImpl: getPdnType 7 
06-28 16:08:24.213  1765  1936 E imsd    : ImsMain.cpp | 859 | | 1936 |ImsMain: handleEvent from DSI Module for Link Local PDN
06-28 16:08:24.213  1765  1936 E imsd    : PdnInfoImpl.cpp | 589 | | 1936 |PdnInfoImpl:handleEvent sName[ImsDsiEvent]
06-28 16:08:24.213  1765  1936 E imsd    : PdnInfoImpl.cpp | 633 | | 1936 |PdnInfoImpl: handleDsiEvents event Id 18 
06-28 16:08:24.304  1185  1231 E AHAL: AudioVoice: GetMatchingTxDevices: 400: unsupported Device Id of 65536
06-28 16:08:24.304  1185  1231 E AHAL: AudioVoice: RouteStream: 430: Invalid Tx/Rx device
06-28 16:08:24.332  1097  1106 E QC-time-services: Daemon:read_offset: offset 15 updated
06-28 16:08:24.434  1097  1109 E QC-time-services: Daemon: Time-services: Waiting to acceptconnection
06-28 16:08:24.435  1919  2342 E QC-time-services: Receive Passed == base = 12, unit = 1, operation = 0, result = 0
06-28 16:08:24.468  1765  2050 E imsd    : ImsDsiNetCtrlWrapper.cpp | 209 | | 2050 |ImsDsiNetCtrlWrapper : dsiNetCtrlCB - received event[1] for dsi_hndl[54c4fe89]
06-28 16:08:24.468  1765  2050 E imsd    : ImsDsiNetCtrlClient.cpp | 204 | | 2050 |ImsDsiNetCtrlClient : imsEventHandler sending to 9a31b298
06-28 16:08:24.468  1765  1936 E imsd    : ImsMain.cpp | 748 | | 1936 |ImsMain: handleEvent Switched to Ims Main thread [ImsDsiEvent]
06-28 16:08:24.468  1765  1936 E imsd    : ImsMain.cpp | 831 | | 1936 |ImsMain:Handle Event sName[ImsDsiEvent] eventType[4]
06-28 16:08:24.468  1765  1936 E imsd    : ImsCommonDef.h | 487 | | 1936 |Current [0xb5dfa390], Appid[0]
06-28 16:08:24.468  1765  1936 E imsd    : ImsCommonDef.h | 488 | | 1936 |Other [0x2a3193b0], Appid[20]
06-28 16:08:24.468  1765  1936 E imsd    : ImsPdnFactoryImpl.cpp | 287 | | 1936 |ImsPdnFactoryImpl: isPdnExisting 1
06-28 16:08:24.468  1765  1936 E imsd    : PdnInfoImpl.cpp | 140 | | 1936 |PdnInfoImpl: getPdnType 7 
06-28 16:08:24.468  1765  1936 E imsd    : ImsMain.cpp | 859 | | 1936 |ImsMain: handleEvent from DSI Module for Link Local PDN
06-28 16:08:24.468  1765  1936 E imsd    : PdnInfoImpl.cpp | 589 | | 1936 |PdnInfoImpl:handleEvent sName[ImsDsiEvent]
06-28 16:08:24.468  1765  1936 E imsd    : PdnInfoImpl.cpp | 633 | | 1936 |PdnInfoImpl: handleDsiEvents event Id 1 
06-28 16:08:24.468  1765  1936 E imsd    : PdnInfoImpl.cpp | 642 | | 1936 |PdnInfoImpl: handleDsiEvents event NET_IS_CONN
06-28 16:08:24.468  1765  1936 E imsd    : PdnStateMachine.h | 78 | | 1936 |stateEnum is 4
06-28 16:08:24.468  1765  1936 E imsd    : PdnInfoImpl.cpp | 409 | | 1936 |PdnInfoImpl: Current State: 4, Previous state: 3 
06-28 16:08:24.468  1765  1936 E imsd    : PdnStateMachine.h | 64 | | 1936 |stateEnum is 4
06-28 16:08:24.468  1765  1936 E imsd    : PdnStateMachine.h | 64 | | 1936 |stateEnum is 3
06-28 16:08:24.468  1765  1936 E imsd    : ImsDsiNetCtrlClient.cpp | 130 | | 1936 |ImsDsiNetCtrlClient : requestNetworkService  dsi_hndl[54c4fe89]
06-28 16:08:24.468  1765  1936 E imsd    : ImsDsiNetCtrlClient.cpp | 165 | | 1936 |ImsDsiNetCtrlClient :getIpAddress called
06-28 16:08:24.468  1765  1936 E imsd    : ImsDsiNetCtrlWrapper.cpp | 146 | | 1936 |ImsDsiNetCtrlWrapper: getIpAddress for dsi_handle[54c4fe89]
06-28 16:08:24.468  1765  1936 E imsd    : ImsDsiNetCtrlWrapper.cpp | 360 | | 1936 |PdnCallInfo::getIpAddress: IP Family: 10
06-28 16:08:24.468  1765  1936 E imsd    : ImsDsiNetCtrlWrapper.cpp | 361 | | 1936 |PdnCallInfo::getIpAddress: IP Family: 2
06-28 16:08:24.468  1765  1936 E imsd    : PdnInfoImpl.cpp | 140 | | 1936 |PdnInfoImpl: getPdnType 7 
06-28 16:08:24.468  1765  1936 E imsd    : ImsDsiNetCtrlClient.cpp | 130 | | 1936 |ImsDsiNetCtrlClient : requestNetworkService  dsi_hndl[54c4fe89]
06-28 16:08:24.468  1765  1936 E imsd    : ImsDsiNetCtrlClient.cpp | 183 | | 1936 |ImsDsiNetCtrlClient :getLinkLocalNetworkHandle called
06-28 16:08:24.472  1765  1936 E imsd    : ImsDsiNetCtrlWrapper.cpp | 175 | | 1936 |linklocal Handle [7700664333]
06-28 16:08:24.472  1765  1936 E imsd    : PdnInfoImpl.cpp | 506 | | 1936 |PdnInfoImpl: PDN bring up request successful Link Local handle [7700664333]
06-28 16:08:24.472  1765  1936 E imsd    : ImsDsiNetCtrlClient.cpp | 130 | | 1936 |ImsDsiNetCtrlClient : requestNetworkService  dsi_hndl[54c4fe89]
06-28 16:08:24.472  1765  1936 E imsd    : ImsDsiNetCtrlClient.cpp | 171 | | 1936 |ImsDsiNetCtrlClient :getDeviceName called
06-28 16:08:24.472  1765  1936 E imsd    : PdnInfoImpl.cpp | 531 | | 1936 |PdnInfoImpl: PDN bring up request successful Iface name [rmnet_data0] [4]
06-28 16:08:24.472  1765  1936 E imsd    : ImsDsiNetCtrlClient.cpp | 130 | | 1936 |ImsDsiNetCtrlClient : requestNetworkService  dsi_hndl[54c4fe89]
06-28 16:08:24.472  1765  1936 E imsd    : ImsDsiNetCtrlClient.cpp | 189 | | 1936 |ImsDsiNetCtrlClient :getMtuSize called
06-28 16:08:24.474  1765  1936 E imsd    : ImsDsiNetCtrlWrapper.cpp | 192 | | 1936 |getMtuSize: v4 mtuSize = [0] ,v6 mtuSize = [9216]
06-28 16:08:24.475  1765  1936 E imsd    : PdnInfoImpl.cpp | 538 | | 1936 |PdnInfoImpl: Successfully obtained mtuSize v4[0] v6[9216]
06-28 16:08:24.475  1765  1936 E imsd    : PdnInfoImpl.cpp | 853 | | 1936 |PdnInfoImpl: notifyEvents in event = 0, size[1]
06-28 16:08:24.475  1765  1936 E imsd    : PdnInfoImpl.cpp | 868 | | 1936 |PdnInfoImpl: notifyEvents, Qmi client id 0, Ip client id 3, client map size 1, Listener ea321580
06-28 16:08:24.475  1765  1936 E imsd    : RcsIpcReqHandler.cpp | 304 | | 1936 |MainThreadEvtHandler:: onServiceStatusChange | start
06-28 16:08:24.475  1765  1936 E imsd    : RcsIpcReqHandler.cpp | 331 | | 1936 |MainThreadEvtHandler:: onServiceStatusChange | PDP_CONNECTED
06-28 16:08:24.475  1765  1936 E imsd    : RcsIpcReqHandler.cpp | 337 | | 1936 |MainThreadEvtHandler:: onServiceStatusChange | PDP_CONNECTED | [Iface Name: [rmnet_data0]ipv6Address: [fe80::9c88:d4ff:fe18:d098]netHandle: [7700664333]]
06-28 16:08:24.475  1765  1961 E imsd    : RcsIpcReqHandler.cpp | 185 | | 1961 | linklocal: PDP_ISCONN AP V6Address: [fe80::9c88:d4ff:fe18:d098]
06-28 16:08:24.476  1765  1961 E imsd    : RcsIpcReqHandler.cpp | 186 | | 1961 | linklocal: PDP_ISCONN MDM V6Address: [fe80::c807:19a3:58ec:89ba]
06-28 16:08:24.476  1765  1961 E imsd    : RcsIpcReqHandler.cpp | 187 | | 1961 | linklocal: PDP_ISCONN MDM port: [9099]
06-28 16:08:24.476  1765  1961 E imsd    : RcsProxy.cpp | 240 | | 1961 |RcsProxyEvent received id[1]
06-28 16:08:24.476  1765  1961 E imsd    : RcsProxy.cpp | 255 | | 1961 |Either rcs mask not updated from modem[0] or BRING_UP_LINK_LOCAL_FAIL
06-28 16:08:24.477  1097  1109 E QC-time-services: Daemon: Time-services: Waiting to acceptconnection
06-28 16:08:24.477  1919  2342 E QC-time-services: Receive Passed == base = 13, unit = 1, operation = 0, result = 0
06-28 16:08:24.522  1973  1973 E QTI_SDM_INFO: [qti_rmnet_peripheral.c:768] qti_file_open():Could not open device file. Errno 2 error msg=No such file or directory
06-28 16:08:24.522  1338  2446 E FastThread: did not receive expected priority boost on time
06-28 16:08:24.579  1338  1338 E APM::VolumeCurve: Invalid device category 9 for Volume Curve
06-28 16:08:24.579  1338  1338 E APM::VolumeCurve: Invalid device category 7 for Volume Curve
06-28 16:08:24.580  1338  1338 E APM::VolumeCurve: Invalid device category 13 for Volume Curve
06-28 16:08:24.580  1338  1338 E APM::VolumeCurve: Invalid device category 10 for Volume Curve
06-28 16:08:24.725  1125  1125 E zygote64: Unable to find pattern file or unable to map it for am
06-28 16:08:25.011  1355  1364 E Diag_Lib: diag: In diag_configure_peripheral_buffering_tx_mode, request for buffer configuring pd 3
06-28 16:08:25.011  1177  1177 E Diag-Router: diag: In diag_set_peripheral_buffering_mode, peripheral 4 doesn't support buffering
06-28 16:08:25.013  1355  1364 E Diag_Lib: diag: In diag_configure_peripheral_buffering_tx_mode, request for buffer configuring pd 16
06-28 16:08:25.014  1355  1364 E sensors.qti: wait_handle_flush:373, mkfifo error: 2
06-28 16:08:25.014  1177  1177 E Diag-Router: diag: diag_config_perif_buf: Config request for buffering mode: 0
06-28 16:08:25.019  1125  1125 E Zygote  : failed write system_server pid 2456 to memcg
06-28 16:08:25.034  2456  2456 E Zygote  : process_name_ptr:2456 (null)
06-28 16:08:25.035  2456  2456 E Zygote  : SetMemoryProtected process_name_ptr:2456 (null)
06-28 16:08:25.237  1207  2464 E LOCRIL_SESSION: operator():192] SubId: 1 Failed to get sim IO with error: 38
06-28 16:08:25.240  1207  2464 E LOCRIL_SESSION: operator():227] SubId: 1 Failed to get sim IMSI with error: 38
06-28 16:08:25.358  2456  2456 E system_server: Not starting debugger since process cannot load the jdwp agent.
06-28 16:08:25.519  1904  2130 E QC-time-services: Receive Passed == base = 12, unit = 1, operation = 0, result = 0
06-28 16:08:25.520  1097  1109 E QC-time-services: Daemon: Time-services: Waiting to acceptconnection
06-28 16:08:25.522  1973  1973 E QTI_SDM_INFO: [qti_rmnet_peripheral.c:768] qti_file_open():Could not open device file. Errno 2 error msg=No such file or directory
06-28 16:08:25.524  1904  2130 E QC-time-services: Receive Passed == base = 13, unit = 1, operation = 0, result = 0
06-28 16:08:25.525  1097  1109 E QC-time-services: Daemon: Time-services: Waiting to acceptconnection
06-28 16:08:25.611  1808  1808 E cnss-daemon: no interop issues ap currently
06-28 16:08:25.649  2456  2456 E JNI_GREEZE:  start register_com_miui_server_greeze_GreezeManagerServiceNative
06-28 16:08:25.649  2456  2456 E JNI_GREEZE:  finish register_com_miui_server_greeze_GreezeManagerServiceNative
06-28 16:08:25.692  1721  1747 E ServiceUtilities: getInfo: Cannot find package_native
06-28 16:08:25.693  2483  2483 E Diag_Lib: diag: Diag_LSM_Init: invoked for pid: 2483 with init_count: 0
06-28 16:08:25.694  1177  1177 E Diag-Router: diag: unix_listen: dm with pid: 2483 and fd: 94 is registered, socket_counter: 15
06-28 16:08:25.694  2483  2483 E Diag_Lib: diag:successfully connected to socket 4
06-28 16:08:25.696  2483  2483 E Diag_Lib: diag: Diag_LSM_Init: done for pid: 2483 with init_count: 1
06-28 16:08:25.696  2483  2483 E Diag_Lib: qpLogDiagInit <== result : 1;
06-28 16:08:25.697  2483  2483 E Diag_Lib: [IMS_AP_RTP]"RTP Daemon main entry : 3e9"
06-28 16:08:25.697  2483  2483 E Diag_Lib: [IMS_AP_RTP]"RTP Daemon bLogRTPMsgs 1, bLogRTPDataMsgs 2, bLogAdbMsgs 0 bIsDebuggableBuild 0"
06-28 16:08:25.697  2483  2483 E Diag_Lib: [IMS_AP_RTP]"qvp_rtp_task_init"
06-28 16:08:25.697  2483  2483 E Diag_Lib: [IMS_AP_RTP]"ims-rtp-daemon listen done"
06-28 16:08:25.697  2483  2483 E Diag_Lib: [IMS_AP_RTP]"ims-rtp-daemon qmi_rtp_register_service >"
06-28 16:08:25.697  2483  2483 E Diag_Lib: [IMS_AP_RTP]"ims-rtp-daemon qmi_rtp_register_service rc : 0"
06-28 16:08:25.698  2483  2483 E Diag_Lib: [IMS_AP_RTP]"ims-rtp-daemon qmi_rtp_register_service service_cookie.service_handle : 0x1"
06-28 16:08:25.698  2483  2483 E Diag_Lib: [IMS_AP_RTP]"IMSRTP HIDL Service is starting."
06-28 16:08:25.698  2483  2483 E VIMSVT  : VT-Vendor:: enableImsADB 0, log_priority value 240
06-28 16:08:25.698  2483  2483 E Diag_Lib: [IMS_AP_RTP]"RTPService callback Registraton"
06-28 16:08:25.698  2483  2489 E Diag_Lib: [IMS_AP_RTP]"qvp_rtp_handle_signals call ret qpDplInitTaskInfo 1"
06-28 16:08:25.698  2483  2489 E Diag_Lib: [IMS_FATAL]| 1228 | 2489 |qpNetSetReadFds - DataD IPC socket not available
06-28 16:08:25.699  2483  2489 E Diag_Lib: [IMS_FATAL]| 1027 | 2489 |qpCheckSockEventsOnNetConnProfiles : pNetConnProfileArray NULL
06-28 16:08:25.699  1765  1936 E imsd    : DaemonBaseImpl.cpp | 121 | | 1936 |processEvents[9a31b2e0]: Event for fd[30]
06-28 16:08:25.700  1765  1936 E imsd    : ImsMain.cpp | 748 | | 1936 |ImsMain: handleEvent Switched to Ims Main thread [ImsSocketEvent]
06-28 16:08:25.700  1765  1936 E imsd    : ImsMain.cpp | 684 | | 1936 |ImsMain: socketFeature: accept_fd[54]
06-28 16:08:25.701  1765  1936 E imsd    : DaemonBaseImpl.cpp | 89 | | 1936 |addFdToListen[9a31b2e0]: adding fd[54] status[0]
06-28 16:08:25.701  1765  1936 E imsd    : ImsMain.cpp | 519 | | 1936 |ImsMain : createIpcReqHandler called for fd [54]
06-28 16:08:25.701  1765  1936 E imsd    : ImsMain.cpp | 530 | | 1936 |ImsMain : ImsIpcReqHandler already created, adding clientFd[54]
06-28 16:08:25.701  1765  1936 E imsd    : ImsIpcReqHandler.cpp | 83 | | 1936 |ImsIpcReqHandler : adding clientFd [54]
06-28 16:08:25.701  1765  1936 E imsd    : ImsMain.cpp | 533 | | 1936 |ImsMain : ImsIpcReqHandler created[9a31fc90]
06-28 16:08:25.701  2483  2490 E Diag_Lib: [IMS_AP_RTP]"ms-rtp-daemon ims_rtp_qmi_handler_thread_func >"
06-28 16:08:25.701  1765  1936 E imsd    : ImsMain.cpp | 675 | | 1936 |ImsMain: socketFeature: accept_fd failed
06-28 16:08:25.703  1765  1936 E imsd    : DaemonBaseImpl.cpp | 121 | | 1936 |processEvents[9a31b2e0]: Event for fd[54]
06-28 16:08:25.703  1765  1936 E imsd    : ImsMain.cpp | 748 | | 1936 |ImsMain: handleEvent Switched to Ims Main thread [ImsSocketEvent]
06-28 16:08:25.703  1765  1936 E imsd    : ImsMain.cpp | 607 | | 1936 |socketFeature: while loop start
06-28 16:08:25.703  1765  1936 E imsd    : ImsMain.cpp | 635 | | 1936 |socketFeature: HandleClientEvent: buffer from client [  ] readlen[12]
06-28 16:08:25.703  1765  1936 E imsd    : ImsMain.cpp | 555 | | 1936 |ImsMain: Sending the read buffer to IPC handler
06-28 16:08:25.703  1765  1936 E imsd    : ImsIpcReqHandler.cpp | 232 | | 1936 |received DataD Event[14]
06-28 16:08:25.703  1765  1936 E imsd    : ImsIpcReqHandler.cpp | 625 | | 1936 |ImsIpcReqHandler:  sendMsgToClient success
06-28 16:08:25.703  1765  1936 E imsd    : ImsMain.cpp | 642 | | 1936 |socketFeature: HandleClientEvent: end
06-28 16:08:25.703  1765  1936 E imsd    : ImsMain.cpp | 644 | | 1936 |socketFeature: while loop end
06-28 16:08:25.703  1765  1936 E imsd    : ImsMain.cpp | 607 | | 1936 |socketFeature: while loop start
06-28 16:08:25.703  1765  1936 E imsd    : ImsMain.cpp | 622 | | 1936 |handleClientEvent: recv is < 0
06-28 16:08:25.703  2483  2489 E Diag_Lib: [IMS_ERROR]| 2002 | 2489 |qpDataDaemonGetNetIdV2 : Failed on DataDaemon side , -- errorNum  0
06-28 16:08:25.704  2483  2489 E Diag_Lib: [IMS_AP_RTP]"rtp_register :: active num_users 1 "
06-28 16:08:25.711  2483  2489 E Diag_Lib: [IMS_ERROR]| 892 | 2489 |qpDataDaemon_ipc_init : Its already initialized, this should not be called twice
06-28 16:08:25.711  1765  1936 E imsd    : DaemonBaseImpl.cpp | 121 | | 1936 |processEvents[9a31b2e0]: Event for fd[54]
06-28 16:08:25.711  1765  1936 E imsd    : ImsMain.cpp | 748 | | 1936 |ImsMain: handleEvent Switched to Ims Main thread [ImsSocketEvent]
06-28 16:08:25.711  1765  1936 E imsd    : ImsMain.cpp | 607 | | 1936 |socketFeature: while loop start
06-28 16:08:25.711  1765  1936 E imsd    : ImsMain.cpp | 635 | | 1936 |socketFeature: HandleClientEvent: buffer from client [  ] readlen[12]
06-28 16:08:25.711  1765  1936 E imsd    : ImsMain.cpp | 555 | | 1936 |ImsMain: Sending the read buffer to IPC handler
06-28 16:08:25.711  1765  1936 E imsd    : ImsIpcReqHandler.cpp | 232 | | 1936 |received DataD Event[5]
06-28 16:08:25.711  1765  1936 E imsd    : ImsIpcReqHandler.cpp | 524 | | 1936 |ImsIpcReqHandler:  handleModemLLEvent
06-28 16:08:25.711  1765  1936 E imsd    : ImsMain.cpp | 1237 | | 1936 |getModemlinkLocal: 
06-28 16:08:25.711  1765  1936 E imsd    : ImsIpcReqHandler.cpp | 545 | | 1936 |ImsIpcReqHandler handleModemLLEvent, rcsSignallingPort = 9099
06-28 16:08:25.711  1765  1936 E imsd    : ImsIpcReqHandler.cpp | 546 | | 1936 |ImsIpcReqHandler handleModemLLEvent, rcsTrafficPort = 0
06-28 16:08:25.711  1765  1936 E imsd    : ImsIpcReqHandler.cpp | 547 | | 1936 |ImsIpcReqHandler handleModemLLEvent, dcSignallingPort = 0
06-28 16:08:25.711  1765  1936 E imsd    : ImsIpcReqHandler.cpp | 548 | | 1936 |ImsIpcReqHandler handleModemLLEvent, dcTrafficPort = 0
06-28 16:08:25.711  1765  1936 E imsd    : ImsIpcReqHandler.cpp | 549 | | 1936 |ImsIpcReqHandler handleModemLLEvent, ipaddr_len = 25
06-28 16:08:25.711  1765  1936 E imsd    : ImsIpcReqHandler.cpp | 550 | | 1936 |ImsIpcReqHandler handleModemLLEvent, returnVal = 0
06-28 16:08:25.711  1765  1936 E imsd    : ImsIpcReqHandler.cpp | 551 | | 1936 |ImsIpcReqHandler handleModemLLEvent, errorValue = 1
06-28 16:08:25.711  1765  1936 E imsd    : ImsIpcReqHandler.cpp | 552 | | 1936 |ImsIpcReqHandler handleModemLLEvent, ipaddress = fe80::c807:19a3:58ec:89ba
06-28 16:08:25.711  1765  1936 E imsd    : ImsIpcReqHandler.cpp | 553 | | 1936 |ImsIpcReqHandler handleModemLLEvent, iRcsFtSupported = 0
06-28 16:08:25.711  1765  1936 E imsd    : ImsIpcReqHandler.cpp | 555 | | 1936 |ImsIpcReqHandler:  handleModemLLEvent success response
06-28 16:08:25.711  1765  1936 E imsd    : ImsIpcReqHandler.cpp | 657 | | 1936 |ImsIpcReqHandler:  sendIpcMllMsg to client_fd 54
06-28 16:08:25.711  1765  1936 E imsd    : ImsIpcReqHandler.cpp | 625 | | 1936 |ImsIpcReqHandler:  sendMsgToClient success
06-28 16:08:25.711  1765  1936 E imsd    : ImsMain.cpp | 642 | | 1936 |socketFeature: HandleClientEvent: end
06-28 16:08:25.711  1765  1936 E imsd    : ImsMain.cpp | 644 | | 1936 |socketFeature: while loop end
06-28 16:08:25.711  1765  1936 E imsd    : ImsMain.cpp | 607 | | 1936 |socketFeature: while loop start
06-28 16:08:25.711  1765  1936 E imsd    : ImsMain.cpp | 622 | | 1936 |handleClientEvent: recv is < 0
06-28 16:08:25.713  1765  1936 E imsd    : DaemonBaseImpl.cpp | 121 | | 1936 |processEvents[9a31b2e0]: Event for fd[54]
06-28 16:08:25.713  1765  1936 E imsd    : ImsMain.cpp | 748 | | 1936 |ImsMain: handleEvent Switched to Ims Main thread [ImsSocketEvent]
06-28 16:08:25.713  1765  1936 E imsd    : ImsMain.cpp | 607 | | 1936 |socketFeature: while loop start
06-28 16:08:25.713  1765  1936 E imsd    : ImsMain.cpp | 635 | | 1936 |socketFeature: HandleClientEvent: buffer from client [  ] readlen[137]
06-28 16:08:25.713  1765  1936 E imsd    : ImsMain.cpp | 555 | | 1936 |ImsMain: Sending the read buffer to IPC handler
06-28 16:08:25.713  1765  1936 E imsd    : ImsIpcReqHandler.cpp | 232 | | 1936 |received DataD Event[0]
06-28 16:08:25.713  1765  1936 E imsd    : ImsCommonDef.h | 487 | | 1936 |Current [0xb5df99d0], Appid[0]
06-28 16:08:25.713  1765  1936 E imsd    : ImsCommonDef.h | 488 | | 1936 |Other [0xca31afec], Appid[20]
06-28 16:08:25.713  1765  1936 E imsd    : ImsPdnFactoryImpl.cpp | 389 | | 1936 |ImsPdnFactoryImpl::IsPdnIdReady Pdp id 20, pdn found = 1, PdnIdMap size = 1
06-28 16:08:25.713  1765  1936 E imsd    : ImsPdnFactoryImpl.cpp | 66 | | 1936 |ImsPdnFactoryImpl::createPdn called pdpReq->pdpReqInfo: eApnType [7]eFamilyType [2]eInstID [0]apnName [linklocal], client 9a31fc90, PdnInfoMap size = 1
06-28 16:08:25.713  1765  1936 E imsd    : ImsCommonDef.h | 487 | | 1936 |Current [0xb5df9a80], Appid[0]
06-28 16:08:25.713  1765  1936 E imsd    : ImsCommonDef.h | 488 | | 1936 |Other [0x2a3193b0], Appid[20]
06-28 16:08:25.713  1765  1936 E imsd    : ImsPdnFactoryImpl.cpp | 76 | | 1936 |MATCHED it.first: eApnType [7]eFamilyType [2]eInstID [0]apnName [linklocal], refcount: 1 aa31edd0 aa31edd0
06-28 16:08:25.713  1765  1936 E imsd    : ImsPdnFactoryImpl.cpp | 86 | | 1936 |ImsPdnFactoryImpl: Pdn Instance is already created 1, pdnInstance[0xaa31edd0]
06-28 16:08:25.713  1765  1936 E imsd    : PdnInfoImpl.cpp | 204 | | 1936 |PdnInfoImpl: New client inserted, qmi client id 0, ipc client id 0 
06-28 16:08:25.713  1765  1936 E imsd    : ImsPdnFactoryImpl.cpp | 90 | | 1936 |ImsPdnFactoryImpl: refcount now incremented 2, pdnInstance[0xaa31edd0]
06-28 16:08:25.713  1765  1936 E imsd    : PdnInfoImpl.cpp | 122 | | 1936 |PdnInfoImp: isDsiNetHandleValid [ 1 ]
06-28 16:08:25.713  1765  1936 E imsd    : ImsIpcReqHandler.cpp | 415 | | 1936 |ImsIpcReqHandler : handleGetServiceHandle - Send DATAD_GET_HANDLE resp
06-28 16:08:25.713  1765  1936 E imsd    : ImsIpcReqHandler.cpp | 625 | | 1936 |ImsIpcReqHandler:  sendMsgToClient success
06-28 16:08:25.713  1765  1936 E imsd    : ImsMain.cpp | 642 | | 1936 |socketFeature: HandleClientEvent: end
06-28 16:08:25.713  1765  1936 E imsd    : ImsMain.cpp | 644 | | 1936 |socketFeature: while loop end
06-28 16:08:25.713  1765  1936 E imsd    : ImsMain.cpp | 607 | | 1936 |socketFeature: while loop start
06-28 16:08:25.713  1765  1936 E imsd    : ImsMain.cpp | 622 | | 1936 |handleClientEvent: recv is < 0
06-28 16:08:25.715  1765  1936 E imsd    : DaemonBaseImpl.cpp | 121 | | 1936 |processEvents[9a31b2e0]: Event for fd[54]
06-28 16:08:25.715  1765  1936 E imsd    : ImsMain.cpp | 748 | | 1936 |ImsMain: handleEvent Switched to Ims Main thread [ImsSocketEvent]
06-28 16:08:25.715  1765  1936 E imsd    : ImsMain.cpp | 607 | | 1936 |socketFeature: while loop start
06-28 16:08:25.715  1765  1936 E imsd    : ImsMain.cpp | 635 | | 1936 |socketFeature: HandleClientEvent: buffer from client [  ] readlen[33]
06-28 16:08:25.715  1765  1936 E imsd    : ImsMain.cpp | 555 | | 1936 |ImsMain: Sending the read buffer to IPC handler
06-28 16:08:25.715  1765  1936 E imsd    : ImsIpcReqHandler.cpp | 232 | | 1936 |received DataD Event[1]
06-28 16:08:25.715  1765  1936 E imsd    : ImsIpcReqHandler.cpp | 460 | | 1936 |Received DATAD_START_SERVICE req
06-28 16:08:25.715  1765  1936 E imsd    : PdnInfoImpl.cpp | 316 | | 1936 |PdnInfoImpl: PDN connected 
06-28 16:08:25.715  1765  1936 E imsd    : ImsIpcReqHandler.cpp | 679 | | 1936 |onServiceStatusChange: received event[0], AppId[20]
06-28 16:08:25.715  1765  1936 E imsd    : ImsIpcReqHandler.cpp | 730 | | 1936 |onServiceStatusChange: received AppId[20]
06-28 16:08:25.715  1765  1936 E imsd    : ImsIpcReqHandler.cpp | 625 | | 1936 |ImsIpcReqHandler:  sendMsgToClient success
06-28 16:08:25.715  1765  1936 E imsd    : ImsIpcReqHandler.cpp | 486 | | 1936 |attempting  DATAD_START_SERVICE resp
06-28 16:08:25.715  1765  1936 E imsd    : ImsIpcReqHandler.cpp | 625 | | 1936 |ImsIpcReqHandler:  sendMsgToClient success
06-28 16:08:25.715  1765  1936 E imsd    : ImsMain.cpp | 642 | | 1936 |socketFeature: HandleClientEvent: end
06-28 16:08:25.715  1765  1936 E imsd    : ImsMain.cpp | 644 | | 1936 |socketFeature: while loop end
06-28 16:08:25.715  1765  1936 E imsd    : ImsMain.cpp | 607 | | 1936 |socketFeature: while loop start
06-28 16:08:25.715  1765  1936 E imsd    : ImsMain.cpp | 622 | | 1936 |handleClientEvent: recv is < 0
06-28 16:08:25.716  2483  2489 E Diag_Lib: [IMS_ERROR]| 1546 | 2489 |qpDataD_ipc_getIpAddress : Enter
06-28 16:08:25.716  2483  2489 E Diag_Lib: [IMS_ERROR]| 1588 | 2489 |qpDataD_ipc_getIpAddress : IPV6 case. ip fe80::9c88:d4ff:fe18:d098
06-28 16:08:25.716  2483  2489 E Diag_Lib: [IMS_ERROR]| 1390 | 2489 |qpDataD_ipc_startService : Success
06-28 16:08:25.717  2483  2489 E Diag_Lib: [IMS_ERROR]| 1500 | 2489 |qpDataD_ipc_getLinkLocalNetHandle_V2 : Enter
06-28 16:08:25.718  2456  2456 E ExtMediaBase_JNI: JNI_OnLoad
06-28 16:08:25.718  2456  2456 E MiuiAudioRecord_JNI: register_android_media_Xlog
06-28 16:08:25.719  2483  2489 E Diag_Lib: [IMS_AP_E] 1867 | 2489 | qpdplV2.c : calling qpPushEventToEventQueue
06-28 16:08:25.719  2483  2489 E Diag_Lib: qvp_rtp_media_init
06-28 16:08:25.719  2483  2489 E Diag_Lib: [IMS_AP_RTP]"rtp_register :: active num_users 2 "
06-28 16:08:25.719  2483  2489 E Diag_Lib: qvp_rtp_media_init
06-28 16:08:25.719  2483  2489 E Diag_Lib: [IMS_AP_RTP]"qvp_rtp_media_init_pvt: Media is already inited for Video"
06-28 16:08:25.719  2483  2489 E Diag_Lib: [IMS_FATAL]| 335 | 2489 |SingoConfig::Init()| FATAL error cannot recover: Unable to get DPLConfig
06-28 16:08:25.719  2483  2489 E Diag_Lib: [IMS_FATAL]| 48 | 2489 |InitServiceModules | pSingoConfig->Init() Failed
06-28 16:08:25.719  2483  2489 E Diag_Lib: [IMS_AP_RTP]"qvp_rtp_notify_dpl_init_pvt : DPL initialized \r\n"
06-28 16:08:25.719  2483  2489 E Diag_Lib: [IMS_ERROR]| 1500 | 2489 |qpDataD_ipc_getLinkLocalNetHandle_V2 : Enter
06-28 16:08:25.720  2483  2489 E Diag_Lib: [IMS_ERROR]| 3751 | 2489 |SocketRealize: NET_IFACE_LINK_LOCAL not tethered or routable
06-28 16:08:25.721  2483  2489 E Diag_Lib: [IMS_AP_RTP]"qvp_rtp_redun_task_init"
06-28 16:08:25.722  2483  2489 E Diag_Lib: DPL : gIsQXDMDisabled 0, gIsADBDisabled 1, gIsDebugDisabled 0, gIsIMSLogsDisabled 0 gIsDebugDataPathDisabled = 0
06-28 16:08:25.722  2483  2501 E Diag_Lib: [IMS_AP_RTP]"qvp_rtp_redun_handler: rtp redun task started"
06-28 16:08:25.723  2483  2501 E Diag_Lib: [IMS_AP_RTP]"qvp_rtp_initialize_rtpredunoemlib: oem lib is NULL"
06-28 16:08:25.723  2483  2501 E Diag_Lib: [IMS_AP_RTP]"qvp_rtp_redun_handler: failed to initialize oem lib"
06-28 16:08:25.814  2456  2456 E MiuiBpfService: Here we starting MiuiBpfService...
06-28 16:08:26.033  1791  1791 E qsap_qapeservice: QESDK service init
06-28 16:08:26.033  1791  1791 E qsap_qapeservice: Failed to connect to QESDK Manager (connection failed No such file or directory)
06-28 16:08:26.034  1791  1791 E ANDR-PERF-QESDK: Perf Client failed to init, exiting
06-28 16:08:26.034  1791  1791 E ANDR-PERF-QESDK: Retry fail to init perf qesdk client
06-28 16:08:26.078  1737  1737 E storaged: getService package_native failed
06-28 16:08:26.118  2456  2456 E MQSEventManagerDelegate: failed to get MQSService.
06-28 16:08:26.154  2456  2456 E system_server: register_com_android_server_ScoutSystemMonitor failed!
06-28 16:08:26.261  1826  1938 E qcc-vendor: No session for module 991063477 get_session
06-28 16:08:26.265  1826  1938 E qcc-vendor: No session for module 1504 get_session
06-28 16:08:26.266  1828  1906 E qcc-trd-mps: mps_qmi_init: failed to init qmi. err:-3
06-28 16:08:26.266  1828  1906 E qcc-trd-mps: qmi_handler: failed to init qmi. err:-3
06-28 16:08:26.268  1826  1938 E qcc-vendor: No session for module 1503 get_session
06-28 16:08:26.330  2456  2456 E FileIntegrityService: Invalid certificate, ignored: java.security.cert.CertificateException: com.android.org.conscrypt.OpenSSLX509CertificateFactory$ParsingException: com.android.org.conscrypt.OpenSSLX509CertificateFactory$ParsingException: java.lang.RuntimeException: error:0c00006d:ASN.1 encoding routines:OPENSSL_internal:DECODE_ERROR
06-28 16:08:26.332  2456  2456 E FileIntegrityService: Invalid certificate, ignored: java.security.cert.CertificateException: com.android.org.conscrypt.OpenSSLX509CertificateFactory$ParsingException: com.android.org.conscrypt.OpenSSLX509CertificateFactory$ParsingException: java.lang.RuntimeException: error:0c00006d:ASN.1 encoding routines:OPENSSL_internal:DECODE_ERROR
06-28 16:08:26.376  2456  2456 E PowerStatsService: Unable to get power.stats HAL service.
06-28 16:08:26.377  2456  2456 E PowerStatsService: nativeInit failed to connect to power.stats HAL
06-28 16:08:26.380  2456  2456 E HidlServiceManagement: Service android.frameworks.stats@1.0::IStats/default must be in VINTF manifest in order to register/get.
06-28 16:08:26.522  1973  1973 E QTI_SDM_INFO: [qti_rmnet_peripheral.c:768] qti_file_open():Could not open device file. Errno 2 error msg=No such file or directory
06-28 16:08:26.797  1746  2042 E misight : CreateDirectory mkdir /data/vendor/bsplog/touch failed, /data/vendor/bsplog/touch, err:Permission denied
06-28 16:08:26.850  2456  2456 E MiSpeedRecord: PerfShielderService is now down!
06-28 16:08:26.852  2456  2456 E MiSpeedRecord: initApplicationInfo Error
06-28 16:08:26.878  2456  2456 E ServiceManager: error in isDeclared
06-28 16:08:26.878  2456  2456 E ServiceManager: java.lang.SecurityException: SELinux denied.
06-28 16:08:26.878  2456  2456 E ServiceManager: 	at android.os.Parcel.createExceptionOrNull(Parcel.java:3256)
06-28 16:08:26.878  2456  2456 E ServiceManager: 	at android.os.Parcel.createException(Parcel.java:3240)
06-28 16:08:26.878  2456  2456 E ServiceManager: 	at android.os.Parcel.readException(Parcel.java:3223)
06-28 16:08:26.878  2456  2456 E ServiceManager: 	at android.os.Parcel.readException(Parcel.java:3165)
06-28 16:08:26.878  2456  2456 E ServiceManager: 	at android.os.IServiceManager$Stub$Proxy.isDeclared(IServiceManager.java:540)
06-28 16:08:26.878  2456  2456 E ServiceManager: 	at android.os.ServiceManagerProxy.isDeclared(ServiceManagerNative.java:90)
06-28 16:08:26.878  2456  2456 E ServiceManager: 	at android.os.ServiceManager.isDeclared(ServiceManager.java:296)
06-28 16:08:26.878  2456  2456 E ServiceManager: 	at com.android.server.am.ActiveServices.<init>(ActiveServices.java:844)
06-28 16:08:26.878  2456  2456 E ServiceManager: 	at com.android.server.am.ActivityManagerService.<init>(ActivityManagerService.java:2830)
06-28 16:08:26.878  2456  2456 E ServiceManager: 	at com.android.server.am.ActivityManagerService$Lifecycle.<init>(ActivityManagerService.java:2542)
06-28 16:08:26.878  2456  2456 E ServiceManager: 	at java.lang.reflect.Constructor.newInstance0(Native Method)
06-28 16:08:26.878  2456  2456 E ServiceManager: 	at java.lang.reflect.Constructor.newInstance(Constructor.java:343)
06-28 16:08:26.878  2456  2456 E ServiceManager: 	at com.android.server.SystemServiceManager.startService(SystemServiceManager.java:251)
06-28 16:08:26.878  2456  2456 E ServiceManager: 	at com.android.server.am.ActivityManagerService$Lifecycle.startService(ActivityManagerService.java:2548)
06-28 16:08:26.878  2456  2456 E ServiceManager: 	at com.android.server.SystemServer.startBootstrapServices(SystemServer.java:1282)
06-28 16:08:26.878  2456  2456 E ServiceManager: 	at com.android.server.SystemServer.run(SystemServer.java:1030)
06-28 16:08:26.878  2456  2456 E ServiceManager: 	at com.android.server.SystemServer.main(SystemServer.java:727)
06-28 16:08:26.878  2456  2456 E ServiceManager: 	at java.lang.reflect.Method.invoke(Native Method)
06-28 16:08:26.878  2456  2456 E ServiceManager: 	at com.android.internal.os.RuntimeInit$MethodAndArgsCaller.run(RuntimeInit.java:593)
06-28 16:08:26.878  2456  2456 E ServiceManager: 	at com.android.internal.os.ZygoteInit.main(ZygoteInit.java:914)
06-28 16:08:27.014  1355  1368 E sensors.qti: diag_mdlog_capture:323, fail to change permission on diag_odl_file, err = 2, No such file or directory
06-28 16:08:27.047  2456  2542 E BatteryStatsService: Unable to load Power.Stats.HAL. Setting rail availability to false
06-28 16:08:27.051  2456  2542 E BluetoothAdapter: Bluetooth service is null
06-28 16:08:27.191   854  2253 E android.system.suspend-service: Error opening max_time_ms for wakeup30: Permission denied
06-28 16:08:27.191   854  2253 E android.system.suspend-service: Error opening wakeup_count for wakeup30: Permission denied
06-28 16:08:27.191   854  2253 E android.system.suspend-service: Error opening total_time_ms for wakeup30: Permission denied
06-28 16:08:27.191   854  2253 E android.system.suspend-service: Error opening expire_count for wakeup30: Permission denied
06-28 16:08:27.191   854  2253 E android.system.suspend-service: Error opening active_count for wakeup30: Permission denied
06-28 16:08:27.191   854  2253 E android.system.suspend-service: Error opening last_change_ms for wakeup30: Permission denied
06-28 16:08:27.191   854  2253 E android.system.suspend-service: Error opening prevent_suspend_time_ms for wakeup30: Permission denied
06-28 16:08:27.191   854  2253 E android.system.suspend-service: Error opening name for wakeup30: Permission denied
06-28 16:08:27.191   854  2253 E android.system.suspend-service: Error opening active_time_ms for wakeup30: Permission denied
06-28 16:08:27.219   854  2253 E android.system.suspend-service: Error opening event_count for wakeup29: Permission denied
06-28 16:08:27.219   854  2253 E android.system.suspend-service: Error opening max_time_ms for wakeup29: Permission denied
06-28 16:08:27.219   854  2253 E android.system.suspend-service: Error opening wakeup_count for wakeup29: Permission denied
06-28 16:08:27.219   854  2253 E android.system.suspend-service: Error opening total_time_ms for wakeup29: Permission denied
06-28 16:08:27.220   854  2253 E android.system.suspend-service: Error opening expire_count for wakeup29: Permission denied
06-28 16:08:27.220   854  2253 E android.system.suspend-service: Error opening active_count for wakeup29: Permission denied
06-28 16:08:27.220   854  2253 E android.system.suspend-service: Error opening last_change_ms for wakeup29: Permission denied
06-28 16:08:27.221   854  2253 E android.system.suspend-service: Error opening prevent_suspend_time_ms for wakeup29: Permission denied
06-28 16:08:27.221   854  2253 E android.system.suspend-service: Error opening name for wakeup29: Permission denied
06-28 16:08:27.221   854  2253 E android.system.suspend-service: Error opening active_time_ms for wakeup29: Permission denied
06-28 16:08:27.306   854  2253 E android.system.suspend-service: Error opening event_count for wakeup8: Permission denied
06-28 16:08:27.307   854  2253 E android.system.suspend-service: Error opening max_time_ms for wakeup8: Permission denied
06-28 16:08:27.308   854  2253 E android.system.suspend-service: Error opening wakeup_count for wakeup8: Permission denied
06-28 16:08:27.308   854  2253 E android.system.suspend-service: Error opening total_time_ms for wakeup8: Permission denied
06-28 16:08:27.308   854  2253 E android.system.suspend-service: Error opening expire_count for wakeup8: Permission denied
06-28 16:08:27.308   854  2253 E android.system.suspend-service: Error opening active_count for wakeup8: Permission denied
06-28 16:08:27.308   854  2253 E android.system.suspend-service: Error opening last_change_ms for wakeup8: Permission denied
06-28 16:08:27.309   854  2253 E android.system.suspend-service: Error opening prevent_suspend_time_ms for wakeup8: Permission denied
06-28 16:08:27.309   854  2253 E android.system.suspend-service: Error opening name for wakeup8: Permission denied
06-28 16:08:27.310   854  2253 E android.system.suspend-service: Error opening active_time_ms for wakeup8: Permission denied
06-28 16:08:27.378  1250  1250 E ANDR-PERF-GLUELAYER: ANDR-PERF-GLUELAYER: PerfGlueLayerSubmitRequest() 96: Request not Submitted as Target Init is not Complete
06-28 16:08:27.411  1246  1246 E vendor.qti.lights: Couldn't open /sys/class/leds/red/brightness
06-28 16:08:27.483  2456  2511 E LocalDisplayAdapter: Can't find display mode with id -1
06-28 16:08:27.523  1973  1973 E QTI_SDM_INFO: [qti_rmnet_peripheral.c:768] qti_file_open():Could not open device file. Errno 2 error msg=No such file or directory
06-28 16:08:27.652  2456  2456 E PKMSImpl: initCotaApps fail: /product/opcust/common/carrier_sys_apps_list.xml: open failed: ENOENT (No such file or directory)
06-28 16:08:28.207  2456  2456 E AconfigFlags: Failed to read Aconfig values from /vendor/etc/aconfig_flags.pb
06-28 16:08:28.207  2456  2456 E AconfigFlags: java.io.FileNotFoundException: /vendor/etc/aconfig_flags.pb: open failed: ENOENT (No such file or directory)
06-28 16:08:28.207  2456  2456 E AconfigFlags: 	at libcore.io.IoBridge.open(IoBridge.java:574)
06-28 16:08:28.207  2456  2456 E AconfigFlags: 	at java.io.FileInputStream.<init>(FileInputStream.java:179)
06-28 16:08:28.207  2456  2456 E AconfigFlags: 	at java.io.FileInputStream.<init>(FileInputStream.java:133)
06-28 16:08:28.207  2456  2456 E AconfigFlags: 	at com.android.internal.pm.pkg.component.AconfigFlags.<init>(AconfigFlags.java:71)
06-28 16:08:28.207  2456  2456 E AconfigFlags: 	at com.android.internal.pm.pkg.parsing.ParsingPackageUtils.<clinit>(ParsingPackageUtils.java:296)
06-28 16:08:28.207  2456  2456 E AconfigFlags: 	at com.android.internal.pm.parsing.PackageParser2.<init>(PackageParser2.java:99)
06-28 16:08:28.207  2456  2456 E AconfigFlags: 	at com.android.server.pm.PackageManagerService.lambda$main$27(PackageManagerService.java:1756)
06-28 16:08:28.207  2456  2456 E AconfigFlags: 	at com.android.server.pm.PackageManagerService$$ExternalSyntheticLambda34.produce(D8$$SyntheticClass:0)
06-28 16:08:28.207  2456  2456 E AconfigFlags: 	at com.android.server.pm.PackageManagerServiceInjector.getScanningCachingPackageParser(PackageManagerServiceInjector.java:366)
06-28 16:08:28.207  2456  2456 E AconfigFlags: 	at com.android.server.pm.PackageManagerService.<init>(PackageManagerService.java:2359)
06-28 16:08:28.207  2456  2456 E AconfigFlags: 	at com.android.server.pm.PackageManagerService.main(PackageManagerService.java:1794)
06-28 16:08:28.207  2456  2456 E AconfigFlags: 	at com.android.server.SystemServer.startBootstrapServices(SystemServer.java:1382)
06-28 16:08:28.207  2456  2456 E AconfigFlags: 	at com.android.server.SystemServer.run(SystemServer.java:1030)
06-28 16:08:28.207  2456  2456 E AconfigFlags: 	at com.android.server.SystemServer.main(SystemServer.java:727)
06-28 16:08:28.207  2456  2456 E AconfigFlags: 	at java.lang.reflect.Method.invoke(Native Method)
06-28 16:08:28.207  2456  2456 E AconfigFlags: 	at com.android.internal.os.RuntimeInit$MethodAndArgsCaller.run(RuntimeInit.java:593)
06-28 16:08:28.207  2456  2456 E AconfigFlags: 	at com.android.internal.os.ZygoteInit.main(ZygoteInit.java:914)
06-28 16:08:28.207  2456  2456 E AconfigFlags: Caused by: android.system.ErrnoException: open failed: ENOENT (No such file or directory)
06-28 16:08:28.207  2456  2456 E AconfigFlags: 	at libcore.io.Linux.open(Native Method)
06-28 16:08:28.207  2456  2456 E AconfigFlags: 	at libcore.io.ForwardingOs.open(ForwardingOs.java:563)
06-28 16:08:28.207  2456  2456 E AconfigFlags: 	at libcore.io.BlockGuardOs.open(BlockGuardOs.java:274)
06-28 16:08:28.207  2456  2456 E AconfigFlags: 	at libcore.io.IoBridge.open(IoBridge.java:560)
06-28 16:08:28.207  2456  2456 E AconfigFlags: 	... 16 more
06-28 16:08:28.370  1177  1188 E Diag-Router: diag: failed to create control node for slate_adsp
06-28 16:08:28.370  1177  1188 E Diag-Router: diag: diag_glinkpkt_open_thread: Glinkpkt_open failed for perif: 13 with err: -1, retry_cnt: 1
06-28 16:08:28.375  1177  1187 E Diag-Router: diag: failed to create control node for slate_apps
06-28 16:08:28.375  1177  1187 E Diag-Router: diag: diag_glinkpkt_open_thread: Glinkpkt_open failed for perif: 12 with err: -1, retry_cnt: 1
06-28 16:08:28.523  1973  1973 E QTI_SDM_INFO: [qti_rmnet_peripheral.c:768] qti_file_open():Could not open device file. Errno 2 error msg=No such file or directory
06-28 16:08:29.523  1973  1973 E QTI_SDM_INFO: [qti_rmnet_peripheral.c:768] qti_file_open():Could not open device file. Errno 2 error msg=No such file or directory
06-28 16:08:30.409  1123  1131 E statsd  : Uid 1000 does not have the android.permission.REGISTER_STATS_PULL_ATOM permission when registering atom 10205 (-1)
06-28 16:08:30.475  2456  2570 E system_server: Failed to open APK '/product/priv-app/Contacts/Contacts.apk': Invalid file
06-28 16:08:30.477  2456  2572 E system_server: Failed to open APK '/product/priv-app/Dialer/Dialer.apk': Invalid file
06-28 16:08:30.505  2456  2572 E system_server: Failed to open APK '/product/app/Calendar/Calendar.apk': Invalid file
06-28 16:08:30.524  1973  1973 E QTI_SDM_INFO: [qti_rmnet_peripheral.c:768] qti_file_open():Could not open device file. Errno 2 error msg=No such file or directory
06-28 16:08:30.593  2456  2573 E system_server: Failed to open APK '/product/app/messaging/messaging.apk': Invalid file
06-28 16:08:30.645  2456  2572 E system_server: Failed to open APK '/system_ext/priv-app/MtkContacts/MtkContacts.apk': Invalid file
06-28 16:08:30.656  2456  2456 E PackageManager: updateSharedLibraries failed: 
06-28 16:08:30.656  2456  2456 E PackageManager: com.android.server.pm.PackageManagerException: Package com.xiaomi.micloud.sdk requires unavailable shared library com.miui.system; failing!
06-28 16:08:30.656  2456  2456 E PackageManager: 	at com.android.server.pm.SharedLibrariesImpl.collectSharedLibraryInfos(SharedLibrariesImpl.java:993)
06-28 16:08:30.656  2456  2456 E PackageManager: 	at com.android.server.pm.SharedLibrariesImpl.collectSharedLibraryInfos(SharedLibrariesImpl.java:927)
06-28 16:08:30.656  2456  2456 E PackageManager: 	at com.android.server.pm.SharedLibrariesImpl.updateSharedLibraries(SharedLibrariesImpl.java:547)
06-28 16:08:30.656  2456  2456 E PackageManager: 	at com.android.server.pm.SharedLibrariesImpl.commitSharedLibraryChanges(SharedLibrariesImpl.java:652)
06-28 16:08:30.656  2456  2456 E PackageManager: 	at com.android.server.pm.InstallPackageHelper.commitPackageSettings(InstallPackageHelper.java:608)
06-28 16:08:30.656  2456  2456 E PackageManager: 	at com.android.server.pm.InstallPackageHelper.commitReconciledScanResultLocked(InstallPackageHelper.java:520)
06-28 16:08:30.656  2456  2456 E PackageManager: 	at com.android.server.pm.InstallPackageHelper.addForInitLI(InstallPackageHelper.java:4051)
06-28 16:08:30.656  2456  2456 E PackageManager: 	at com.android.server.pm.InstallPackageHelper.installPackagesFromDir(InstallPackageHelper.java:3850)
06-28 16:08:30.656  2456  2456 E PackageManager: 	at com.android.server.pm.InitAppsHelper.scanDirTracedLI(InitAppsHelper.java:411)
06-28 16:08:30.656  2456  2456 E PackageManager: 	at com.android.server.pm.InitAppsHelper.scanSystemDirs(InitAppsHelper.java:379)
06-28 16:08:30.656  2456  2456 E PackageManager: 	at com.android.server.pm.InitAppsHelper.initSystemApps(InitAppsHelper.java:184)
06-28 16:08:30.656  2456  2456 E PackageManager: 	at com.android.server.pm.PackageManagerService.<init>(PackageManagerService.java:2360)
06-28 16:08:30.656  2456  2456 E PackageManager: 	at com.android.server.pm.PackageManagerService.main(PackageManagerService.java:1794)
06-28 16:08:30.656  2456  2456 E PackageManager: 	at com.android.server.SystemServer.startBootstrapServices(SystemServer.java:1382)
06-28 16:08:30.656  2456  2456 E PackageManager: 	at com.android.server.SystemServer.run(SystemServer.java:1030)
06-28 16:08:30.656  2456  2456 E PackageManager: 	at com.android.server.SystemServer.main(SystemServer.java:727)
06-28 16:08:30.656  2456  2456 E PackageManager: 	at java.lang.reflect.Method.invoke(Native Method)
06-28 16:08:30.656  2456  2456 E PackageManager: 	at com.android.internal.os.RuntimeInit$MethodAndArgsCaller.run(RuntimeInit.java:593)
06-28 16:08:30.656  2456  2456 E PackageManager: 	at com.android.internal.os.ZygoteInit.main(ZygoteInit.java:914)
06-28 16:08:30.699  2456  2570 E system_server: Failed to open APK '/system_ext/app/MtkCalendar/MtkCalendar.apk': Invalid file
06-28 16:08:31.034  1791  1791 E qsap_qapeservice: QESDK service init
06-28 16:08:31.034  1791  1791 E qsap_qapeservice: Failed to connect to QESDK Manager (connection failed No such file or directory)
06-28 16:08:31.034  1791  1791 E ANDR-PERF-QESDK: Perf Client failed to init, exiting
06-28 16:08:31.034  1791  1791 E ANDR-PERF-QESDK: Retry fail to init perf qesdk client
06-28 16:08:31.117  1737  2505 E storaged: getService package_native failed
06-28 16:08:31.385  1207  2464 E LOCRIL_SESSION: operator():192] SubId: 1 Failed to get sim IO with error: 38
06-28 16:08:31.386  1353  2580 E tftp_server: pid=1353 tid=2580 tftp-server : ERR :[tftp_os_la.c, 70] open failed: [2] [No such file or directory]
06-28 16:08:31.386  1353  2580 E tftp_server: pid=1353 tid=2580 tftp-server : ERR :[tftp_server.c, 1751] open failed : [-2] [Unknown error -2]
06-28 16:08:31.386  1353  2580 E tftp_server: pid=1353 tid=2580 tftp-server : ERR :[tftp_protocol.c, 1231] sending error-pkt. Code = 1, Msg = Err=2 String=No such file or directory
06-28 16:08:31.390  1207  2464 E LOCRIL_SESSION: operator():227] SubId: 1 Failed to get sim IMSI with error: 38
06-28 16:08:31.421  1207  1242 E IzatSvc_IzatManager: Exiting with error reportOptinStatus line 619 "-1"
06-28 16:08:31.422  1207  1261 E LocSvc_IzatApiV02: Success at the 1st try, index 0
06-28 16:08:31.422  1207  1261 E LocSvc_IzatApiV02: Success at the 1st try, index 1
06-28 16:08:31.422  1207  1261 E LocSvc_IzatApiV02: Success at the 1st try, index 2
06-28 16:08:31.423  1207  1261 E LocSvc_IzatApiV02: Success at the 1st try, index 3
06-28 16:08:31.423  1207  1261 E LocSvc_IzatApiV02: Success at the 1st try, index 4
06-28 16:08:31.524  1973  1973 E QTI_SDM_INFO: [qti_rmnet_peripheral.c:785] qti_file_open():Could not open device file. Abort. Errno 2 error msg=No such file or directory
06-28 16:08:31.524  1973  1973 E QTI_SDM_INFO: [qti_rmnet_peripheral.c:867] qti_rmnet_ph_init():Failed to open MHI peripheral device file. Abort. Error 2
06-28 16:08:31.524  1973  1973 E QTI_SDM_INFO: [qti_rmnet_dpm.c:577] dpm_service_available_cb():DPM_INIT
06-28 16:08:31.901  2456  2456 E PackageManager: updateAllSharedLibrariesLPw failed: Package com.qualcomm.location requires unavailable shared library izat.xt.srv; failing!
06-28 16:08:31.902  2456  2456 E PackageManager: updateAllSharedLibrariesLPw failed: Package com.fingerprints.sensortesttool requires unavailable shared library com.fingerprints.extension; failing!
06-28 16:08:31.904  2456  2456 E PackageManager: updateAllSharedLibrariesLPw failed: Package com.qti.snapdragon.qdcm_ff requires unavailable shared library vendor.display.color.V1_0.IDisplayColor; failing!
06-28 16:08:31.905  2456  2456 E PackageManager: updateAllSharedLibrariesLPw failed: Package com.novatek.novavis requires unavailable shared library com.novatek.framework; failing!
06-28 16:08:31.907  2456  2456 E PackageManager: updateAllSharedLibrariesLPw failed: Package com.qualcomm.wfd.service requires unavailable native shared library .WfdService; failing!
06-28 16:08:31.908  2456  2456 E PackageManager: updateAllSharedLibrariesLPw failed: Package com.qualcomm.qti.uceShimService requires unavailable shared library com.qualcomm.qti.uceservice-V2.0-java; failing!
06-28 16:08:32.532  1704  1735 E idmap2d : failed to retrieve loaded package at index 0 -> failed to generate resource map for '/product/overlay/TelephonyProvider__nosdcard__auto_generated_characteristics_rro.apk'
06-28 16:08:32.549  1704  1735 E idmap2d : failed to retrieve loaded package at index 0 -> failed to generate resource map for '/product/overlay/MiuiSettingsResOverlay.apk'
06-28 16:08:32.552  1704  1735 E idmap2d : failed to retrieve loaded package at index 0 -> failed to generate resource map for '/product/overlay/MiuiSystemSdkResOverlay.apk'
06-28 16:08:32.790  1704  1704 E idmap2d : no resources were overlaid
06-28 16:08:32.806  1704  1704 E idmap2d : no resources were overlaid
06-28 16:08:32.812  1704  1735 E idmap2d : failed to retrieve loaded package at index 0 -> failed to generate resource map for '/product/overlay/MiuiCustomizeLockscreenOverlay.apk'
06-28 16:08:32.825  1704  2630 E idmap2d : failed to retrieve loaded package at index 0 -> failed to generate resource map for '/product/overlay/MiuiSystemUIResOverlay.apk'
06-28 16:08:32.850  1704  2630 E idmap2d : failed to retrieve loaded package at index 0 -> failed to generate resource map for '/product/overlay/TeleService__nosdcard__auto_generated_characteristics_rro.apk'
06-28 16:08:32.856  1704  2630 E idmap2d : failed to retrieve loaded package at index 0 -> failed to generate resource map for '/product/overlay/MiuiGlobalLockscreenOverlay.apk'
06-28 16:08:32.861  1704  2630 E idmap2d : failed to retrieve loaded package at index 0 -> failed to generate resource map for '/product/overlay/SettingsProviderCustResOverlay.apk'
06-28 16:08:32.863  1704  2630 E idmap2d : failed to retrieve loaded package at index 0 -> failed to generate resource map for '/product/overlay/MIWallpaperOverlay.apk'
06-28 16:08:32.884  1704  2630 E idmap2d : failed to retrieve loaded package at index 0 -> failed to generate resource map for '/product/overlay/CompanionDeviceManager__nosdcard__auto_generated_characteristics_rro.apk'
06-28 16:08:32.900  1704  2630 E idmap2d : no resources were overlaid
06-28 16:08:32.948  1219  1219 E TouchSensorLargeArea: Active Failed, enable = 0 !
06-28 16:08:32.961  2456  2476 E ServiceManager: error in isDeclared
06-28 16:08:32.961  2456  2476 E ServiceManager: java.lang.SecurityException: SELinux denied.
06-28 16:08:32.961  2456  2476 E ServiceManager: 	at android.os.Parcel.createExceptionOrNull(Parcel.java:3256)
